ARM GAS  C:\Users\LINETT~1\AppData\Local\Temp\ccJzLVVd.s 			page 1


   1              		.cpu cortex-m0
   2              		.fpu softvfp
   3              		.eabi_attribute 20, 1
   4              		.eabi_attribute 21, 1
   5              		.eabi_attribute 23, 3
   6              		.eabi_attribute 24, 1
   7              		.eabi_attribute 25, 1
   8              		.eabi_attribute 26, 1
   9              		.eabi_attribute 30, 6
  10              		.eabi_attribute 34, 0
  11              		.eabi_attribute 18, 4
  12              		.code	16
  13              		.file	"cyfitter_cfg.c"
  14              		.text
  15              	.Ltext0:
  16              		.cfi_sections	.debug_frame
  17              		.section	.text.CYMEMZERO,"ax",%progbits
  18              		.align	2
  19              		.code	16
  20              		.thumb_func
  21              		.type	CYMEMZERO, %function
  22              	CYMEMZERO:
  23              	.LFB2:
  24              		.file 1 ".\\Generated_Source\\PSoC4\\cyfitter_cfg.c"
   1:.\Generated_Source\PSoC4/cyfitter_cfg.c **** /*******************************************************************************
   2:.\Generated_Source\PSoC4/cyfitter_cfg.c **** * File Name: cyfitter_cfg.c
   3:.\Generated_Source\PSoC4/cyfitter_cfg.c **** * 
   4:.\Generated_Source\PSoC4/cyfitter_cfg.c **** * PSoC Creator  3.3 SP1
   5:.\Generated_Source\PSoC4/cyfitter_cfg.c **** *
   6:.\Generated_Source\PSoC4/cyfitter_cfg.c **** * Description:
   7:.\Generated_Source\PSoC4/cyfitter_cfg.c **** * This file contains device initialization code.
   8:.\Generated_Source\PSoC4/cyfitter_cfg.c **** * Except for the user defined sections in CyClockStartupError(), this file should not be modified.
   9:.\Generated_Source\PSoC4/cyfitter_cfg.c **** * This file is automatically generated by PSoC Creator.
  10:.\Generated_Source\PSoC4/cyfitter_cfg.c **** *
  11:.\Generated_Source\PSoC4/cyfitter_cfg.c **** ********************************************************************************
  12:.\Generated_Source\PSoC4/cyfitter_cfg.c **** * Copyright (c) 2007-2015 Cypress Semiconductor.  All rights reserved.
  13:.\Generated_Source\PSoC4/cyfitter_cfg.c **** * You may use this file only in accordance with the license, terms, conditions, 
  14:.\Generated_Source\PSoC4/cyfitter_cfg.c **** * disclaimers, and limitations in the end user license agreement accompanying 
  15:.\Generated_Source\PSoC4/cyfitter_cfg.c **** * the software package with which this file was provided.
  16:.\Generated_Source\PSoC4/cyfitter_cfg.c **** ********************************************************************************/
  17:.\Generated_Source\PSoC4/cyfitter_cfg.c **** 
  18:.\Generated_Source\PSoC4/cyfitter_cfg.c **** #include <string.h>
  19:.\Generated_Source\PSoC4/cyfitter_cfg.c **** #include "cytypes.h"
  20:.\Generated_Source\PSoC4/cyfitter_cfg.c **** #include "cydevice_trm.h"
  21:.\Generated_Source\PSoC4/cyfitter_cfg.c **** #include "cyfitter.h"
  22:.\Generated_Source\PSoC4/cyfitter_cfg.c **** #include "CyLib.h"
  23:.\Generated_Source\PSoC4/cyfitter_cfg.c **** #include "cyfitter_cfg.h"
  24:.\Generated_Source\PSoC4/cyfitter_cfg.c **** 
  25:.\Generated_Source\PSoC4/cyfitter_cfg.c **** 
  26:.\Generated_Source\PSoC4/cyfitter_cfg.c **** #if defined(__GNUC__) || defined(__ARMCC_VERSION)
  27:.\Generated_Source\PSoC4/cyfitter_cfg.c ****     #define CYPACKED 
  28:.\Generated_Source\PSoC4/cyfitter_cfg.c ****     #define CYPACKED_ATTR __attribute__ ((packed))
  29:.\Generated_Source\PSoC4/cyfitter_cfg.c ****     #define CYALIGNED __attribute__ ((aligned))
  30:.\Generated_Source\PSoC4/cyfitter_cfg.c ****     #define CY_CFG_UNUSED __attribute__ ((unused))
  31:.\Generated_Source\PSoC4/cyfitter_cfg.c ****     #ifndef CY_CFG_SECTION
  32:.\Generated_Source\PSoC4/cyfitter_cfg.c ****         #define CY_CFG_SECTION __attribute__ ((section(".psocinit")))
  33:.\Generated_Source\PSoC4/cyfitter_cfg.c ****     #endif
ARM GAS  C:\Users\LINETT~1\AppData\Local\Temp\ccJzLVVd.s 			page 2


  34:.\Generated_Source\PSoC4/cyfitter_cfg.c ****     
  35:.\Generated_Source\PSoC4/cyfitter_cfg.c ****     #if defined(__ARMCC_VERSION)
  36:.\Generated_Source\PSoC4/cyfitter_cfg.c ****         #define CY_CFG_MEMORY_BARRIER() __memory_changed()
  37:.\Generated_Source\PSoC4/cyfitter_cfg.c ****     #else
  38:.\Generated_Source\PSoC4/cyfitter_cfg.c ****         #define CY_CFG_MEMORY_BARRIER() __sync_synchronize()
  39:.\Generated_Source\PSoC4/cyfitter_cfg.c ****     #endif
  40:.\Generated_Source\PSoC4/cyfitter_cfg.c ****     
  41:.\Generated_Source\PSoC4/cyfitter_cfg.c **** #elif defined(__ICCARM__)
  42:.\Generated_Source\PSoC4/cyfitter_cfg.c ****     #include <intrinsics.h>
  43:.\Generated_Source\PSoC4/cyfitter_cfg.c **** 
  44:.\Generated_Source\PSoC4/cyfitter_cfg.c ****     #define CYPACKED __packed
  45:.\Generated_Source\PSoC4/cyfitter_cfg.c ****     #define CYPACKED_ATTR 
  46:.\Generated_Source\PSoC4/cyfitter_cfg.c ****     #define CYALIGNED _Pragma("data_alignment=4")
  47:.\Generated_Source\PSoC4/cyfitter_cfg.c ****     #define CY_CFG_UNUSED _Pragma("diag_suppress=Pe177")
  48:.\Generated_Source\PSoC4/cyfitter_cfg.c ****     #define CY_CFG_SECTION _Pragma("location=\".psocinit\"")
  49:.\Generated_Source\PSoC4/cyfitter_cfg.c ****     
  50:.\Generated_Source\PSoC4/cyfitter_cfg.c ****     #define CY_CFG_MEMORY_BARRIER() __DMB()
  51:.\Generated_Source\PSoC4/cyfitter_cfg.c ****     
  52:.\Generated_Source\PSoC4/cyfitter_cfg.c **** #else
  53:.\Generated_Source\PSoC4/cyfitter_cfg.c ****     #error Unsupported toolchain
  54:.\Generated_Source\PSoC4/cyfitter_cfg.c **** #endif
  55:.\Generated_Source\PSoC4/cyfitter_cfg.c **** 
  56:.\Generated_Source\PSoC4/cyfitter_cfg.c **** 
  57:.\Generated_Source\PSoC4/cyfitter_cfg.c **** CY_CFG_UNUSED
  58:.\Generated_Source\PSoC4/cyfitter_cfg.c **** static void CYMEMZERO(void *s, size_t n);
  59:.\Generated_Source\PSoC4/cyfitter_cfg.c **** CY_CFG_UNUSED
  60:.\Generated_Source\PSoC4/cyfitter_cfg.c **** static void CYMEMZERO(void *s, size_t n)
  61:.\Generated_Source\PSoC4/cyfitter_cfg.c **** {
  25              		.loc 1 61 0
  26              		.cfi_startproc
  27 0000 80B5     		push	{r7, lr}
  28              		.cfi_def_cfa_offset 8
  29              		.cfi_offset 7, -8
  30              		.cfi_offset 14, -4
  31 0002 82B0     		sub	sp, sp, #8
  32              		.cfi_def_cfa_offset 16
  33 0004 00AF     		add	r7, sp, #0
  34              		.cfi_def_cfa_register 7
  35 0006 7860     		str	r0, [r7, #4]
  36 0008 3960     		str	r1, [r7]
  62:.\Generated_Source\PSoC4/cyfitter_cfg.c **** 	(void)memset(s, 0, n);
  37              		.loc 1 62 0
  38 000a 7A68     		ldr	r2, [r7, #4]
  39 000c 3B68     		ldr	r3, [r7]
  40 000e 101C     		mov	r0, r2
  41 0010 0021     		mov	r1, #0
  42 0012 1A1C     		mov	r2, r3
  43 0014 FFF7FEFF 		bl	memset
  63:.\Generated_Source\PSoC4/cyfitter_cfg.c **** }
  44              		.loc 1 63 0
  45 0018 BD46     		mov	sp, r7
  46 001a 02B0     		add	sp, sp, #8
  47              		@ sp needed
  48 001c 80BD     		pop	{r7, pc}
  49              		.cfi_endproc
  50              	.LFE2:
  51              		.size	CYMEMZERO, .-CYMEMZERO
ARM GAS  C:\Users\LINETT~1\AppData\Local\Temp\ccJzLVVd.s 			page 3


  52 001e C046     		.section	.text.CYCONFIGCPY,"ax",%progbits
  53              		.align	2
  54              		.code	16
  55              		.thumb_func
  56              		.type	CYCONFIGCPY, %function
  57              	CYCONFIGCPY:
  58              	.LFB3:
  64:.\Generated_Source\PSoC4/cyfitter_cfg.c **** CY_CFG_UNUSED
  65:.\Generated_Source\PSoC4/cyfitter_cfg.c **** static void CYCONFIGCPY(void *dest, const void *src, size_t n);
  66:.\Generated_Source\PSoC4/cyfitter_cfg.c **** CY_CFG_UNUSED
  67:.\Generated_Source\PSoC4/cyfitter_cfg.c **** static void CYCONFIGCPY(void *dest, const void *src, size_t n)
  68:.\Generated_Source\PSoC4/cyfitter_cfg.c **** {
  59              		.loc 1 68 0
  60              		.cfi_startproc
  61 0000 80B5     		push	{r7, lr}
  62              		.cfi_def_cfa_offset 8
  63              		.cfi_offset 7, -8
  64              		.cfi_offset 14, -4
  65 0002 84B0     		sub	sp, sp, #16
  66              		.cfi_def_cfa_offset 24
  67 0004 00AF     		add	r7, sp, #0
  68              		.cfi_def_cfa_register 7
  69 0006 F860     		str	r0, [r7, #12]
  70 0008 B960     		str	r1, [r7, #8]
  71 000a 7A60     		str	r2, [r7, #4]
  69:.\Generated_Source\PSoC4/cyfitter_cfg.c **** 	(void)memcpy(dest, src, n);
  72              		.loc 1 69 0
  73 000c F968     		ldr	r1, [r7, #12]
  74 000e BA68     		ldr	r2, [r7, #8]
  75 0010 7B68     		ldr	r3, [r7, #4]
  76 0012 081C     		mov	r0, r1
  77 0014 111C     		mov	r1, r2
  78 0016 1A1C     		mov	r2, r3
  79 0018 FFF7FEFF 		bl	memcpy
  70:.\Generated_Source\PSoC4/cyfitter_cfg.c **** }
  80              		.loc 1 70 0
  81 001c BD46     		mov	sp, r7
  82 001e 04B0     		add	sp, sp, #16
  83              		@ sp needed
  84 0020 80BD     		pop	{r7, pc}
  85              		.cfi_endproc
  86              	.LFE3:
  87              		.size	CYCONFIGCPY, .-CYCONFIGCPY
  88 0022 C046     		.section	.text.CYCONFIGCPYCODE,"ax",%progbits
  89              		.align	2
  90              		.code	16
  91              		.thumb_func
  92              		.type	CYCONFIGCPYCODE, %function
  93              	CYCONFIGCPYCODE:
  94              	.LFB4:
  71:.\Generated_Source\PSoC4/cyfitter_cfg.c **** CY_CFG_UNUSED
  72:.\Generated_Source\PSoC4/cyfitter_cfg.c **** static void CYCONFIGCPYCODE(void *dest, const void *src, size_t n);
  73:.\Generated_Source\PSoC4/cyfitter_cfg.c **** CY_CFG_UNUSED
  74:.\Generated_Source\PSoC4/cyfitter_cfg.c **** static void CYCONFIGCPYCODE(void *dest, const void *src, size_t n)
  75:.\Generated_Source\PSoC4/cyfitter_cfg.c **** {
  95              		.loc 1 75 0
  96              		.cfi_startproc
ARM GAS  C:\Users\LINETT~1\AppData\Local\Temp\ccJzLVVd.s 			page 4


  97 0000 80B5     		push	{r7, lr}
  98              		.cfi_def_cfa_offset 8
  99              		.cfi_offset 7, -8
 100              		.cfi_offset 14, -4
 101 0002 84B0     		sub	sp, sp, #16
 102              		.cfi_def_cfa_offset 24
 103 0004 00AF     		add	r7, sp, #0
 104              		.cfi_def_cfa_register 7
 105 0006 F860     		str	r0, [r7, #12]
 106 0008 B960     		str	r1, [r7, #8]
 107 000a 7A60     		str	r2, [r7, #4]
  76:.\Generated_Source\PSoC4/cyfitter_cfg.c **** 	(void)memcpy(dest, src, n);
 108              		.loc 1 76 0
 109 000c F968     		ldr	r1, [r7, #12]
 110 000e BA68     		ldr	r2, [r7, #8]
 111 0010 7B68     		ldr	r3, [r7, #4]
 112 0012 081C     		mov	r0, r1
 113 0014 111C     		mov	r1, r2
 114 0016 1A1C     		mov	r2, r3
 115 0018 FFF7FEFF 		bl	memcpy
  77:.\Generated_Source\PSoC4/cyfitter_cfg.c **** }
 116              		.loc 1 77 0
 117 001c BD46     		mov	sp, r7
 118 001e 04B0     		add	sp, sp, #16
 119              		@ sp needed
 120 0020 80BD     		pop	{r7, pc}
 121              		.cfi_endproc
 122              	.LFE4:
 123              		.size	CYCONFIGCPYCODE, .-CYCONFIGCPYCODE
 124 0022 C046     		.section	.psocinit,"ax",%progbits
 125              		.align	2
 126              		.code	16
 127              		.thumb_func
 128              		.type	ClockSetup, %function
 129              	ClockSetup:
 130              	.LFB5:
  78:.\Generated_Source\PSoC4/cyfitter_cfg.c **** 
  79:.\Generated_Source\PSoC4/cyfitter_cfg.c **** 
  80:.\Generated_Source\PSoC4/cyfitter_cfg.c **** 
  81:.\Generated_Source\PSoC4/cyfitter_cfg.c **** /* Clock startup error codes                                                   */
  82:.\Generated_Source\PSoC4/cyfitter_cfg.c **** #define CYCLOCKSTART_NO_ERROR    0u
  83:.\Generated_Source\PSoC4/cyfitter_cfg.c **** #define CYCLOCKSTART_XTAL_ERROR  1u
  84:.\Generated_Source\PSoC4/cyfitter_cfg.c **** #define CYCLOCKSTART_32KHZ_ERROR 2u
  85:.\Generated_Source\PSoC4/cyfitter_cfg.c **** #define CYCLOCKSTART_PLL_ERROR   3u
  86:.\Generated_Source\PSoC4/cyfitter_cfg.c **** 
  87:.\Generated_Source\PSoC4/cyfitter_cfg.c **** #ifdef CY_NEED_CYCLOCKSTARTUPERROR
  88:.\Generated_Source\PSoC4/cyfitter_cfg.c **** /*******************************************************************************
  89:.\Generated_Source\PSoC4/cyfitter_cfg.c **** * Function Name: CyClockStartupError
  90:.\Generated_Source\PSoC4/cyfitter_cfg.c **** ********************************************************************************
  91:.\Generated_Source\PSoC4/cyfitter_cfg.c **** * Summary:
  92:.\Generated_Source\PSoC4/cyfitter_cfg.c **** *  If an error is encountered during clock configuration (crystal startup error,
  93:.\Generated_Source\PSoC4/cyfitter_cfg.c **** *  PLL lock error, etc.), the system will end up here.  Unless reimplemented by
  94:.\Generated_Source\PSoC4/cyfitter_cfg.c **** *  the customer, this function will stop in an infinite loop.
  95:.\Generated_Source\PSoC4/cyfitter_cfg.c **** *
  96:.\Generated_Source\PSoC4/cyfitter_cfg.c **** * Parameters:
  97:.\Generated_Source\PSoC4/cyfitter_cfg.c **** *   void
  98:.\Generated_Source\PSoC4/cyfitter_cfg.c **** *
ARM GAS  C:\Users\LINETT~1\AppData\Local\Temp\ccJzLVVd.s 			page 5


  99:.\Generated_Source\PSoC4/cyfitter_cfg.c **** * Return:
 100:.\Generated_Source\PSoC4/cyfitter_cfg.c **** *   void
 101:.\Generated_Source\PSoC4/cyfitter_cfg.c **** *
 102:.\Generated_Source\PSoC4/cyfitter_cfg.c **** *******************************************************************************/
 103:.\Generated_Source\PSoC4/cyfitter_cfg.c **** CY_CFG_UNUSED
 104:.\Generated_Source\PSoC4/cyfitter_cfg.c **** static void CyClockStartupError(uint8 errorCode);
 105:.\Generated_Source\PSoC4/cyfitter_cfg.c **** CY_CFG_UNUSED
 106:.\Generated_Source\PSoC4/cyfitter_cfg.c **** static void CyClockStartupError(uint8 errorCode)
 107:.\Generated_Source\PSoC4/cyfitter_cfg.c **** {
 108:.\Generated_Source\PSoC4/cyfitter_cfg.c ****     /* To remove the compiler warning if errorCode not used.                */
 109:.\Generated_Source\PSoC4/cyfitter_cfg.c ****     errorCode = errorCode;
 110:.\Generated_Source\PSoC4/cyfitter_cfg.c **** 
 111:.\Generated_Source\PSoC4/cyfitter_cfg.c ****     /* `#START CyClockStartupError` */
 112:.\Generated_Source\PSoC4/cyfitter_cfg.c **** 
 113:.\Generated_Source\PSoC4/cyfitter_cfg.c ****     /* If we have a clock startup error (bad MHz crystal, PLL lock, etc.),  */
 114:.\Generated_Source\PSoC4/cyfitter_cfg.c ****     /* we will end up here to allow the customer to implement something to  */
 115:.\Generated_Source\PSoC4/cyfitter_cfg.c ****     /* deal with the clock condition.                                       */
 116:.\Generated_Source\PSoC4/cyfitter_cfg.c **** 
 117:.\Generated_Source\PSoC4/cyfitter_cfg.c ****     /* `#END` */
 118:.\Generated_Source\PSoC4/cyfitter_cfg.c **** 
 119:.\Generated_Source\PSoC4/cyfitter_cfg.c ****     /* If nothing else, stop here since the clocks have not started         */
 120:.\Generated_Source\PSoC4/cyfitter_cfg.c ****     /* correctly.                                                           */
 121:.\Generated_Source\PSoC4/cyfitter_cfg.c ****     while(1) {}
 122:.\Generated_Source\PSoC4/cyfitter_cfg.c **** }
 123:.\Generated_Source\PSoC4/cyfitter_cfg.c **** #endif
 124:.\Generated_Source\PSoC4/cyfitter_cfg.c **** 
 125:.\Generated_Source\PSoC4/cyfitter_cfg.c **** 
 126:.\Generated_Source\PSoC4/cyfitter_cfg.c **** 
 127:.\Generated_Source\PSoC4/cyfitter_cfg.c **** /*******************************************************************************
 128:.\Generated_Source\PSoC4/cyfitter_cfg.c **** * Function Name: ClockSetup
 129:.\Generated_Source\PSoC4/cyfitter_cfg.c **** ********************************************************************************
 130:.\Generated_Source\PSoC4/cyfitter_cfg.c **** *
 131:.\Generated_Source\PSoC4/cyfitter_cfg.c **** * Summary:
 132:.\Generated_Source\PSoC4/cyfitter_cfg.c **** *   Performs the initialization of all of the clocks in the device based on the
 133:.\Generated_Source\PSoC4/cyfitter_cfg.c **** *   settings in the Clock tab of the DWR.  This includes enabling the requested
 134:.\Generated_Source\PSoC4/cyfitter_cfg.c **** *   clocks and setting the necessary dividers to produce the desired frequency. 
 135:.\Generated_Source\PSoC4/cyfitter_cfg.c **** *
 136:.\Generated_Source\PSoC4/cyfitter_cfg.c **** * Parameters:
 137:.\Generated_Source\PSoC4/cyfitter_cfg.c **** *   void
 138:.\Generated_Source\PSoC4/cyfitter_cfg.c **** *
 139:.\Generated_Source\PSoC4/cyfitter_cfg.c **** * Return:
 140:.\Generated_Source\PSoC4/cyfitter_cfg.c **** *   void
 141:.\Generated_Source\PSoC4/cyfitter_cfg.c **** *
 142:.\Generated_Source\PSoC4/cyfitter_cfg.c **** *******************************************************************************/
 143:.\Generated_Source\PSoC4/cyfitter_cfg.c **** static void ClockSetup(void);
 144:.\Generated_Source\PSoC4/cyfitter_cfg.c **** CY_CFG_SECTION
 145:.\Generated_Source\PSoC4/cyfitter_cfg.c **** static void ClockSetup(void)
 146:.\Generated_Source\PSoC4/cyfitter_cfg.c **** {
 131              		.loc 1 146 0
 132              		.cfi_startproc
 133 0000 80B5     		push	{r7, lr}
 134              		.cfi_def_cfa_offset 8
 135              		.cfi_offset 7, -8
 136              		.cfi_offset 14, -4
 137 0002 00AF     		add	r7, sp, #0
 138              		.cfi_def_cfa_register 7
 147:.\Generated_Source\PSoC4/cyfitter_cfg.c **** 
ARM GAS  C:\Users\LINETT~1\AppData\Local\Temp\ccJzLVVd.s 			page 6


 148:.\Generated_Source\PSoC4/cyfitter_cfg.c **** 	/* Set Flash Cycles based on max possible frequency in case a glitch occurs during ClockSetup(). *
 149:.\Generated_Source\PSoC4/cyfitter_cfg.c **** 	CY_SET_REG32((void CYXDATA *)(CYREG_CPUSS_FLASH_CTL), (0x0012u));
 139              		.loc 1 149 0
 140 0004 244B     		ldr	r3, .L5
 141 0006 1222     		mov	r2, #18
 142 0008 1A60     		str	r2, [r3]
 150:.\Generated_Source\PSoC4/cyfitter_cfg.c **** 
 151:.\Generated_Source\PSoC4/cyfitter_cfg.c **** 	/* Start the WCO */
 152:.\Generated_Source\PSoC4/cyfitter_cfg.c **** 	CySysClkWcoStart();
 143              		.loc 1 152 0
 144 000a FFF7FEFF 		bl	CySysClkWcoStart
 153:.\Generated_Source\PSoC4/cyfitter_cfg.c **** 	(void)CySysClkWcoSetPowerMode(CY_SYS_CLK_WCO_LPM);    /* Switch to the low power mode */
 145              		.loc 1 153 0
 146 000e 0120     		mov	r0, #1
 147 0010 FFF7FEFF 		bl	CySysClkWcoSetPowerMode
 154:.\Generated_Source\PSoC4/cyfitter_cfg.c **** 
 155:.\Generated_Source\PSoC4/cyfitter_cfg.c **** 	/* Setup and trim IMO based on desired frequency. */
 156:.\Generated_Source\PSoC4/cyfitter_cfg.c **** 	CySysClkWriteImoFreq(24u);
 148              		.loc 1 156 0
 149 0014 1820     		mov	r0, #24
 150 0016 FFF7FEFF 		bl	CySysClkWriteImoFreq
 157:.\Generated_Source\PSoC4/cyfitter_cfg.c **** 	/* CYDEV_CLK_ILO_CONFIG Starting address: CYDEV_CLK_ILO_CONFIG */
 158:.\Generated_Source\PSoC4/cyfitter_cfg.c **** 	CY_SET_XTND_REG32((void CYFAR *)(CYREG_CLK_ILO_CONFIG), 0x80000006u);
 151              		.loc 1 158 0
 152 001a 204B     		ldr	r3, .L5+4
 153 001c 204A     		ldr	r2, .L5+8
 154 001e 1A60     		str	r2, [r3]
 159:.\Generated_Source\PSoC4/cyfitter_cfg.c **** 
 160:.\Generated_Source\PSoC4/cyfitter_cfg.c **** 
 161:.\Generated_Source\PSoC4/cyfitter_cfg.c **** 	/* Enable fast start mode for XO */
 162:.\Generated_Source\PSoC4/cyfitter_cfg.c **** 	CY_SET_REG32((void*)CYREG_BLE_BLERD_BB_XO, CY_GET_REG32((void*)CYREG_BLE_BLERD_BB_XO) | (uint32)0x
 155              		.loc 1 162 0
 156 0020 204B     		ldr	r3, .L5+12
 157 0022 204A     		ldr	r2, .L5+12
 158 0024 1268     		ldr	r2, [r2]
 159 0026 0221     		mov	r1, #2
 160 0028 0A43     		orr	r2, r1
 161 002a 1A60     		str	r2, [r3]
 163:.\Generated_Source\PSoC4/cyfitter_cfg.c **** 	CY_SET_XTND_REG32((void CYFAR *)(CYREG_BLE_BLERD_BB_XO_CAPTRIM), 0x00003E2Du);
 162              		.loc 1 163 0
 163 002c 1E4B     		ldr	r3, .L5+16
 164 002e 1F4A     		ldr	r2, .L5+20
 165 0030 1A60     		str	r2, [r3]
 164:.\Generated_Source\PSoC4/cyfitter_cfg.c **** 	/* Disable Crystal Stable Interrupt before enabling ECO */
 165:.\Generated_Source\PSoC4/cyfitter_cfg.c **** 	CY_SET_REG32((void*)CYREG_BLE_BLESS_LL_DSM_CTRL, CY_GET_REG32((void*)CYREG_BLE_BLESS_LL_DSM_CTRL) 
 166              		.loc 1 165 0
 167 0032 1F4B     		ldr	r3, .L5+24
 168 0034 1E4A     		ldr	r2, .L5+24
 169 0036 1268     		ldr	r2, [r2]
 170 0038 0821     		mov	r1, #8
 171 003a 8A43     		bic	r2, r1
 172 003c 1A60     		str	r2, [r3]
 166:.\Generated_Source\PSoC4/cyfitter_cfg.c **** 	/* Start the ECO and do not check status since it is not needed for HFCLK */
 167:.\Generated_Source\PSoC4/cyfitter_cfg.c **** 	(void)CySysClkEcoStart(2000u);
 173              		.loc 1 167 0
 174 003e FA23     		mov	r3, #250
 175 0040 DB00     		lsl	r3, r3, #3
ARM GAS  C:\Users\LINETT~1\AppData\Local\Temp\ccJzLVVd.s 			page 7


 176 0042 181C     		mov	r0, r3
 177 0044 FFF7FEFF 		bl	CySysClkEcoStart
 168:.\Generated_Source\PSoC4/cyfitter_cfg.c **** 	CyDelayUs(1500u); /* Wait to stabalize */
 178              		.loc 1 168 0
 179 0048 1A4B     		ldr	r3, .L5+28
 180 004a 181C     		mov	r0, r3
 181 004c FFF7FEFF 		bl	CyDelayUs
 169:.\Generated_Source\PSoC4/cyfitter_cfg.c **** 
 170:.\Generated_Source\PSoC4/cyfitter_cfg.c **** 	/* Setup phase aligned clocks */
 171:.\Generated_Source\PSoC4/cyfitter_cfg.c **** 	CY_SET_REG32((void *)CYREG_PERI_DIV_16_CTL1, 0x00000E00u);
 182              		.loc 1 171 0
 183 0050 194B     		ldr	r3, .L5+32
 184 0052 E022     		mov	r2, #224
 185 0054 1201     		lsl	r2, r2, #4
 186 0056 1A60     		str	r2, [r3]
 172:.\Generated_Source\PSoC4/cyfitter_cfg.c **** 	CY_SET_REG32((void *)CYREG_PERI_DIV_CMD, 0x8000FF41u);
 187              		.loc 1 172 0
 188 0058 184B     		ldr	r3, .L5+36
 189 005a 194A     		ldr	r2, .L5+40
 190 005c 1A60     		str	r2, [r3]
 173:.\Generated_Source\PSoC4/cyfitter_cfg.c **** 	CY_SET_REG32((void *)CYREG_PERI_DIV_16_CTL0, 0x00000C00u);
 191              		.loc 1 173 0
 192 005e 194B     		ldr	r3, .L5+44
 193 0060 C022     		mov	r2, #192
 194 0062 1201     		lsl	r2, r2, #4
 195 0064 1A60     		str	r2, [r3]
 174:.\Generated_Source\PSoC4/cyfitter_cfg.c **** 	CY_SET_REG32((void *)CYREG_PERI_DIV_CMD, 0x8000FF40u);
 196              		.loc 1 174 0
 197 0066 154B     		ldr	r3, .L5+36
 198 0068 174A     		ldr	r2, .L5+48
 199 006a 1A60     		str	r2, [r3]
 175:.\Generated_Source\PSoC4/cyfitter_cfg.c **** 
 176:.\Generated_Source\PSoC4/cyfitter_cfg.c **** 	/* CYDEV_CLK_IMO_CONFIG Starting address: CYDEV_CLK_IMO_CONFIG */
 177:.\Generated_Source\PSoC4/cyfitter_cfg.c **** 	CY_SET_XTND_REG32((void CYFAR *)(CYREG_CLK_IMO_CONFIG), 0x82000000u);
 200              		.loc 1 177 0
 201 006c 174B     		ldr	r3, .L5+52
 202 006e 8222     		mov	r2, #130
 203 0070 1206     		lsl	r2, r2, #24
 204 0072 1A60     		str	r2, [r3]
 178:.\Generated_Source\PSoC4/cyfitter_cfg.c **** 
 179:.\Generated_Source\PSoC4/cyfitter_cfg.c **** 	/* CYDEV_CLK_SELECT Starting address: CYDEV_CLK_SELECT */
 180:.\Generated_Source\PSoC4/cyfitter_cfg.c **** 	CY_SET_XTND_REG32((void CYFAR *)(CYREG_CLK_SELECT), 0x00000000u);
 205              		.loc 1 180 0
 206 0074 164B     		ldr	r3, .L5+56
 207 0076 0022     		mov	r2, #0
 208 0078 1A60     		str	r2, [r3]
 181:.\Generated_Source\PSoC4/cyfitter_cfg.c **** 
 182:.\Generated_Source\PSoC4/cyfitter_cfg.c **** 	/* CYDEV_PERI_PCLK_CTL6 Starting address: CYDEV_PERI_PCLK_CTL6 */
 183:.\Generated_Source\PSoC4/cyfitter_cfg.c **** 	CY_SET_XTND_REG32((void CYFAR *)(CYREG_PERI_PCLK_CTL6), 0x00000041u);
 209              		.loc 1 183 0
 210 007a 164B     		ldr	r3, .L5+60
 211 007c 4122     		mov	r2, #65
 212 007e 1A60     		str	r2, [r3]
 184:.\Generated_Source\PSoC4/cyfitter_cfg.c **** 
 185:.\Generated_Source\PSoC4/cyfitter_cfg.c **** 	/* CYDEV_PERI_PCLK_CTL1 Starting address: CYDEV_PERI_PCLK_CTL1 */
 186:.\Generated_Source\PSoC4/cyfitter_cfg.c **** 	CY_SET_XTND_REG32((void CYFAR *)(CYREG_PERI_PCLK_CTL1), 0x00000040u);
 213              		.loc 1 186 0
ARM GAS  C:\Users\LINETT~1\AppData\Local\Temp\ccJzLVVd.s 			page 8


 214 0080 154B     		ldr	r3, .L5+64
 215 0082 4022     		mov	r2, #64
 216 0084 1A60     		str	r2, [r3]
 187:.\Generated_Source\PSoC4/cyfitter_cfg.c **** 
 188:.\Generated_Source\PSoC4/cyfitter_cfg.c **** 	CY_SET_XTND_REG32((void CYFAR *)(CYREG_WDT_CONFIG), 0x00000000u);
 217              		.loc 1 188 0
 218 0086 154B     		ldr	r3, .L5+68
 219 0088 0022     		mov	r2, #0
 220 008a 1A60     		str	r2, [r3]
 189:.\Generated_Source\PSoC4/cyfitter_cfg.c **** 	/* Set Flash Cycles based on newly configured 24.00MHz HFCLK. */
 190:.\Generated_Source\PSoC4/cyfitter_cfg.c **** 	CY_SET_REG32((void CYXDATA *)(CYREG_CPUSS_FLASH_CTL), (0x0011u));
 221              		.loc 1 190 0
 222 008c 024B     		ldr	r3, .L5
 223 008e 1122     		mov	r2, #17
 224 0090 1A60     		str	r2, [r3]
 191:.\Generated_Source\PSoC4/cyfitter_cfg.c **** }
 225              		.loc 1 191 0
 226 0092 BD46     		mov	sp, r7
 227              		@ sp needed
 228 0094 80BD     		pop	{r7, pc}
 229              	.L6:
 230 0096 C046     		.align	2
 231              	.L5:
 232 0098 30001040 		.word	1074790448
 233 009c 04010B40 		.word	1074462980
 234 00a0 06000080 		.word	-2147483642
 235 00a4 78002E40 		.word	1076756600
 236 00a8 7C002E40 		.word	1076756604
 237 00ac 2D3E0000 		.word	15917
 238 00b0 6CF02E40 		.word	1076818028
 239 00b4 DC050000 		.word	1500
 240 00b8 04030140 		.word	1073808132
 241 00bc 00000140 		.word	1073807360
 242 00c0 41FF0080 		.word	-2147418303
 243 00c4 00030140 		.word	1073808128
 244 00c8 40FF0080 		.word	-2147418304
 245 00cc 08010B40 		.word	1074462984
 246 00d0 00010B40 		.word	1074462976
 247 00d4 18010140 		.word	1073807640
 248 00d8 04010140 		.word	1073807620
 249 00dc 0C020B40 		.word	1074463244
 250              		.cfi_endproc
 251              	.LFE5:
 252              		.size	ClockSetup, .-ClockSetup
 253              		.section	.text.AnalogSetDefault,"ax",%progbits
 254              		.align	2
 255              		.code	16
 256              		.thumb_func
 257              		.type	AnalogSetDefault, %function
 258              	AnalogSetDefault:
 259              	.LFB6:
 192:.\Generated_Source\PSoC4/cyfitter_cfg.c **** 
 193:.\Generated_Source\PSoC4/cyfitter_cfg.c **** 
 194:.\Generated_Source\PSoC4/cyfitter_cfg.c **** /* Analog API Functions */
 195:.\Generated_Source\PSoC4/cyfitter_cfg.c **** 
 196:.\Generated_Source\PSoC4/cyfitter_cfg.c **** 
 197:.\Generated_Source\PSoC4/cyfitter_cfg.c **** /*******************************************************************************
ARM GAS  C:\Users\LINETT~1\AppData\Local\Temp\ccJzLVVd.s 			page 9


 198:.\Generated_Source\PSoC4/cyfitter_cfg.c **** * Function Name: AnalogSetDefault
 199:.\Generated_Source\PSoC4/cyfitter_cfg.c **** ********************************************************************************
 200:.\Generated_Source\PSoC4/cyfitter_cfg.c **** *
 201:.\Generated_Source\PSoC4/cyfitter_cfg.c **** * Summary:
 202:.\Generated_Source\PSoC4/cyfitter_cfg.c **** *  Sets up the analog portions of the chip to default values based on chip
 203:.\Generated_Source\PSoC4/cyfitter_cfg.c **** *  configuration options from the project.
 204:.\Generated_Source\PSoC4/cyfitter_cfg.c **** *
 205:.\Generated_Source\PSoC4/cyfitter_cfg.c **** * Parameters:
 206:.\Generated_Source\PSoC4/cyfitter_cfg.c **** *  void
 207:.\Generated_Source\PSoC4/cyfitter_cfg.c **** *
 208:.\Generated_Source\PSoC4/cyfitter_cfg.c **** * Return:
 209:.\Generated_Source\PSoC4/cyfitter_cfg.c **** *  void
 210:.\Generated_Source\PSoC4/cyfitter_cfg.c **** *
 211:.\Generated_Source\PSoC4/cyfitter_cfg.c **** *******************************************************************************/
 212:.\Generated_Source\PSoC4/cyfitter_cfg.c **** static void AnalogSetDefault(void);
 213:.\Generated_Source\PSoC4/cyfitter_cfg.c **** static void AnalogSetDefault(void)
 214:.\Generated_Source\PSoC4/cyfitter_cfg.c **** {
 260              		.loc 1 214 0
 261              		.cfi_startproc
 262 0000 80B5     		push	{r7, lr}
 263              		.cfi_def_cfa_offset 8
 264              		.cfi_offset 7, -8
 265              		.cfi_offset 14, -4
 266 0002 00AF     		add	r7, sp, #0
 267              		.cfi_def_cfa_register 7
 215:.\Generated_Source\PSoC4/cyfitter_cfg.c **** 	CY_SET_XTND_REG32((void CYFAR *)CYREG_CTBM0_DFT_CTRL, 0x00000003u);
 268              		.loc 1 215 0
 269 0004 0A4B     		ldr	r3, .L8
 270 0006 0322     		mov	r2, #3
 271 0008 1A60     		str	r2, [r3]
 216:.\Generated_Source\PSoC4/cyfitter_cfg.c **** 	CY_SET_XTND_REG32((void CYFAR *)CYREG_CTBM1_DFT_CTRL, 0x00000003u);
 272              		.loc 1 216 0
 273 000a 0A4B     		ldr	r3, .L8+4
 274 000c 0322     		mov	r2, #3
 275 000e 1A60     		str	r2, [r3]
 217:.\Generated_Source\PSoC4/cyfitter_cfg.c **** 	CY_SET_XTND_REG32((void CYFAR *)CYREG_SAR_CTRL, 0x08000000u);
 276              		.loc 1 217 0
 277 0010 094B     		ldr	r3, .L8+8
 278 0012 8022     		mov	r2, #128
 279 0014 1205     		lsl	r2, r2, #20
 280 0016 1A60     		str	r2, [r3]
 218:.\Generated_Source\PSoC4/cyfitter_cfg.c **** 	CY_SET_XTND_REG32((void CYFAR *)CYREG_SAR_MUX_SWITCH0, 0x00000007u);
 281              		.loc 1 218 0
 282 0018 084B     		ldr	r3, .L8+12
 283 001a 0722     		mov	r2, #7
 284 001c 1A60     		str	r2, [r3]
 219:.\Generated_Source\PSoC4/cyfitter_cfg.c **** 	CY_SET_XTND_REG32((void CYFAR *)CYREG_SAR_MUX_SWITCH_HW_CTRL, 0x00000007u);
 285              		.loc 1 219 0
 286 001e 084B     		ldr	r3, .L8+16
 287 0020 0722     		mov	r2, #7
 288 0022 1A60     		str	r2, [r3]
 220:.\Generated_Source\PSoC4/cyfitter_cfg.c **** 	CY_SET_XTND_REG32((void CYFAR *)CYREG_PASS_DSAB_DSAB_CTRL, 0x00000000u);
 289              		.loc 1 220 0
 290 0024 074B     		ldr	r3, .L8+20
 291 0026 0022     		mov	r2, #0
 292 0028 1A60     		str	r2, [r3]
 221:.\Generated_Source\PSoC4/cyfitter_cfg.c **** }
ARM GAS  C:\Users\LINETT~1\AppData\Local\Temp\ccJzLVVd.s 			page 10


 293              		.loc 1 221 0
 294 002a BD46     		mov	sp, r7
 295              		@ sp needed
 296 002c 80BD     		pop	{r7, pc}
 297              	.L9:
 298 002e C046     		.align	2
 299              	.L8:
 300 0030 30003040 		.word	1076887600
 301 0034 30003140 		.word	1076953136
 302 0038 00003A40 		.word	1077542912
 303 003c 00033A40 		.word	1077543680
 304 0040 40033A40 		.word	1077543744
 305 0044 000E3F40 		.word	1077874176
 306              		.cfi_endproc
 307              	.LFE6:
 308              		.size	AnalogSetDefault, .-AnalogSetDefault
 309              		.section	.psocinit
 310              		.align	2
 311              		.global	cyfitter_cfg
 312              		.code	16
 313              		.thumb_func
 314              		.type	cyfitter_cfg, %function
 315              	cyfitter_cfg:
 316              	.LFB7:
 222:.\Generated_Source\PSoC4/cyfitter_cfg.c **** 
 223:.\Generated_Source\PSoC4/cyfitter_cfg.c **** #define CY_AMUX_UNUSED CYREG_CM0_ROM_DWT
 224:.\Generated_Source\PSoC4/cyfitter_cfg.c **** 
 225:.\Generated_Source\PSoC4/cyfitter_cfg.c **** 
 226:.\Generated_Source\PSoC4/cyfitter_cfg.c **** /*******************************************************************************
 227:.\Generated_Source\PSoC4/cyfitter_cfg.c **** * Function Name: cyfitter_cfg
 228:.\Generated_Source\PSoC4/cyfitter_cfg.c **** ********************************************************************************
 229:.\Generated_Source\PSoC4/cyfitter_cfg.c **** * Summary:
 230:.\Generated_Source\PSoC4/cyfitter_cfg.c **** *  This function is called by the start-up code for the selected device. It
 231:.\Generated_Source\PSoC4/cyfitter_cfg.c **** *  performs all of the necessary device configuration based on the design
 232:.\Generated_Source\PSoC4/cyfitter_cfg.c **** *  settings.  This includes settings from the Design Wide Resources (DWR) such
 233:.\Generated_Source\PSoC4/cyfitter_cfg.c **** *  as Clocks and Pins as well as any component configuration that is necessary.
 234:.\Generated_Source\PSoC4/cyfitter_cfg.c **** *
 235:.\Generated_Source\PSoC4/cyfitter_cfg.c **** * Parameters:  
 236:.\Generated_Source\PSoC4/cyfitter_cfg.c **** *   void
 237:.\Generated_Source\PSoC4/cyfitter_cfg.c **** *
 238:.\Generated_Source\PSoC4/cyfitter_cfg.c **** * Return:
 239:.\Generated_Source\PSoC4/cyfitter_cfg.c **** *   void
 240:.\Generated_Source\PSoC4/cyfitter_cfg.c **** *
 241:.\Generated_Source\PSoC4/cyfitter_cfg.c **** *******************************************************************************/
 242:.\Generated_Source\PSoC4/cyfitter_cfg.c **** CY_CFG_SECTION
 243:.\Generated_Source\PSoC4/cyfitter_cfg.c **** void cyfitter_cfg(void)
 244:.\Generated_Source\PSoC4/cyfitter_cfg.c **** {
 317              		.loc 1 244 0
 318              		.cfi_startproc
 319 00e0 80B5     		push	{r7, lr}
 320              		.cfi_def_cfa_offset 8
 321              		.cfi_offset 7, -8
 322              		.cfi_offset 14, -4
 323 00e2 82B0     		sub	sp, sp, #8
 324              		.cfi_def_cfa_offset 16
 325 00e4 00AF     		add	r7, sp, #0
 326              		.cfi_def_cfa_register 7
ARM GAS  C:\Users\LINETT~1\AppData\Local\Temp\ccJzLVVd.s 			page 11


 245:.\Generated_Source\PSoC4/cyfitter_cfg.c **** 	/* Disable interrupts by default. Let user enable if/when they want. */
 246:.\Generated_Source\PSoC4/cyfitter_cfg.c **** 	CyGlobalIntDisable;
 327              		.loc 1 246 0
 328              	@ 246 ".\Generated_Source\PSoC4\cyfitter_cfg.c" 1
 329 00e6 72B6     		CPSID   i
 330              	@ 0 "" 2
 247:.\Generated_Source\PSoC4/cyfitter_cfg.c **** 
 248:.\Generated_Source\PSoC4/cyfitter_cfg.c **** 	CY_SET_XTND_REG32((void CYFAR *)(CYREG_BLE_BLESS_LL_DSM_CTRL), 0x00000000u);
 331              		.loc 1 248 0
 332              		.code	16
 333 00e8 3C4B     		ldr	r3, .L13
 334 00ea 0022     		mov	r2, #0
 335 00ec 1A60     		str	r2, [r3]
 336              	.LBB2:
 249:.\Generated_Source\PSoC4/cyfitter_cfg.c **** 
 250:.\Generated_Source\PSoC4/cyfitter_cfg.c **** 	{
 251:.\Generated_Source\PSoC4/cyfitter_cfg.c **** 
 252:.\Generated_Source\PSoC4/cyfitter_cfg.c **** 		CYPACKED typedef struct {
 253:.\Generated_Source\PSoC4/cyfitter_cfg.c **** 			void CYFAR *address;
 254:.\Generated_Source\PSoC4/cyfitter_cfg.c **** 			uint16 size;
 255:.\Generated_Source\PSoC4/cyfitter_cfg.c **** 		} CYPACKED_ATTR cfg_memset_t;
 256:.\Generated_Source\PSoC4/cyfitter_cfg.c **** 
 257:.\Generated_Source\PSoC4/cyfitter_cfg.c **** 		static const cfg_memset_t CYCODE cfg_memset_list [] = {
 258:.\Generated_Source\PSoC4/cyfitter_cfg.c **** 			/* address, size */
 259:.\Generated_Source\PSoC4/cyfitter_cfg.c **** 			{(void CYFAR *)(CYDEV_UDB_P0_U0_BASE), 1024u},
 260:.\Generated_Source\PSoC4/cyfitter_cfg.c **** 			{(void CYFAR *)(CYDEV_UDB_DSI0_BASE), 1024u},
 261:.\Generated_Source\PSoC4/cyfitter_cfg.c **** 		};
 262:.\Generated_Source\PSoC4/cyfitter_cfg.c **** 
 263:.\Generated_Source\PSoC4/cyfitter_cfg.c **** 		uint8 CYDATA i;
 264:.\Generated_Source\PSoC4/cyfitter_cfg.c **** 
 265:.\Generated_Source\PSoC4/cyfitter_cfg.c **** 		/* Zero out critical memory blocks before beginning configuration */
 266:.\Generated_Source\PSoC4/cyfitter_cfg.c **** 		for (i = 0u; i < (sizeof(cfg_memset_list)/sizeof(cfg_memset_list[0])); i++)
 337              		.loc 1 266 0
 338 00ee FB1D     		add	r3, r7, #7
 339 00f0 0022     		mov	r2, #0
 340 00f2 1A70     		strb	r2, [r3]
 341 00f4 23E0     		b	.L11
 342              	.L12:
 343              	.LBB3:
 267:.\Generated_Source\PSoC4/cyfitter_cfg.c **** 		{
 268:.\Generated_Source\PSoC4/cyfitter_cfg.c **** 			const cfg_memset_t CYCODE * CYDATA ms = &cfg_memset_list[i];
 344              		.loc 1 268 0 discriminator 3
 345 00f6 FB1D     		add	r3, r7, #7
 346 00f8 1A78     		ldrb	r2, [r3]
 347 00fa 131C     		mov	r3, r2
 348 00fc 5B00     		lsl	r3, r3, #1
 349 00fe 9B18     		add	r3, r3, r2
 350 0100 5B00     		lsl	r3, r3, #1
 351 0102 374A     		ldr	r2, .L13+4
 352 0104 9B18     		add	r3, r3, r2
 353 0106 3B60     		str	r3, [r7]
 269:.\Generated_Source\PSoC4/cyfitter_cfg.c **** 			CYMEMZERO(ms->address, (size_t)(uint32)(ms->size));
 354              		.loc 1 269 0 discriminator 3
 355 0108 3B68     		ldr	r3, [r7]
 356 010a 1A78     		ldrb	r2, [r3]
 357 010c 5978     		ldrb	r1, [r3, #1]
 358 010e 0902     		lsl	r1, r1, #8
ARM GAS  C:\Users\LINETT~1\AppData\Local\Temp\ccJzLVVd.s 			page 12


 359 0110 0A43     		orr	r2, r1
 360 0112 9978     		ldrb	r1, [r3, #2]
 361 0114 0904     		lsl	r1, r1, #16
 362 0116 0A43     		orr	r2, r1
 363 0118 DB78     		ldrb	r3, [r3, #3]
 364 011a 1B06     		lsl	r3, r3, #24
 365 011c 1343     		orr	r3, r2
 366 011e 191C     		mov	r1, r3
 367 0120 3B68     		ldr	r3, [r7]
 368 0122 1A79     		ldrb	r2, [r3, #4]
 369 0124 5B79     		ldrb	r3, [r3, #5]
 370 0126 1B02     		lsl	r3, r3, #8
 371 0128 1343     		orr	r3, r2
 372 012a 9BB2     		uxth	r3, r3
 373 012c 081C     		mov	r0, r1
 374 012e 191C     		mov	r1, r3
 375 0130 FFF7FEFF 		bl	CYMEMZERO
 376              	.LBE3:
 266:.\Generated_Source\PSoC4/cyfitter_cfg.c **** 		{
 377              		.loc 1 266 0 discriminator 3
 378 0134 FB1D     		add	r3, r7, #7
 379 0136 1A78     		ldrb	r2, [r3]
 380 0138 FB1D     		add	r3, r7, #7
 381 013a 0132     		add	r2, r2, #1
 382 013c 1A70     		strb	r2, [r3]
 383              	.L11:
 266:.\Generated_Source\PSoC4/cyfitter_cfg.c **** 		{
 384              		.loc 1 266 0 is_stmt 0 discriminator 1
 385 013e FB1D     		add	r3, r7, #7
 386 0140 1B78     		ldrb	r3, [r3]
 387 0142 012B     		cmp	r3, #1
 388 0144 D7D9     		bls	.L12
 270:.\Generated_Source\PSoC4/cyfitter_cfg.c **** 		}
 271:.\Generated_Source\PSoC4/cyfitter_cfg.c **** 
 272:.\Generated_Source\PSoC4/cyfitter_cfg.c **** 		/* HSIOM Starting address: CYDEV_HSIOM_BASE */
 273:.\Generated_Source\PSoC4/cyfitter_cfg.c **** 		CY_SET_XTND_REG32((void CYFAR *)(CYDEV_HSIOM_BASE), 0xEE000000u);
 389              		.loc 1 273 0 is_stmt 1
 390 0146 274B     		ldr	r3, .L13+8
 391 0148 EE22     		mov	r2, #238
 392 014a 1206     		lsl	r2, r2, #24
 393 014c 1A60     		str	r2, [r3]
 274:.\Generated_Source\PSoC4/cyfitter_cfg.c **** 		CY_SET_XTND_REG32((void CYFAR *)(CYREG_HSIOM_PORT_SEL1), 0x00990000u);
 394              		.loc 1 274 0
 395 014e 264B     		ldr	r3, .L13+12
 396 0150 9922     		mov	r2, #153
 397 0152 1204     		lsl	r2, r2, #16
 398 0154 1A60     		str	r2, [r3]
 275:.\Generated_Source\PSoC4/cyfitter_cfg.c **** 
 276:.\Generated_Source\PSoC4/cyfitter_cfg.c **** 		/* UDB_PA_0 Starting address: CYDEV_UDB_PA0_BASE */
 277:.\Generated_Source\PSoC4/cyfitter_cfg.c **** 		CY_SET_XTND_REG32((void CYFAR *)(CYDEV_UDB_PA0_BASE), 0x00990000u);
 399              		.loc 1 277 0
 400 0156 254B     		ldr	r3, .L13+16
 401 0158 9922     		mov	r2, #153
 402 015a 1204     		lsl	r2, r2, #16
 403 015c 1A60     		str	r2, [r3]
 278:.\Generated_Source\PSoC4/cyfitter_cfg.c **** 
 279:.\Generated_Source\PSoC4/cyfitter_cfg.c **** 		/* UDB_PA_1 Starting address: CYDEV_UDB_PA1_BASE */
ARM GAS  C:\Users\LINETT~1\AppData\Local\Temp\ccJzLVVd.s 			page 13


 280:.\Generated_Source\PSoC4/cyfitter_cfg.c **** 		CY_SET_XTND_REG32((void CYFAR *)(CYDEV_UDB_PA1_BASE), 0x00990000u);
 404              		.loc 1 280 0
 405 015e 244B     		ldr	r3, .L13+20
 406 0160 9922     		mov	r2, #153
 407 0162 1204     		lsl	r2, r2, #16
 408 0164 1A60     		str	r2, [r3]
 281:.\Generated_Source\PSoC4/cyfitter_cfg.c **** 
 282:.\Generated_Source\PSoC4/cyfitter_cfg.c **** 		/* UDB_PA_3 Starting address: CYDEV_UDB_PA3_BASE */
 283:.\Generated_Source\PSoC4/cyfitter_cfg.c **** 		CY_SET_XTND_REG32((void CYFAR *)(CYDEV_UDB_PA3_BASE), 0x00990000u);
 409              		.loc 1 283 0
 410 0166 234B     		ldr	r3, .L13+24
 411 0168 9922     		mov	r2, #153
 412 016a 1204     		lsl	r2, r2, #16
 413 016c 1A60     		str	r2, [r3]
 284:.\Generated_Source\PSoC4/cyfitter_cfg.c **** 
 285:.\Generated_Source\PSoC4/cyfitter_cfg.c **** 		/* Enable digital routing */
 286:.\Generated_Source\PSoC4/cyfitter_cfg.c **** 		CY_SET_XTND_REG8((void *)CYREG_UDB_UDBIF_BANK_CTL, CY_GET_XTND_REG8((void *)CYREG_UDB_UDBIF_BANK_
 414              		.loc 1 286 0
 415 016e 224A     		ldr	r2, .L13+28
 416 0170 214B     		ldr	r3, .L13+28
 417 0172 1B78     		ldrb	r3, [r3]
 418 0174 DBB2     		uxtb	r3, r3
 419 0176 0221     		mov	r1, #2
 420 0178 0B43     		orr	r3, r1
 421 017a DBB2     		uxtb	r3, r3
 422 017c 1370     		strb	r3, [r2]
 287:.\Generated_Source\PSoC4/cyfitter_cfg.c **** 
 288:.\Generated_Source\PSoC4/cyfitter_cfg.c **** 		/* Enable UDB array */
 289:.\Generated_Source\PSoC4/cyfitter_cfg.c **** 		CY_SET_XTND_REG8((void *)CYREG_UDB_UDBIF_WAIT_CFG, (uint8)((CY_GET_XTND_REG8((void *)CYREG_UDB_UD
 423              		.loc 1 289 0
 424 017e 1F4A     		ldr	r2, .L13+32
 425 0180 1E4B     		ldr	r3, .L13+32
 426 0182 1B78     		ldrb	r3, [r3]
 427 0184 DBB2     		uxtb	r3, r3
 428 0186 3C21     		mov	r1, #60
 429 0188 8B43     		bic	r3, r1
 430 018a DBB2     		uxtb	r3, r3
 431 018c 1421     		mov	r1, #20
 432 018e 0B43     		orr	r3, r1
 433 0190 DBB2     		uxtb	r3, r3
 434 0192 1370     		strb	r3, [r2]
 290:.\Generated_Source\PSoC4/cyfitter_cfg.c **** 		CY_SET_XTND_REG8((void *)CYREG_UDB_UDBIF_BANK_CTL, (uint8)(CY_GET_XTND_REG8((void *)CYREG_UDB_UDB
 435              		.loc 1 290 0
 436 0194 184A     		ldr	r2, .L13+28
 437 0196 184B     		ldr	r3, .L13+28
 438 0198 1B78     		ldrb	r3, [r3]
 439 019a DBB2     		uxtb	r3, r3
 440 019c 1621     		mov	r1, #22
 441 019e 0B43     		orr	r3, r1
 442 01a0 DBB2     		uxtb	r3, r3
 443 01a2 1370     		strb	r3, [r2]
 444              	.LBE2:
 291:.\Generated_Source\PSoC4/cyfitter_cfg.c **** 	}
 292:.\Generated_Source\PSoC4/cyfitter_cfg.c **** 
 293:.\Generated_Source\PSoC4/cyfitter_cfg.c **** 	/* Perform second pass device configuration. These items must be configured in specific order afte
 294:.\Generated_Source\PSoC4/cyfitter_cfg.c **** 	/* IOPINS0_0 Starting address: CYDEV_GPIO_PRT0_BASE */
 295:.\Generated_Source\PSoC4/cyfitter_cfg.c **** 	CY_SET_XTND_REG32((void CYFAR *)(CYREG_GPIO_PRT0_PC), 0x00D80000u);
ARM GAS  C:\Users\LINETT~1\AppData\Local\Temp\ccJzLVVd.s 			page 14


 445              		.loc 1 295 0
 446 01a4 164B     		ldr	r3, .L13+36
 447 01a6 D822     		mov	r2, #216
 448 01a8 1204     		lsl	r2, r2, #16
 449 01aa 1A60     		str	r2, [r3]
 296:.\Generated_Source\PSoC4/cyfitter_cfg.c **** 
 297:.\Generated_Source\PSoC4/cyfitter_cfg.c **** 	/* IOPINS0_1 Starting address: CYDEV_GPIO_PRT1_BASE */
 298:.\Generated_Source\PSoC4/cyfitter_cfg.c **** 	CY_SET_XTND_REG32((void CYFAR *)(CYDEV_GPIO_PRT1_BASE), 0x00000020u);
 450              		.loc 1 298 0
 451 01ac 154B     		ldr	r3, .L13+40
 452 01ae 2022     		mov	r2, #32
 453 01b0 1A60     		str	r2, [r3]
 299:.\Generated_Source\PSoC4/cyfitter_cfg.c **** 	CY_SET_XTND_REG32((void CYFAR *)(CYREG_GPIO_PRT1_PC), 0x00031000u);
 454              		.loc 1 299 0
 455 01b2 154B     		ldr	r3, .L13+44
 456 01b4 C422     		mov	r2, #196
 457 01b6 9202     		lsl	r2, r2, #10
 458 01b8 1A60     		str	r2, [r3]
 300:.\Generated_Source\PSoC4/cyfitter_cfg.c **** 	CY_SET_XTND_REG32((void CYFAR *)(CYREG_GPIO_PRT1_PC2), 0x00000020u);
 459              		.loc 1 300 0
 460 01ba 144B     		ldr	r3, .L13+48
 461 01bc 2022     		mov	r2, #32
 462 01be 1A60     		str	r2, [r3]
 301:.\Generated_Source\PSoC4/cyfitter_cfg.c **** 
 302:.\Generated_Source\PSoC4/cyfitter_cfg.c **** 	/* IOPINS0_3 Starting address: CYDEV_GPIO_PRT3_BASE */
 303:.\Generated_Source\PSoC4/cyfitter_cfg.c **** 	CY_SET_XTND_REG32((void CYFAR *)(CYDEV_GPIO_PRT3_BASE), 0x00000007u);
 463              		.loc 1 303 0
 464 01c0 134B     		ldr	r3, .L13+52
 465 01c2 0722     		mov	r2, #7
 466 01c4 1A60     		str	r2, [r3]
 304:.\Generated_Source\PSoC4/cyfitter_cfg.c **** 	CY_SET_XTND_REG32((void CYFAR *)(CYREG_GPIO_PRT3_PC2), 0x00000007u);
 467              		.loc 1 304 0
 468 01c6 134B     		ldr	r3, .L13+56
 469 01c8 0722     		mov	r2, #7
 470 01ca 1A60     		str	r2, [r3]
 305:.\Generated_Source\PSoC4/cyfitter_cfg.c **** 
 306:.\Generated_Source\PSoC4/cyfitter_cfg.c **** 
 307:.\Generated_Source\PSoC4/cyfitter_cfg.c **** 	/* Setup clocks based on selections from Clock DWR */
 308:.\Generated_Source\PSoC4/cyfitter_cfg.c **** 	ClockSetup();
 471              		.loc 1 308 0
 472 01cc FFF718FF 		bl	ClockSetup
 309:.\Generated_Source\PSoC4/cyfitter_cfg.c **** 
 310:.\Generated_Source\PSoC4/cyfitter_cfg.c **** 	/* Perform basic analog initialization to defaults */
 311:.\Generated_Source\PSoC4/cyfitter_cfg.c **** 	AnalogSetDefault();
 473              		.loc 1 311 0
 474 01d0 FFF7FEFF 		bl	AnalogSetDefault
 312:.\Generated_Source\PSoC4/cyfitter_cfg.c **** 
 313:.\Generated_Source\PSoC4/cyfitter_cfg.c **** }
 475              		.loc 1 313 0
 476 01d4 BD46     		mov	sp, r7
 477 01d6 02B0     		add	sp, sp, #8
 478              		@ sp needed
 479 01d8 80BD     		pop	{r7, pc}
 480              	.L14:
 481 01da C046     		.align	2
 482              	.L13:
 483 01dc 6CF02E40 		.word	1076818028
ARM GAS  C:\Users\LINETT~1\AppData\Local\Temp\ccJzLVVd.s 			page 15


 484 01e0 00000000 		.word	cfg_memset_list.4742
 485 01e4 00000240 		.word	1073872896
 486 01e8 00010240 		.word	1073873152
 487 01ec 00500F40 		.word	1074745344
 488 01f0 10500F40 		.word	1074745360
 489 01f4 30500F40 		.word	1074745392
 490 01f8 00700F40 		.word	1074753536
 491 01fc 01700F40 		.word	1074753537
 492 0200 08000440 		.word	1074003976
 493 0204 00010440 		.word	1074004224
 494 0208 08010440 		.word	1074004232
 495 020c 18010440 		.word	1074004248
 496 0210 00030440 		.word	1074004736
 497 0214 18030440 		.word	1074004760
 498              		.cfi_endproc
 499              	.LFE7:
 500              		.size	cyfitter_cfg, .-cyfitter_cfg
 501              		.section	.rodata
 502              		.align	2
 503              		.type	cfg_memset_list.4742, %object
 504              		.size	cfg_memset_list.4742, 12
 505              	cfg_memset_list.4742:
 506 0000 00300F40 		.word	1074737152
 507 0004 0004     		.short	1024
 508 0006 00400F40 		.4byte	1074741248
 509 000a 0004     		.short	1024
 510              		.text
 511              	.Letext0:
 512              		.file 2 "c:\\program files (x86)\\cypress\\psoc creator\\3.3\\psoc creator\\import\\gnu\\arm\\4.9.
 513              		.file 3 ".\\Generated_Source\\PSoC4\\cytypes.h"
 514              		.section	.debug_info,"",%progbits
 515              	.Ldebug_info0:
 516 0000 49020000 		.4byte	0x249
 517 0004 0400     		.2byte	0x4
 518 0006 00000000 		.4byte	.Ldebug_abbrev0
 519 000a 04       		.byte	0x4
 520 000b 01       		.uleb128 0x1
 521 000c A5000000 		.4byte	.LASF29
 522 0010 01       		.byte	0x1
 523 0011 B3010000 		.4byte	.LASF30
 524 0015 3A010000 		.4byte	.LASF31
 525 0019 00000000 		.4byte	.Ldebug_ranges0+0
 526 001d 00000000 		.4byte	0
 527 0021 00000000 		.4byte	.Ldebug_line0
 528 0025 02       		.uleb128 0x2
 529 0026 04       		.byte	0x4
 530 0027 05       		.byte	0x5
 531 0028 696E7400 		.ascii	"int\000"
 532 002c 03       		.uleb128 0x3
 533 002d 06000000 		.4byte	.LASF11
 534 0031 02       		.byte	0x2
 535 0032 D4       		.byte	0xd4
 536 0033 37000000 		.4byte	0x37
 537 0037 04       		.uleb128 0x4
 538 0038 04       		.byte	0x4
 539 0039 07       		.byte	0x7
 540 003a 7A010000 		.4byte	.LASF0
ARM GAS  C:\Users\LINETT~1\AppData\Local\Temp\ccJzLVVd.s 			page 16


 541 003e 04       		.uleb128 0x4
 542 003f 01       		.byte	0x1
 543 0040 06       		.byte	0x6
 544 0041 0A020000 		.4byte	.LASF1
 545 0045 04       		.uleb128 0x4
 546 0046 01       		.byte	0x1
 547 0047 08       		.byte	0x8
 548 0048 83000000 		.4byte	.LASF2
 549 004c 04       		.uleb128 0x4
 550 004d 02       		.byte	0x2
 551 004e 05       		.byte	0x5
 552 004f F7010000 		.4byte	.LASF3
 553 0053 04       		.uleb128 0x4
 554 0054 02       		.byte	0x2
 555 0055 07       		.byte	0x7
 556 0056 39000000 		.4byte	.LASF4
 557 005a 04       		.uleb128 0x4
 558 005b 04       		.byte	0x4
 559 005c 05       		.byte	0x5
 560 005d 01020000 		.4byte	.LASF5
 561 0061 04       		.uleb128 0x4
 562 0062 04       		.byte	0x4
 563 0063 07       		.byte	0x7
 564 0064 61000000 		.4byte	.LASF6
 565 0068 04       		.uleb128 0x4
 566 0069 08       		.byte	0x8
 567 006a 05       		.byte	0x5
 568 006b E4010000 		.4byte	.LASF7
 569 006f 04       		.uleb128 0x4
 570 0070 08       		.byte	0x8
 571 0071 07       		.byte	0x7
 572 0072 8F010000 		.4byte	.LASF8
 573 0076 04       		.uleb128 0x4
 574 0077 04       		.byte	0x4
 575 0078 07       		.byte	0x7
 576 0079 DB010000 		.4byte	.LASF9
 577 007d 05       		.uleb128 0x5
 578 007e 04       		.byte	0x4
 579 007f 04       		.uleb128 0x4
 580 0080 01       		.byte	0x1
 581 0081 08       		.byte	0x8
 582 0082 F2010000 		.4byte	.LASF10
 583 0086 06       		.uleb128 0x6
 584 0087 73000000 		.4byte	.LASF12
 585 008b 03       		.byte	0x3
 586 008c 3801     		.2byte	0x138
 587 008e 45000000 		.4byte	0x45
 588 0092 06       		.uleb128 0x6
 589 0093 33010000 		.4byte	.LASF13
 590 0097 03       		.byte	0x3
 591 0098 3901     		.2byte	0x139
 592 009a 53000000 		.4byte	0x53
 593 009e 06       		.uleb128 0x6
 594 009f 73010000 		.4byte	.LASF14
 595 00a3 03       		.byte	0x3
 596 00a4 3A01     		.2byte	0x13a
 597 00a6 61000000 		.4byte	0x61
ARM GAS  C:\Users\LINETT~1\AppData\Local\Temp\ccJzLVVd.s 			page 17


 598 00aa 04       		.uleb128 0x4
 599 00ab 04       		.byte	0x4
 600 00ac 04       		.byte	0x4
 601 00ad 4C000000 		.4byte	.LASF15
 602 00b1 04       		.uleb128 0x4
 603 00b2 08       		.byte	0x8
 604 00b3 04       		.byte	0x4
 605 00b4 91000000 		.4byte	.LASF16
 606 00b8 06       		.uleb128 0x6
 607 00b9 5C000000 		.4byte	.LASF17
 608 00bd 03       		.byte	0x3
 609 00be E201     		.2byte	0x1e2
 610 00c0 C4000000 		.4byte	0xc4
 611 00c4 07       		.uleb128 0x7
 612 00c5 86000000 		.4byte	0x86
 613 00c9 06       		.uleb128 0x6
 614 00ca 00000000 		.4byte	.LASF18
 615 00ce 03       		.byte	0x3
 616 00cf E401     		.2byte	0x1e4
 617 00d1 D5000000 		.4byte	0xd5
 618 00d5 07       		.uleb128 0x7
 619 00d6 9E000000 		.4byte	0x9e
 620 00da 08       		.uleb128 0x8
 621 00db 79000000 		.4byte	.LASF19
 622 00df 01       		.byte	0x1
 623 00e0 3C       		.byte	0x3c
 624 00e1 00000000 		.4byte	.LFB2
 625 00e5 1E000000 		.4byte	.LFE2-.LFB2
 626 00e9 01       		.uleb128 0x1
 627 00ea 9C       		.byte	0x9c
 628 00eb 08010000 		.4byte	0x108
 629 00ef 09       		.uleb128 0x9
 630 00f0 7300     		.ascii	"s\000"
 631 00f2 01       		.byte	0x1
 632 00f3 3C       		.byte	0x3c
 633 00f4 7D000000 		.4byte	0x7d
 634 00f8 02       		.uleb128 0x2
 635 00f9 91       		.byte	0x91
 636 00fa 74       		.sleb128 -12
 637 00fb 09       		.uleb128 0x9
 638 00fc 6E00     		.ascii	"n\000"
 639 00fe 01       		.byte	0x1
 640 00ff 3C       		.byte	0x3c
 641 0100 2C000000 		.4byte	0x2c
 642 0104 02       		.uleb128 0x2
 643 0105 91       		.byte	0x91
 644 0106 70       		.sleb128 -16
 645 0107 00       		.byte	0
 646 0108 08       		.uleb128 0x8
 647 0109 26020000 		.4byte	.LASF20
 648 010d 01       		.byte	0x1
 649 010e 43       		.byte	0x43
 650 010f 00000000 		.4byte	.LFB3
 651 0113 22000000 		.4byte	.LFE3-.LFB3
 652 0117 01       		.uleb128 0x1
 653 0118 9C       		.byte	0x9c
 654 0119 46010000 		.4byte	0x146
ARM GAS  C:\Users\LINETT~1\AppData\Local\Temp\ccJzLVVd.s 			page 18


 655 011d 0A       		.uleb128 0xa
 656 011e 52000000 		.4byte	.LASF21
 657 0122 01       		.byte	0x1
 658 0123 43       		.byte	0x43
 659 0124 7D000000 		.4byte	0x7d
 660 0128 02       		.uleb128 0x2
 661 0129 91       		.byte	0x91
 662 012a 74       		.sleb128 -12
 663 012b 09       		.uleb128 0x9
 664 012c 73726300 		.ascii	"src\000"
 665 0130 01       		.byte	0x1
 666 0131 43       		.byte	0x43
 667 0132 46010000 		.4byte	0x146
 668 0136 02       		.uleb128 0x2
 669 0137 91       		.byte	0x91
 670 0138 70       		.sleb128 -16
 671 0139 09       		.uleb128 0x9
 672 013a 6E00     		.ascii	"n\000"
 673 013c 01       		.byte	0x1
 674 013d 43       		.byte	0x43
 675 013e 2C000000 		.4byte	0x2c
 676 0142 02       		.uleb128 0x2
 677 0143 91       		.byte	0x91
 678 0144 6C       		.sleb128 -20
 679 0145 00       		.byte	0
 680 0146 0B       		.uleb128 0xb
 681 0147 04       		.byte	0x4
 682 0148 4C010000 		.4byte	0x14c
 683 014c 0C       		.uleb128 0xc
 684 014d 08       		.uleb128 0x8
 685 014e 16020000 		.4byte	.LASF22
 686 0152 01       		.byte	0x1
 687 0153 4A       		.byte	0x4a
 688 0154 00000000 		.4byte	.LFB4
 689 0158 22000000 		.4byte	.LFE4-.LFB4
 690 015c 01       		.uleb128 0x1
 691 015d 9C       		.byte	0x9c
 692 015e 8B010000 		.4byte	0x18b
 693 0162 0A       		.uleb128 0xa
 694 0163 52000000 		.4byte	.LASF21
 695 0167 01       		.byte	0x1
 696 0168 4A       		.byte	0x4a
 697 0169 7D000000 		.4byte	0x7d
 698 016d 02       		.uleb128 0x2
 699 016e 91       		.byte	0x91
 700 016f 74       		.sleb128 -12
 701 0170 09       		.uleb128 0x9
 702 0171 73726300 		.ascii	"src\000"
 703 0175 01       		.byte	0x1
 704 0176 4A       		.byte	0x4a
 705 0177 46010000 		.4byte	0x146
 706 017b 02       		.uleb128 0x2
 707 017c 91       		.byte	0x91
 708 017d 70       		.sleb128 -16
 709 017e 09       		.uleb128 0x9
 710 017f 6E00     		.ascii	"n\000"
 711 0181 01       		.byte	0x1
ARM GAS  C:\Users\LINETT~1\AppData\Local\Temp\ccJzLVVd.s 			page 19


 712 0182 4A       		.byte	0x4a
 713 0183 2C000000 		.4byte	0x2c
 714 0187 02       		.uleb128 0x2
 715 0188 91       		.byte	0x91
 716 0189 6C       		.sleb128 -20
 717 018a 00       		.byte	0
 718 018b 0D       		.uleb128 0xd
 719 018c 2E000000 		.4byte	.LASF23
 720 0190 01       		.byte	0x1
 721 0191 91       		.byte	0x91
 722 0192 00000000 		.4byte	.LFB5
 723 0196 E0000000 		.4byte	.LFE5-.LFB5
 724 019a 01       		.uleb128 0x1
 725 019b 9C       		.byte	0x9c
 726 019c 0E       		.uleb128 0xe
 727 019d 0D000000 		.4byte	.LASF24
 728 01a1 01       		.byte	0x1
 729 01a2 D5       		.byte	0xd5
 730 01a3 00000000 		.4byte	.LFB6
 731 01a7 48000000 		.4byte	.LFE6-.LFB6
 732 01ab 01       		.uleb128 0x1
 733 01ac 9C       		.byte	0x9c
 734 01ad 0F       		.uleb128 0xf
 735 01ae 98000000 		.4byte	.LASF32
 736 01b2 01       		.byte	0x1
 737 01b3 F3       		.byte	0xf3
 738 01b4 E0000000 		.4byte	.LFB7
 739 01b8 38010000 		.4byte	.LFE7-.LFB7
 740 01bc 01       		.uleb128 0x1
 741 01bd 9C       		.byte	0x9c
 742 01be 10       		.uleb128 0x10
 743 01bf EE000000 		.4byte	.LBB2
 744 01c3 B6000000 		.4byte	.LBE2-.LBB2
 745 01c7 11       		.uleb128 0x11
 746 01c8 06       		.byte	0x6
 747 01c9 01       		.byte	0x1
 748 01ca FC       		.byte	0xfc
 749 01cb E8010000 		.4byte	0x1e8
 750 01cf 12       		.uleb128 0x12
 751 01d0 87010000 		.4byte	.LASF25
 752 01d4 01       		.byte	0x1
 753 01d5 FD       		.byte	0xfd
 754 01d6 7D000000 		.4byte	0x7d
 755 01da 00       		.byte	0
 756 01db 12       		.uleb128 0x12
 757 01dc 57000000 		.4byte	.LASF26
 758 01e0 01       		.byte	0x1
 759 01e1 FE       		.byte	0xfe
 760 01e2 92000000 		.4byte	0x92
 761 01e6 04       		.byte	0x4
 762 01e7 00       		.byte	0
 763 01e8 03       		.uleb128 0x3
 764 01e9 A6010000 		.4byte	.LASF27
 765 01ed 01       		.byte	0x1
 766 01ee FF       		.byte	0xff
 767 01ef C7010000 		.4byte	0x1c7
 768 01f3 13       		.uleb128 0x13
ARM GAS  C:\Users\LINETT~1\AppData\Local\Temp\ccJzLVVd.s 			page 20


 769 01f4 E8010000 		.4byte	0x1e8
 770 01f8 03020000 		.4byte	0x203
 771 01fc 14       		.uleb128 0x14
 772 01fd 76000000 		.4byte	0x76
 773 0201 01       		.byte	0x1
 774 0202 00       		.byte	0
 775 0203 15       		.uleb128 0x15
 776 0204 1E000000 		.4byte	.LASF28
 777 0208 01       		.byte	0x1
 778 0209 0101     		.2byte	0x101
 779 020b 15020000 		.4byte	0x215
 780 020f 05       		.uleb128 0x5
 781 0210 03       		.byte	0x3
 782 0211 00000000 		.4byte	cfg_memset_list.4742
 783 0215 16       		.uleb128 0x16
 784 0216 F3010000 		.4byte	0x1f3
 785 021a 17       		.uleb128 0x17
 786 021b 6900     		.ascii	"i\000"
 787 021d 01       		.byte	0x1
 788 021e 0701     		.2byte	0x107
 789 0220 86000000 		.4byte	0x86
 790 0224 02       		.uleb128 0x2
 791 0225 91       		.byte	0x91
 792 0226 77       		.sleb128 -9
 793 0227 10       		.uleb128 0x10
 794 0228 F6000000 		.4byte	.LBB3
 795 022c 3E000000 		.4byte	.LBE3-.LBB3
 796 0230 17       		.uleb128 0x17
 797 0231 6D7300   		.ascii	"ms\000"
 798 0234 01       		.byte	0x1
 799 0235 0C01     		.2byte	0x10c
 800 0237 3E020000 		.4byte	0x23e
 801 023b 02       		.uleb128 0x2
 802 023c 91       		.byte	0x91
 803 023d 70       		.sleb128 -16
 804 023e 0B       		.uleb128 0xb
 805 023f 04       		.byte	0x4
 806 0240 44020000 		.4byte	0x244
 807 0244 16       		.uleb128 0x16
 808 0245 E8010000 		.4byte	0x1e8
 809 0249 00       		.byte	0
 810 024a 00       		.byte	0
 811 024b 00       		.byte	0
 812 024c 00       		.byte	0
 813              		.section	.debug_abbrev,"",%progbits
 814              	.Ldebug_abbrev0:
 815 0000 01       		.uleb128 0x1
 816 0001 11       		.uleb128 0x11
 817 0002 01       		.byte	0x1
 818 0003 25       		.uleb128 0x25
 819 0004 0E       		.uleb128 0xe
 820 0005 13       		.uleb128 0x13
 821 0006 0B       		.uleb128 0xb
 822 0007 03       		.uleb128 0x3
 823 0008 0E       		.uleb128 0xe
 824 0009 1B       		.uleb128 0x1b
 825 000a 0E       		.uleb128 0xe
ARM GAS  C:\Users\LINETT~1\AppData\Local\Temp\ccJzLVVd.s 			page 21


 826 000b 55       		.uleb128 0x55
 827 000c 17       		.uleb128 0x17
 828 000d 11       		.uleb128 0x11
 829 000e 01       		.uleb128 0x1
 830 000f 10       		.uleb128 0x10
 831 0010 17       		.uleb128 0x17
 832 0011 00       		.byte	0
 833 0012 00       		.byte	0
 834 0013 02       		.uleb128 0x2
 835 0014 24       		.uleb128 0x24
 836 0015 00       		.byte	0
 837 0016 0B       		.uleb128 0xb
 838 0017 0B       		.uleb128 0xb
 839 0018 3E       		.uleb128 0x3e
 840 0019 0B       		.uleb128 0xb
 841 001a 03       		.uleb128 0x3
 842 001b 08       		.uleb128 0x8
 843 001c 00       		.byte	0
 844 001d 00       		.byte	0
 845 001e 03       		.uleb128 0x3
 846 001f 16       		.uleb128 0x16
 847 0020 00       		.byte	0
 848 0021 03       		.uleb128 0x3
 849 0022 0E       		.uleb128 0xe
 850 0023 3A       		.uleb128 0x3a
 851 0024 0B       		.uleb128 0xb
 852 0025 3B       		.uleb128 0x3b
 853 0026 0B       		.uleb128 0xb
 854 0027 49       		.uleb128 0x49
 855 0028 13       		.uleb128 0x13
 856 0029 00       		.byte	0
 857 002a 00       		.byte	0
 858 002b 04       		.uleb128 0x4
 859 002c 24       		.uleb128 0x24
 860 002d 00       		.byte	0
 861 002e 0B       		.uleb128 0xb
 862 002f 0B       		.uleb128 0xb
 863 0030 3E       		.uleb128 0x3e
 864 0031 0B       		.uleb128 0xb
 865 0032 03       		.uleb128 0x3
 866 0033 0E       		.uleb128 0xe
 867 0034 00       		.byte	0
 868 0035 00       		.byte	0
 869 0036 05       		.uleb128 0x5
 870 0037 0F       		.uleb128 0xf
 871 0038 00       		.byte	0
 872 0039 0B       		.uleb128 0xb
 873 003a 0B       		.uleb128 0xb
 874 003b 00       		.byte	0
 875 003c 00       		.byte	0
 876 003d 06       		.uleb128 0x6
 877 003e 16       		.uleb128 0x16
 878 003f 00       		.byte	0
 879 0040 03       		.uleb128 0x3
 880 0041 0E       		.uleb128 0xe
 881 0042 3A       		.uleb128 0x3a
 882 0043 0B       		.uleb128 0xb
ARM GAS  C:\Users\LINETT~1\AppData\Local\Temp\ccJzLVVd.s 			page 22


 883 0044 3B       		.uleb128 0x3b
 884 0045 05       		.uleb128 0x5
 885 0046 49       		.uleb128 0x49
 886 0047 13       		.uleb128 0x13
 887 0048 00       		.byte	0
 888 0049 00       		.byte	0
 889 004a 07       		.uleb128 0x7
 890 004b 35       		.uleb128 0x35
 891 004c 00       		.byte	0
 892 004d 49       		.uleb128 0x49
 893 004e 13       		.uleb128 0x13
 894 004f 00       		.byte	0
 895 0050 00       		.byte	0
 896 0051 08       		.uleb128 0x8
 897 0052 2E       		.uleb128 0x2e
 898 0053 01       		.byte	0x1
 899 0054 03       		.uleb128 0x3
 900 0055 0E       		.uleb128 0xe
 901 0056 3A       		.uleb128 0x3a
 902 0057 0B       		.uleb128 0xb
 903 0058 3B       		.uleb128 0x3b
 904 0059 0B       		.uleb128 0xb
 905 005a 27       		.uleb128 0x27
 906 005b 19       		.uleb128 0x19
 907 005c 11       		.uleb128 0x11
 908 005d 01       		.uleb128 0x1
 909 005e 12       		.uleb128 0x12
 910 005f 06       		.uleb128 0x6
 911 0060 40       		.uleb128 0x40
 912 0061 18       		.uleb128 0x18
 913 0062 9642     		.uleb128 0x2116
 914 0064 19       		.uleb128 0x19
 915 0065 01       		.uleb128 0x1
 916 0066 13       		.uleb128 0x13
 917 0067 00       		.byte	0
 918 0068 00       		.byte	0
 919 0069 09       		.uleb128 0x9
 920 006a 05       		.uleb128 0x5
 921 006b 00       		.byte	0
 922 006c 03       		.uleb128 0x3
 923 006d 08       		.uleb128 0x8
 924 006e 3A       		.uleb128 0x3a
 925 006f 0B       		.uleb128 0xb
 926 0070 3B       		.uleb128 0x3b
 927 0071 0B       		.uleb128 0xb
 928 0072 49       		.uleb128 0x49
 929 0073 13       		.uleb128 0x13
 930 0074 02       		.uleb128 0x2
 931 0075 18       		.uleb128 0x18
 932 0076 00       		.byte	0
 933 0077 00       		.byte	0
 934 0078 0A       		.uleb128 0xa
 935 0079 05       		.uleb128 0x5
 936 007a 00       		.byte	0
 937 007b 03       		.uleb128 0x3
 938 007c 0E       		.uleb128 0xe
 939 007d 3A       		.uleb128 0x3a
ARM GAS  C:\Users\LINETT~1\AppData\Local\Temp\ccJzLVVd.s 			page 23


 940 007e 0B       		.uleb128 0xb
 941 007f 3B       		.uleb128 0x3b
 942 0080 0B       		.uleb128 0xb
 943 0081 49       		.uleb128 0x49
 944 0082 13       		.uleb128 0x13
 945 0083 02       		.uleb128 0x2
 946 0084 18       		.uleb128 0x18
 947 0085 00       		.byte	0
 948 0086 00       		.byte	0
 949 0087 0B       		.uleb128 0xb
 950 0088 0F       		.uleb128 0xf
 951 0089 00       		.byte	0
 952 008a 0B       		.uleb128 0xb
 953 008b 0B       		.uleb128 0xb
 954 008c 49       		.uleb128 0x49
 955 008d 13       		.uleb128 0x13
 956 008e 00       		.byte	0
 957 008f 00       		.byte	0
 958 0090 0C       		.uleb128 0xc
 959 0091 26       		.uleb128 0x26
 960 0092 00       		.byte	0
 961 0093 00       		.byte	0
 962 0094 00       		.byte	0
 963 0095 0D       		.uleb128 0xd
 964 0096 2E       		.uleb128 0x2e
 965 0097 00       		.byte	0
 966 0098 03       		.uleb128 0x3
 967 0099 0E       		.uleb128 0xe
 968 009a 3A       		.uleb128 0x3a
 969 009b 0B       		.uleb128 0xb
 970 009c 3B       		.uleb128 0x3b
 971 009d 0B       		.uleb128 0xb
 972 009e 27       		.uleb128 0x27
 973 009f 19       		.uleb128 0x19
 974 00a0 11       		.uleb128 0x11
 975 00a1 01       		.uleb128 0x1
 976 00a2 12       		.uleb128 0x12
 977 00a3 06       		.uleb128 0x6
 978 00a4 40       		.uleb128 0x40
 979 00a5 18       		.uleb128 0x18
 980 00a6 9642     		.uleb128 0x2116
 981 00a8 19       		.uleb128 0x19
 982 00a9 00       		.byte	0
 983 00aa 00       		.byte	0
 984 00ab 0E       		.uleb128 0xe
 985 00ac 2E       		.uleb128 0x2e
 986 00ad 00       		.byte	0
 987 00ae 03       		.uleb128 0x3
 988 00af 0E       		.uleb128 0xe
 989 00b0 3A       		.uleb128 0x3a
 990 00b1 0B       		.uleb128 0xb
 991 00b2 3B       		.uleb128 0x3b
 992 00b3 0B       		.uleb128 0xb
 993 00b4 27       		.uleb128 0x27
 994 00b5 19       		.uleb128 0x19
 995 00b6 11       		.uleb128 0x11
 996 00b7 01       		.uleb128 0x1
ARM GAS  C:\Users\LINETT~1\AppData\Local\Temp\ccJzLVVd.s 			page 24


 997 00b8 12       		.uleb128 0x12
 998 00b9 06       		.uleb128 0x6
 999 00ba 40       		.uleb128 0x40
 1000 00bb 18       		.uleb128 0x18
 1001 00bc 9742     		.uleb128 0x2117
 1002 00be 19       		.uleb128 0x19
 1003 00bf 00       		.byte	0
 1004 00c0 00       		.byte	0
 1005 00c1 0F       		.uleb128 0xf
 1006 00c2 2E       		.uleb128 0x2e
 1007 00c3 01       		.byte	0x1
 1008 00c4 3F       		.uleb128 0x3f
 1009 00c5 19       		.uleb128 0x19
 1010 00c6 03       		.uleb128 0x3
 1011 00c7 0E       		.uleb128 0xe
 1012 00c8 3A       		.uleb128 0x3a
 1013 00c9 0B       		.uleb128 0xb
 1014 00ca 3B       		.uleb128 0x3b
 1015 00cb 0B       		.uleb128 0xb
 1016 00cc 27       		.uleb128 0x27
 1017 00cd 19       		.uleb128 0x19
 1018 00ce 11       		.uleb128 0x11
 1019 00cf 01       		.uleb128 0x1
 1020 00d0 12       		.uleb128 0x12
 1021 00d1 06       		.uleb128 0x6
 1022 00d2 40       		.uleb128 0x40
 1023 00d3 18       		.uleb128 0x18
 1024 00d4 9642     		.uleb128 0x2116
 1025 00d6 19       		.uleb128 0x19
 1026 00d7 00       		.byte	0
 1027 00d8 00       		.byte	0
 1028 00d9 10       		.uleb128 0x10
 1029 00da 0B       		.uleb128 0xb
 1030 00db 01       		.byte	0x1
 1031 00dc 11       		.uleb128 0x11
 1032 00dd 01       		.uleb128 0x1
 1033 00de 12       		.uleb128 0x12
 1034 00df 06       		.uleb128 0x6
 1035 00e0 00       		.byte	0
 1036 00e1 00       		.byte	0
 1037 00e2 11       		.uleb128 0x11
 1038 00e3 13       		.uleb128 0x13
 1039 00e4 01       		.byte	0x1
 1040 00e5 0B       		.uleb128 0xb
 1041 00e6 0B       		.uleb128 0xb
 1042 00e7 3A       		.uleb128 0x3a
 1043 00e8 0B       		.uleb128 0xb
 1044 00e9 3B       		.uleb128 0x3b
 1045 00ea 0B       		.uleb128 0xb
 1046 00eb 01       		.uleb128 0x1
 1047 00ec 13       		.uleb128 0x13
 1048 00ed 00       		.byte	0
 1049 00ee 00       		.byte	0
 1050 00ef 12       		.uleb128 0x12
 1051 00f0 0D       		.uleb128 0xd
 1052 00f1 00       		.byte	0
 1053 00f2 03       		.uleb128 0x3
ARM GAS  C:\Users\LINETT~1\AppData\Local\Temp\ccJzLVVd.s 			page 25


 1054 00f3 0E       		.uleb128 0xe
 1055 00f4 3A       		.uleb128 0x3a
 1056 00f5 0B       		.uleb128 0xb
 1057 00f6 3B       		.uleb128 0x3b
 1058 00f7 0B       		.uleb128 0xb
 1059 00f8 49       		.uleb128 0x49
 1060 00f9 13       		.uleb128 0x13
 1061 00fa 38       		.uleb128 0x38
 1062 00fb 0B       		.uleb128 0xb
 1063 00fc 00       		.byte	0
 1064 00fd 00       		.byte	0
 1065 00fe 13       		.uleb128 0x13
 1066 00ff 01       		.uleb128 0x1
 1067 0100 01       		.byte	0x1
 1068 0101 49       		.uleb128 0x49
 1069 0102 13       		.uleb128 0x13
 1070 0103 01       		.uleb128 0x1
 1071 0104 13       		.uleb128 0x13
 1072 0105 00       		.byte	0
 1073 0106 00       		.byte	0
 1074 0107 14       		.uleb128 0x14
 1075 0108 21       		.uleb128 0x21
 1076 0109 00       		.byte	0
 1077 010a 49       		.uleb128 0x49
 1078 010b 13       		.uleb128 0x13
 1079 010c 2F       		.uleb128 0x2f
 1080 010d 0B       		.uleb128 0xb
 1081 010e 00       		.byte	0
 1082 010f 00       		.byte	0
 1083 0110 15       		.uleb128 0x15
 1084 0111 34       		.uleb128 0x34
 1085 0112 00       		.byte	0
 1086 0113 03       		.uleb128 0x3
 1087 0114 0E       		.uleb128 0xe
 1088 0115 3A       		.uleb128 0x3a
 1089 0116 0B       		.uleb128 0xb
 1090 0117 3B       		.uleb128 0x3b
 1091 0118 05       		.uleb128 0x5
 1092 0119 49       		.uleb128 0x49
 1093 011a 13       		.uleb128 0x13
 1094 011b 02       		.uleb128 0x2
 1095 011c 18       		.uleb128 0x18
 1096 011d 00       		.byte	0
 1097 011e 00       		.byte	0
 1098 011f 16       		.uleb128 0x16
 1099 0120 26       		.uleb128 0x26
 1100 0121 00       		.byte	0
 1101 0122 49       		.uleb128 0x49
 1102 0123 13       		.uleb128 0x13
 1103 0124 00       		.byte	0
 1104 0125 00       		.byte	0
 1105 0126 17       		.uleb128 0x17
 1106 0127 34       		.uleb128 0x34
 1107 0128 00       		.byte	0
 1108 0129 03       		.uleb128 0x3
 1109 012a 08       		.uleb128 0x8
 1110 012b 3A       		.uleb128 0x3a
ARM GAS  C:\Users\LINETT~1\AppData\Local\Temp\ccJzLVVd.s 			page 26


 1111 012c 0B       		.uleb128 0xb
 1112 012d 3B       		.uleb128 0x3b
 1113 012e 05       		.uleb128 0x5
 1114 012f 49       		.uleb128 0x49
 1115 0130 13       		.uleb128 0x13
 1116 0131 02       		.uleb128 0x2
 1117 0132 18       		.uleb128 0x18
 1118 0133 00       		.byte	0
 1119 0134 00       		.byte	0
 1120 0135 00       		.byte	0
 1121              		.section	.debug_aranges,"",%progbits
 1122 0000 44000000 		.4byte	0x44
 1123 0004 0200     		.2byte	0x2
 1124 0006 00000000 		.4byte	.Ldebug_info0
 1125 000a 04       		.byte	0x4
 1126 000b 00       		.byte	0
 1127 000c 0000     		.2byte	0
 1128 000e 0000     		.2byte	0
 1129 0010 00000000 		.4byte	.LFB2
 1130 0014 1E000000 		.4byte	.LFE2-.LFB2
 1131 0018 00000000 		.4byte	.LFB3
 1132 001c 22000000 		.4byte	.LFE3-.LFB3
 1133 0020 00000000 		.4byte	.LFB4
 1134 0024 22000000 		.4byte	.LFE4-.LFB4
 1135 0028 00000000 		.4byte	.LFB5
 1136 002c E0000000 		.4byte	.LFE5-.LFB5
 1137 0030 00000000 		.4byte	.LFB6
 1138 0034 48000000 		.4byte	.LFE6-.LFB6
 1139 0038 E0000000 		.4byte	.LFB7
 1140 003c 38010000 		.4byte	.LFE7-.LFB7
 1141 0040 00000000 		.4byte	0
 1142 0044 00000000 		.4byte	0
 1143              		.section	.debug_ranges,"",%progbits
 1144              	.Ldebug_ranges0:
 1145 0000 00000000 		.4byte	.LFB2
 1146 0004 1E000000 		.4byte	.LFE2
 1147 0008 00000000 		.4byte	.LFB3
 1148 000c 22000000 		.4byte	.LFE3
 1149 0010 00000000 		.4byte	.LFB4
 1150 0014 22000000 		.4byte	.LFE4
 1151 0018 00000000 		.4byte	.LFB5
 1152 001c E0000000 		.4byte	.LFE5
 1153 0020 00000000 		.4byte	.LFB6
 1154 0024 48000000 		.4byte	.LFE6
 1155 0028 E0000000 		.4byte	.LFB7
 1156 002c 18020000 		.4byte	.LFE7
 1157 0030 00000000 		.4byte	0
 1158 0034 00000000 		.4byte	0
 1159              		.section	.debug_line,"",%progbits
 1160              	.Ldebug_line0:
 1161 0000 76010000 		.section	.debug_str,"MS",%progbits,1
 1161      0200CD00 
 1161      00000201 
 1161      FB0E0D00 
 1161      01010101 
 1162              	.LASF18:
 1163 0000 72656733 		.ascii	"reg32\000"
ARM GAS  C:\Users\LINETT~1\AppData\Local\Temp\ccJzLVVd.s 			page 27


 1163      3200
 1164              	.LASF11:
 1165 0006 73697A65 		.ascii	"size_t\000"
 1165      5F7400
 1166              	.LASF24:
 1167 000d 416E616C 		.ascii	"AnalogSetDefault\000"
 1167      6F675365 
 1167      74446566 
 1167      61756C74 
 1167      00
 1168              	.LASF28:
 1169 001e 6366675F 		.ascii	"cfg_memset_list\000"
 1169      6D656D73 
 1169      65745F6C 
 1169      69737400 
 1170              	.LASF23:
 1171 002e 436C6F63 		.ascii	"ClockSetup\000"
 1171      6B536574 
 1171      757000
 1172              	.LASF4:
 1173 0039 73686F72 		.ascii	"short unsigned int\000"
 1173      7420756E 
 1173      7369676E 
 1173      65642069 
 1173      6E7400
 1174              	.LASF15:
 1175 004c 666C6F61 		.ascii	"float\000"
 1175      7400
 1176              	.LASF21:
 1177 0052 64657374 		.ascii	"dest\000"
 1177      00
 1178              	.LASF26:
 1179 0057 73697A65 		.ascii	"size\000"
 1179      00
 1180              	.LASF17:
 1181 005c 72656738 		.ascii	"reg8\000"
 1181      00
 1182              	.LASF6:
 1183 0061 6C6F6E67 		.ascii	"long unsigned int\000"
 1183      20756E73 
 1183      69676E65 
 1183      6420696E 
 1183      7400
 1184              	.LASF12:
 1185 0073 75696E74 		.ascii	"uint8\000"
 1185      3800
 1186              	.LASF19:
 1187 0079 43594D45 		.ascii	"CYMEMZERO\000"
 1187      4D5A4552 
 1187      4F00
 1188              	.LASF2:
 1189 0083 756E7369 		.ascii	"unsigned char\000"
 1189      676E6564 
 1189      20636861 
 1189      7200
 1190              	.LASF16:
 1191 0091 646F7562 		.ascii	"double\000"
ARM GAS  C:\Users\LINETT~1\AppData\Local\Temp\ccJzLVVd.s 			page 28


 1191      6C6500
 1192              	.LASF32:
 1193 0098 63796669 		.ascii	"cyfitter_cfg\000"
 1193      74746572 
 1193      5F636667 
 1193      00
 1194              	.LASF29:
 1195 00a5 474E5520 		.ascii	"GNU C 4.9.3 20150303 (release) [ARM/embedded-4_9-br"
 1195      4320342E 
 1195      392E3320 
 1195      32303135 
 1195      30333033 
 1196 00d8 616E6368 		.ascii	"anch revision 221220] -mcpu=cortex-m0 -mthumb -g -O"
 1196      20726576 
 1196      6973696F 
 1196      6E203232 
 1196      31323230 
 1197 010b 30202D66 		.ascii	"0 -ffunction-sections -ffat-lto-objects\000"
 1197      66756E63 
 1197      74696F6E 
 1197      2D736563 
 1197      74696F6E 
 1198              	.LASF13:
 1199 0133 75696E74 		.ascii	"uint16\000"
 1199      313600
 1200              	.LASF31:
 1201 013a 433A5C55 		.ascii	"C:\\Users\\Linette Helena\\Desktop\\store_kit_3kana"
 1201      73657273 
 1201      5C4C696E 
 1201      65747465 
 1201      2048656C 
 1202 0169 6C65722E 		.ascii	"ler.cydsn\000"
 1202      63796473 
 1202      6E00
 1203              	.LASF14:
 1204 0173 75696E74 		.ascii	"uint32\000"
 1204      333200
 1205              	.LASF0:
 1206 017a 756E7369 		.ascii	"unsigned int\000"
 1206      676E6564 
 1206      20696E74 
 1206      00
 1207              	.LASF25:
 1208 0187 61646472 		.ascii	"address\000"
 1208      65737300 
 1209              	.LASF8:
 1210 018f 6C6F6E67 		.ascii	"long long unsigned int\000"
 1210      206C6F6E 
 1210      6720756E 
 1210      7369676E 
 1210      65642069 
 1211              	.LASF27:
 1212 01a6 6366675F 		.ascii	"cfg_memset_t\000"
 1212      6D656D73 
 1212      65745F74 
 1212      00
 1213              	.LASF30:
ARM GAS  C:\Users\LINETT~1\AppData\Local\Temp\ccJzLVVd.s 			page 29


 1214 01b3 2E5C4765 		.ascii	".\\Generated_Source\\PSoC4\\cyfitter_cfg.c\000"
 1214      6E657261 
 1214      7465645F 
 1214      536F7572 
 1214      63655C50 
 1215              	.LASF9:
 1216 01db 73697A65 		.ascii	"sizetype\000"
 1216      74797065 
 1216      00
 1217              	.LASF7:
 1218 01e4 6C6F6E67 		.ascii	"long long int\000"
 1218      206C6F6E 
 1218      6720696E 
 1218      7400
 1219              	.LASF10:
 1220 01f2 63686172 		.ascii	"char\000"
 1220      00
 1221              	.LASF3:
 1222 01f7 73686F72 		.ascii	"short int\000"
 1222      7420696E 
 1222      7400
 1223              	.LASF5:
 1224 0201 6C6F6E67 		.ascii	"long int\000"
 1224      20696E74 
 1224      00
 1225              	.LASF1:
 1226 020a 7369676E 		.ascii	"signed char\000"
 1226      65642063 
 1226      68617200 
 1227              	.LASF22:
 1228 0216 4359434F 		.ascii	"CYCONFIGCPYCODE\000"
 1228      4E464947 
 1228      43505943 
 1228      4F444500 
 1229              	.LASF20:
 1230 0226 4359434F 		.ascii	"CYCONFIGCPY\000"
 1230      4E464947 
 1230      43505900 
 1231              		.ident	"GCC: (GNU Tools for ARM Embedded Processors) 4.9.3 20150303 (release) [ARM/embedded-4_9-br
