ARM GAS  C:\Users\passw\AppData\Local\Temp\ccx2WyhC.s 			page 1


   1              		.cpu cortex-m0
   2              		.fpu softvfp
   3              		.eabi_attribute 20, 1
   4              		.eabi_attribute 21, 1
   5              		.eabi_attribute 23, 3
   6              		.eabi_attribute 24, 1
   7              		.eabi_attribute 25, 1
   8              		.eabi_attribute 26, 1
   9              		.eabi_attribute 30, 1
  10              		.eabi_attribute 34, 0
  11              		.eabi_attribute 18, 4
  12              		.code	16
  13              		.file	"cyfitter_cfg.c"
  14              		.text
  15              	.Ltext0:
  16              		.cfi_sections	.debug_frame
  17              		.section	.text.AnalogSetDefault,"ax",%progbits
  18              		.align	2
  19              		.code	16
  20              		.thumb_func
  21              		.type	AnalogSetDefault, %function
  22              	AnalogSetDefault:
  23              	.LFB5:
  24              		.file 1 ".\\Generated_Source\\PSoC4\\cyfitter_cfg.c"
   1:.\Generated_Source\PSoC4/cyfitter_cfg.c **** /*******************************************************************************
   2:.\Generated_Source\PSoC4/cyfitter_cfg.c **** * File Name: cyfitter_cfg.c
   3:.\Generated_Source\PSoC4/cyfitter_cfg.c **** * 
   4:.\Generated_Source\PSoC4/cyfitter_cfg.c **** * PSoC Creator  3.3 SP1
   5:.\Generated_Source\PSoC4/cyfitter_cfg.c **** *
   6:.\Generated_Source\PSoC4/cyfitter_cfg.c **** * Description:
   7:.\Generated_Source\PSoC4/cyfitter_cfg.c **** * This file contains device initialization code.
   8:.\Generated_Source\PSoC4/cyfitter_cfg.c **** * Except for the user defined sections in CyClockStartupError(), this file should not be modified.
   9:.\Generated_Source\PSoC4/cyfitter_cfg.c **** * This file is automatically generated by PSoC Creator.
  10:.\Generated_Source\PSoC4/cyfitter_cfg.c **** *
  11:.\Generated_Source\PSoC4/cyfitter_cfg.c **** ********************************************************************************
  12:.\Generated_Source\PSoC4/cyfitter_cfg.c **** * Copyright (c) 2007-2015 Cypress Semiconductor.  All rights reserved.
  13:.\Generated_Source\PSoC4/cyfitter_cfg.c **** * You may use this file only in accordance with the license, terms, conditions, 
  14:.\Generated_Source\PSoC4/cyfitter_cfg.c **** * disclaimers, and limitations in the end user license agreement accompanying 
  15:.\Generated_Source\PSoC4/cyfitter_cfg.c **** * the software package with which this file was provided.
  16:.\Generated_Source\PSoC4/cyfitter_cfg.c **** ********************************************************************************/
  17:.\Generated_Source\PSoC4/cyfitter_cfg.c **** 
  18:.\Generated_Source\PSoC4/cyfitter_cfg.c **** #include <string.h>
  19:.\Generated_Source\PSoC4/cyfitter_cfg.c **** #include "cytypes.h"
  20:.\Generated_Source\PSoC4/cyfitter_cfg.c **** #include "cydevice_trm.h"
  21:.\Generated_Source\PSoC4/cyfitter_cfg.c **** #include "cyfitter.h"
  22:.\Generated_Source\PSoC4/cyfitter_cfg.c **** #include "CyLib.h"
  23:.\Generated_Source\PSoC4/cyfitter_cfg.c **** #include "CyLFClk.h"
  24:.\Generated_Source\PSoC4/cyfitter_cfg.c **** #include "cyfitter_cfg.h"
  25:.\Generated_Source\PSoC4/cyfitter_cfg.c **** 
  26:.\Generated_Source\PSoC4/cyfitter_cfg.c **** 
  27:.\Generated_Source\PSoC4/cyfitter_cfg.c **** #if defined(__GNUC__) || defined(__ARMCC_VERSION)
  28:.\Generated_Source\PSoC4/cyfitter_cfg.c ****     #define CYPACKED 
  29:.\Generated_Source\PSoC4/cyfitter_cfg.c ****     #define CYPACKED_ATTR __attribute__ ((packed))
  30:.\Generated_Source\PSoC4/cyfitter_cfg.c ****     #define CYALIGNED __attribute__ ((aligned))
  31:.\Generated_Source\PSoC4/cyfitter_cfg.c ****     #define CY_CFG_UNUSED __attribute__ ((unused))
  32:.\Generated_Source\PSoC4/cyfitter_cfg.c ****     #ifndef CY_CFG_SECTION
  33:.\Generated_Source\PSoC4/cyfitter_cfg.c ****         #define CY_CFG_SECTION __attribute__ ((section(".psocinit")))
ARM GAS  C:\Users\passw\AppData\Local\Temp\ccx2WyhC.s 			page 2


  34:.\Generated_Source\PSoC4/cyfitter_cfg.c ****     #endif
  35:.\Generated_Source\PSoC4/cyfitter_cfg.c ****     
  36:.\Generated_Source\PSoC4/cyfitter_cfg.c ****     #if defined(__ARMCC_VERSION)
  37:.\Generated_Source\PSoC4/cyfitter_cfg.c ****         #define CY_CFG_MEMORY_BARRIER() __memory_changed()
  38:.\Generated_Source\PSoC4/cyfitter_cfg.c ****     #else
  39:.\Generated_Source\PSoC4/cyfitter_cfg.c ****         #define CY_CFG_MEMORY_BARRIER() __sync_synchronize()
  40:.\Generated_Source\PSoC4/cyfitter_cfg.c ****     #endif
  41:.\Generated_Source\PSoC4/cyfitter_cfg.c ****     
  42:.\Generated_Source\PSoC4/cyfitter_cfg.c **** #elif defined(__ICCARM__)
  43:.\Generated_Source\PSoC4/cyfitter_cfg.c ****     #include <intrinsics.h>
  44:.\Generated_Source\PSoC4/cyfitter_cfg.c **** 
  45:.\Generated_Source\PSoC4/cyfitter_cfg.c ****     #define CYPACKED __packed
  46:.\Generated_Source\PSoC4/cyfitter_cfg.c ****     #define CYPACKED_ATTR 
  47:.\Generated_Source\PSoC4/cyfitter_cfg.c ****     #define CYALIGNED _Pragma("data_alignment=4")
  48:.\Generated_Source\PSoC4/cyfitter_cfg.c ****     #define CY_CFG_UNUSED _Pragma("diag_suppress=Pe177")
  49:.\Generated_Source\PSoC4/cyfitter_cfg.c ****     #define CY_CFG_SECTION _Pragma("location=\".psocinit\"")
  50:.\Generated_Source\PSoC4/cyfitter_cfg.c ****     
  51:.\Generated_Source\PSoC4/cyfitter_cfg.c ****     #define CY_CFG_MEMORY_BARRIER() __DMB()
  52:.\Generated_Source\PSoC4/cyfitter_cfg.c ****     
  53:.\Generated_Source\PSoC4/cyfitter_cfg.c **** #else
  54:.\Generated_Source\PSoC4/cyfitter_cfg.c ****     #error Unsupported toolchain
  55:.\Generated_Source\PSoC4/cyfitter_cfg.c **** #endif
  56:.\Generated_Source\PSoC4/cyfitter_cfg.c **** 
  57:.\Generated_Source\PSoC4/cyfitter_cfg.c **** 
  58:.\Generated_Source\PSoC4/cyfitter_cfg.c **** CY_CFG_UNUSED
  59:.\Generated_Source\PSoC4/cyfitter_cfg.c **** static void CYMEMZERO(void *s, size_t n);
  60:.\Generated_Source\PSoC4/cyfitter_cfg.c **** CY_CFG_UNUSED
  61:.\Generated_Source\PSoC4/cyfitter_cfg.c **** static void CYMEMZERO(void *s, size_t n)
  62:.\Generated_Source\PSoC4/cyfitter_cfg.c **** {
  63:.\Generated_Source\PSoC4/cyfitter_cfg.c **** 	(void)memset(s, 0, n);
  64:.\Generated_Source\PSoC4/cyfitter_cfg.c **** }
  65:.\Generated_Source\PSoC4/cyfitter_cfg.c **** CY_CFG_UNUSED
  66:.\Generated_Source\PSoC4/cyfitter_cfg.c **** static void CYCONFIGCPY(void *dest, const void *src, size_t n);
  67:.\Generated_Source\PSoC4/cyfitter_cfg.c **** CY_CFG_UNUSED
  68:.\Generated_Source\PSoC4/cyfitter_cfg.c **** static void CYCONFIGCPY(void *dest, const void *src, size_t n)
  69:.\Generated_Source\PSoC4/cyfitter_cfg.c **** {
  70:.\Generated_Source\PSoC4/cyfitter_cfg.c **** 	(void)memcpy(dest, src, n);
  71:.\Generated_Source\PSoC4/cyfitter_cfg.c **** }
  72:.\Generated_Source\PSoC4/cyfitter_cfg.c **** CY_CFG_UNUSED
  73:.\Generated_Source\PSoC4/cyfitter_cfg.c **** static void CYCONFIGCPYCODE(void *dest, const void *src, size_t n);
  74:.\Generated_Source\PSoC4/cyfitter_cfg.c **** CY_CFG_UNUSED
  75:.\Generated_Source\PSoC4/cyfitter_cfg.c **** static void CYCONFIGCPYCODE(void *dest, const void *src, size_t n)
  76:.\Generated_Source\PSoC4/cyfitter_cfg.c **** {
  77:.\Generated_Source\PSoC4/cyfitter_cfg.c **** 	(void)memcpy(dest, src, n);
  78:.\Generated_Source\PSoC4/cyfitter_cfg.c **** }
  79:.\Generated_Source\PSoC4/cyfitter_cfg.c **** 
  80:.\Generated_Source\PSoC4/cyfitter_cfg.c **** 
  81:.\Generated_Source\PSoC4/cyfitter_cfg.c **** 
  82:.\Generated_Source\PSoC4/cyfitter_cfg.c **** /* Clock startup error codes                                                   */
  83:.\Generated_Source\PSoC4/cyfitter_cfg.c **** #define CYCLOCKSTART_NO_ERROR    0u
  84:.\Generated_Source\PSoC4/cyfitter_cfg.c **** #define CYCLOCKSTART_XTAL_ERROR  1u
  85:.\Generated_Source\PSoC4/cyfitter_cfg.c **** #define CYCLOCKSTART_32KHZ_ERROR 2u
  86:.\Generated_Source\PSoC4/cyfitter_cfg.c **** #define CYCLOCKSTART_PLL_ERROR   3u
  87:.\Generated_Source\PSoC4/cyfitter_cfg.c **** 
  88:.\Generated_Source\PSoC4/cyfitter_cfg.c **** #ifdef CY_NEED_CYCLOCKSTARTUPERROR
  89:.\Generated_Source\PSoC4/cyfitter_cfg.c **** /*******************************************************************************
  90:.\Generated_Source\PSoC4/cyfitter_cfg.c **** * Function Name: CyClockStartupError
ARM GAS  C:\Users\passw\AppData\Local\Temp\ccx2WyhC.s 			page 3


  91:.\Generated_Source\PSoC4/cyfitter_cfg.c **** ********************************************************************************
  92:.\Generated_Source\PSoC4/cyfitter_cfg.c **** * Summary:
  93:.\Generated_Source\PSoC4/cyfitter_cfg.c **** *  If an error is encountered during clock configuration (crystal startup error,
  94:.\Generated_Source\PSoC4/cyfitter_cfg.c **** *  PLL lock error, etc.), the system will end up here.  Unless reimplemented by
  95:.\Generated_Source\PSoC4/cyfitter_cfg.c **** *  the customer, this function will stop in an infinite loop.
  96:.\Generated_Source\PSoC4/cyfitter_cfg.c **** *
  97:.\Generated_Source\PSoC4/cyfitter_cfg.c **** * Parameters:
  98:.\Generated_Source\PSoC4/cyfitter_cfg.c **** *   void
  99:.\Generated_Source\PSoC4/cyfitter_cfg.c **** *
 100:.\Generated_Source\PSoC4/cyfitter_cfg.c **** * Return:
 101:.\Generated_Source\PSoC4/cyfitter_cfg.c **** *   void
 102:.\Generated_Source\PSoC4/cyfitter_cfg.c **** *
 103:.\Generated_Source\PSoC4/cyfitter_cfg.c **** *******************************************************************************/
 104:.\Generated_Source\PSoC4/cyfitter_cfg.c **** CY_CFG_UNUSED
 105:.\Generated_Source\PSoC4/cyfitter_cfg.c **** static void CyClockStartupError(uint8 errorCode);
 106:.\Generated_Source\PSoC4/cyfitter_cfg.c **** CY_CFG_UNUSED
 107:.\Generated_Source\PSoC4/cyfitter_cfg.c **** static void CyClockStartupError(uint8 errorCode)
 108:.\Generated_Source\PSoC4/cyfitter_cfg.c **** {
 109:.\Generated_Source\PSoC4/cyfitter_cfg.c ****     /* To remove the compiler warning if errorCode not used.                */
 110:.\Generated_Source\PSoC4/cyfitter_cfg.c ****     errorCode = errorCode;
 111:.\Generated_Source\PSoC4/cyfitter_cfg.c **** 
 112:.\Generated_Source\PSoC4/cyfitter_cfg.c ****     /* `#START CyClockStartupError` */
 113:.\Generated_Source\PSoC4/cyfitter_cfg.c **** 
 114:.\Generated_Source\PSoC4/cyfitter_cfg.c ****     /* If we have a clock startup error (bad MHz crystal, PLL lock, etc.),  */
 115:.\Generated_Source\PSoC4/cyfitter_cfg.c ****     /* we will end up here to allow the customer to implement something to  */
 116:.\Generated_Source\PSoC4/cyfitter_cfg.c ****     /* deal with the clock condition.                                       */
 117:.\Generated_Source\PSoC4/cyfitter_cfg.c **** 
 118:.\Generated_Source\PSoC4/cyfitter_cfg.c ****     /* `#END` */
 119:.\Generated_Source\PSoC4/cyfitter_cfg.c **** 
 120:.\Generated_Source\PSoC4/cyfitter_cfg.c ****     /* If nothing else, stop here since the clocks have not started         */
 121:.\Generated_Source\PSoC4/cyfitter_cfg.c ****     /* correctly.                                                           */
 122:.\Generated_Source\PSoC4/cyfitter_cfg.c ****     while(1) {}
 123:.\Generated_Source\PSoC4/cyfitter_cfg.c **** }
 124:.\Generated_Source\PSoC4/cyfitter_cfg.c **** #endif
 125:.\Generated_Source\PSoC4/cyfitter_cfg.c **** 
 126:.\Generated_Source\PSoC4/cyfitter_cfg.c **** 
 127:.\Generated_Source\PSoC4/cyfitter_cfg.c **** 
 128:.\Generated_Source\PSoC4/cyfitter_cfg.c **** /*******************************************************************************
 129:.\Generated_Source\PSoC4/cyfitter_cfg.c **** * Function Name: ClockSetup
 130:.\Generated_Source\PSoC4/cyfitter_cfg.c **** ********************************************************************************
 131:.\Generated_Source\PSoC4/cyfitter_cfg.c **** *
 132:.\Generated_Source\PSoC4/cyfitter_cfg.c **** * Summary:
 133:.\Generated_Source\PSoC4/cyfitter_cfg.c **** *   Performs the initialization of all of the clocks in the device based on the
 134:.\Generated_Source\PSoC4/cyfitter_cfg.c **** *   settings in the Clock tab of the DWR.  This includes enabling the requested
 135:.\Generated_Source\PSoC4/cyfitter_cfg.c **** *   clocks and setting the necessary dividers to produce the desired frequency. 
 136:.\Generated_Source\PSoC4/cyfitter_cfg.c **** *
 137:.\Generated_Source\PSoC4/cyfitter_cfg.c **** * Parameters:
 138:.\Generated_Source\PSoC4/cyfitter_cfg.c **** *   void
 139:.\Generated_Source\PSoC4/cyfitter_cfg.c **** *
 140:.\Generated_Source\PSoC4/cyfitter_cfg.c **** * Return:
 141:.\Generated_Source\PSoC4/cyfitter_cfg.c **** *   void
 142:.\Generated_Source\PSoC4/cyfitter_cfg.c **** *
 143:.\Generated_Source\PSoC4/cyfitter_cfg.c **** *******************************************************************************/
 144:.\Generated_Source\PSoC4/cyfitter_cfg.c **** static void ClockSetup(void);
 145:.\Generated_Source\PSoC4/cyfitter_cfg.c **** CY_CFG_SECTION
 146:.\Generated_Source\PSoC4/cyfitter_cfg.c **** static void ClockSetup(void)
 147:.\Generated_Source\PSoC4/cyfitter_cfg.c **** {
ARM GAS  C:\Users\passw\AppData\Local\Temp\ccx2WyhC.s 			page 4


 148:.\Generated_Source\PSoC4/cyfitter_cfg.c **** 
 149:.\Generated_Source\PSoC4/cyfitter_cfg.c **** 	/* Set Flash Cycles based on max possible frequency in case a glitch occurs during ClockSetup(). *
 150:.\Generated_Source\PSoC4/cyfitter_cfg.c **** 	CY_SET_REG32((void CYXDATA *)(CYREG_CPUSS_FLASH_CTL), (0x0012u));
 151:.\Generated_Source\PSoC4/cyfitter_cfg.c **** 	/* Setup and trim IMO based on desired frequency. */
 152:.\Generated_Source\PSoC4/cyfitter_cfg.c **** 	CySysClkWriteImoFreq(48u);
 153:.\Generated_Source\PSoC4/cyfitter_cfg.c **** 	/* CYDEV_CLK_ILO_CONFIG Starting address: CYDEV_CLK_ILO_CONFIG */
 154:.\Generated_Source\PSoC4/cyfitter_cfg.c **** 	CY_SET_XTND_REG32((void CYFAR *)(CYREG_CLK_ILO_CONFIG), 0x80000006u);
 155:.\Generated_Source\PSoC4/cyfitter_cfg.c **** 
 156:.\Generated_Source\PSoC4/cyfitter_cfg.c **** 
 157:.\Generated_Source\PSoC4/cyfitter_cfg.c **** 	/* Setup phase aligned clocks */
 158:.\Generated_Source\PSoC4/cyfitter_cfg.c **** 	CY_SET_REG32((void *)CYREG_PERI_DIV_16_CTL0, 0x00002200u);
 159:.\Generated_Source\PSoC4/cyfitter_cfg.c **** 	CY_SET_REG32((void *)CYREG_PERI_DIV_CMD, 0x8000FF40u);
 160:.\Generated_Source\PSoC4/cyfitter_cfg.c **** 	CY_SET_REG32((void *)CYREG_PERI_DIV_16_CTL1, 0x00002200u);
 161:.\Generated_Source\PSoC4/cyfitter_cfg.c **** 	CY_SET_REG32((void *)CYREG_PERI_DIV_CMD, 0x8000FF41u);
 162:.\Generated_Source\PSoC4/cyfitter_cfg.c **** 
 163:.\Generated_Source\PSoC4/cyfitter_cfg.c **** 	/* CYDEV_CLK_IMO_CONFIG Starting address: CYDEV_CLK_IMO_CONFIG */
 164:.\Generated_Source\PSoC4/cyfitter_cfg.c **** 	CY_SET_XTND_REG32((void CYFAR *)(CYREG_CLK_IMO_CONFIG), 0x80000000u);
 165:.\Generated_Source\PSoC4/cyfitter_cfg.c **** 
 166:.\Generated_Source\PSoC4/cyfitter_cfg.c **** 	/* CYDEV_CLK_SELECT Starting address: CYDEV_CLK_SELECT */
 167:.\Generated_Source\PSoC4/cyfitter_cfg.c **** 	CY_SET_XTND_REG32((void CYFAR *)(CYREG_CLK_SELECT), 0x00040000u);
 168:.\Generated_Source\PSoC4/cyfitter_cfg.c **** 
 169:.\Generated_Source\PSoC4/cyfitter_cfg.c **** 	/* CYDEV_PERI_PCLK_CTL5 Starting address: CYDEV_PERI_PCLK_CTL5 */
 170:.\Generated_Source\PSoC4/cyfitter_cfg.c **** 	CY_SET_XTND_REG32((void CYFAR *)(CYREG_PERI_PCLK_CTL5), 0x00000040u);
 171:.\Generated_Source\PSoC4/cyfitter_cfg.c **** 
 172:.\Generated_Source\PSoC4/cyfitter_cfg.c **** 	/* CYDEV_PERI_PCLK_CTL3 Starting address: CYDEV_PERI_PCLK_CTL3 */
 173:.\Generated_Source\PSoC4/cyfitter_cfg.c **** 	CY_SET_XTND_REG32((void CYFAR *)(CYREG_PERI_PCLK_CTL3), 0x00000041u);
 174:.\Generated_Source\PSoC4/cyfitter_cfg.c **** 
 175:.\Generated_Source\PSoC4/cyfitter_cfg.c **** 	(void)CyIntSetVector(7u, &CySysWdtIsr);
 176:.\Generated_Source\PSoC4/cyfitter_cfg.c **** 	CyIntEnable(7u);
 177:.\Generated_Source\PSoC4/cyfitter_cfg.c **** 	CY_SET_XTND_REG32((void CYFAR *)(CYREG_WDT_CONFIG), 0x00000000u);
 178:.\Generated_Source\PSoC4/cyfitter_cfg.c **** }
 179:.\Generated_Source\PSoC4/cyfitter_cfg.c **** 
 180:.\Generated_Source\PSoC4/cyfitter_cfg.c **** 
 181:.\Generated_Source\PSoC4/cyfitter_cfg.c **** /* Analog API Functions */
 182:.\Generated_Source\PSoC4/cyfitter_cfg.c **** 
 183:.\Generated_Source\PSoC4/cyfitter_cfg.c **** 
 184:.\Generated_Source\PSoC4/cyfitter_cfg.c **** /*******************************************************************************
 185:.\Generated_Source\PSoC4/cyfitter_cfg.c **** * Function Name: AnalogSetDefault
 186:.\Generated_Source\PSoC4/cyfitter_cfg.c **** ********************************************************************************
 187:.\Generated_Source\PSoC4/cyfitter_cfg.c **** *
 188:.\Generated_Source\PSoC4/cyfitter_cfg.c **** * Summary:
 189:.\Generated_Source\PSoC4/cyfitter_cfg.c **** *  Sets up the analog portions of the chip to default values based on chip
 190:.\Generated_Source\PSoC4/cyfitter_cfg.c **** *  configuration options from the project.
 191:.\Generated_Source\PSoC4/cyfitter_cfg.c **** *
 192:.\Generated_Source\PSoC4/cyfitter_cfg.c **** * Parameters:
 193:.\Generated_Source\PSoC4/cyfitter_cfg.c **** *  void
 194:.\Generated_Source\PSoC4/cyfitter_cfg.c **** *
 195:.\Generated_Source\PSoC4/cyfitter_cfg.c **** * Return:
 196:.\Generated_Source\PSoC4/cyfitter_cfg.c **** *  void
 197:.\Generated_Source\PSoC4/cyfitter_cfg.c **** *
 198:.\Generated_Source\PSoC4/cyfitter_cfg.c **** *******************************************************************************/
 199:.\Generated_Source\PSoC4/cyfitter_cfg.c **** static void AnalogSetDefault(void);
 200:.\Generated_Source\PSoC4/cyfitter_cfg.c **** static void AnalogSetDefault(void)
 201:.\Generated_Source\PSoC4/cyfitter_cfg.c **** {
  25              		.loc 1 201 0
  26              		.cfi_startproc
 202:.\Generated_Source\PSoC4/cyfitter_cfg.c **** 	CY_SET_XTND_REG32((void CYFAR *)CYREG_CTBM0_DFT_CTRL, 0x00000003u);
ARM GAS  C:\Users\passw\AppData\Local\Temp\ccx2WyhC.s 			page 5


  27              		.loc 1 202 0
  28 0000 0323     		mov	r3, #3
  29 0002 044A     		ldr	r2, .L2
  30 0004 1360     		str	r3, [r2]
 203:.\Generated_Source\PSoC4/cyfitter_cfg.c **** 	CY_SET_XTND_REG32((void CYFAR *)CYREG_CTBM1_DFT_CTRL, 0x00000003u);
  31              		.loc 1 203 0
  32 0006 044A     		ldr	r2, .L2+4
  33 0008 1360     		str	r3, [r2]
 204:.\Generated_Source\PSoC4/cyfitter_cfg.c **** 	CY_SET_XTND_REG32((void CYFAR *)CYREG_PASS_DSAB_DSAB_CTRL, 0x00000000u);
  34              		.loc 1 204 0
  35 000a 0022     		mov	r2, #0
  36 000c 034B     		ldr	r3, .L2+8
  37 000e 1A60     		str	r2, [r3]
 205:.\Generated_Source\PSoC4/cyfitter_cfg.c **** }
  38              		.loc 1 205 0
  39              		@ sp needed
  40 0010 7047     		bx	lr
  41              	.L3:
  42 0012 C046     		.align	2
  43              	.L2:
  44 0014 30003040 		.word	1076887600
  45 0018 30003140 		.word	1076953136
  46 001c 000E3F40 		.word	1077874176
  47              		.cfi_endproc
  48              	.LFE5:
  49              		.size	AnalogSetDefault, .-AnalogSetDefault
  50              		.section	.text.CYMEMZERO,"ax",%progbits
  51              		.align	2
  52              		.code	16
  53              		.thumb_func
  54              		.type	CYMEMZERO, %function
  55              	CYMEMZERO:
  56              	.LFB1:
  62:.\Generated_Source\PSoC4/cyfitter_cfg.c **** 	(void)memset(s, 0, n);
  57              		.loc 1 62 0
  58              		.cfi_startproc
  59              	.LVL0:
  60 0000 08B5     		push	{r3, lr}
  61              		.cfi_def_cfa_offset 8
  62              		.cfi_offset 3, -8
  63              		.cfi_offset 14, -4
  64 0002 0A1C     		mov	r2, r1
  63:.\Generated_Source\PSoC4/cyfitter_cfg.c **** }
  65              		.loc 1 63 0
  66 0004 0021     		mov	r1, #0
  67              	.LVL1:
  68 0006 FFF7FEFF 		bl	memset
  69              	.LVL2:
  64:.\Generated_Source\PSoC4/cyfitter_cfg.c **** CY_CFG_UNUSED
  70              		.loc 1 64 0
  71              		@ sp needed
  72 000a 08BD     		pop	{r3, pc}
  73              		.cfi_endproc
  74              	.LFE1:
  75              		.size	CYMEMZERO, .-CYMEMZERO
  76              		.section	.psocinit,"ax",%progbits
  77              		.align	2
ARM GAS  C:\Users\passw\AppData\Local\Temp\ccx2WyhC.s 			page 6


  78              		.code	16
  79              		.thumb_func
  80              		.type	ClockSetup, %function
  81              	ClockSetup:
  82              	.LFB4:
 147:.\Generated_Source\PSoC4/cyfitter_cfg.c **** 
  83              		.loc 1 147 0
  84              		.cfi_startproc
  85 0000 08B5     		push	{r3, lr}
  86              		.cfi_def_cfa_offset 8
  87              		.cfi_offset 3, -8
  88              		.cfi_offset 14, -4
 150:.\Generated_Source\PSoC4/cyfitter_cfg.c **** 	/* Setup and trim IMO based on desired frequency. */
  89              		.loc 1 150 0
  90 0002 1222     		mov	r2, #18
  91 0004 154B     		ldr	r3, .L6
  92 0006 1A60     		str	r2, [r3]
 152:.\Generated_Source\PSoC4/cyfitter_cfg.c **** 	/* CYDEV_CLK_ILO_CONFIG Starting address: CYDEV_CLK_ILO_CONFIG */
  93              		.loc 1 152 0
  94 0008 3020     		mov	r0, #48
  95 000a FFF7FEFF 		bl	CySysClkWriteImoFreq
  96              	.LVL3:
 154:.\Generated_Source\PSoC4/cyfitter_cfg.c **** 
  97              		.loc 1 154 0
  98 000e 144A     		ldr	r2, .L6+4
  99 0010 144B     		ldr	r3, .L6+8
 100 0012 1A60     		str	r2, [r3]
 158:.\Generated_Source\PSoC4/cyfitter_cfg.c **** 	CY_SET_REG32((void *)CYREG_PERI_DIV_CMD, 0x8000FF40u);
 101              		.loc 1 158 0
 102 0014 8822     		mov	r2, #136
 103 0016 9201     		lsl	r2, r2, #6
 104 0018 134B     		ldr	r3, .L6+12
 105 001a 1A60     		str	r2, [r3]
 159:.\Generated_Source\PSoC4/cyfitter_cfg.c **** 	CY_SET_REG32((void *)CYREG_PERI_DIV_16_CTL1, 0x00002200u);
 106              		.loc 1 159 0
 107 001c 134B     		ldr	r3, .L6+16
 108 001e 1449     		ldr	r1, .L6+20
 109 0020 1960     		str	r1, [r3]
 160:.\Generated_Source\PSoC4/cyfitter_cfg.c **** 	CY_SET_REG32((void *)CYREG_PERI_DIV_CMD, 0x8000FF41u);
 110              		.loc 1 160 0
 111 0022 1449     		ldr	r1, .L6+24
 112 0024 0A60     		str	r2, [r1]
 161:.\Generated_Source\PSoC4/cyfitter_cfg.c **** 
 113              		.loc 1 161 0
 114 0026 144A     		ldr	r2, .L6+28
 115 0028 1A60     		str	r2, [r3]
 164:.\Generated_Source\PSoC4/cyfitter_cfg.c **** 
 116              		.loc 1 164 0
 117 002a 8022     		mov	r2, #128
 118 002c 1206     		lsl	r2, r2, #24
 119 002e 134B     		ldr	r3, .L6+32
 120 0030 1A60     		str	r2, [r3]
 167:.\Generated_Source\PSoC4/cyfitter_cfg.c **** 
 121              		.loc 1 167 0
 122 0032 8022     		mov	r2, #128
 123 0034 D202     		lsl	r2, r2, #11
 124 0036 124B     		ldr	r3, .L6+36
ARM GAS  C:\Users\passw\AppData\Local\Temp\ccx2WyhC.s 			page 7


 125 0038 1A60     		str	r2, [r3]
 170:.\Generated_Source\PSoC4/cyfitter_cfg.c **** 
 126              		.loc 1 170 0
 127 003a 4022     		mov	r2, #64
 128 003c 114B     		ldr	r3, .L6+40
 129 003e 1A60     		str	r2, [r3]
 173:.\Generated_Source\PSoC4/cyfitter_cfg.c **** 
 130              		.loc 1 173 0
 131 0040 0132     		add	r2, r2, #1
 132 0042 114B     		ldr	r3, .L6+44
 133 0044 1A60     		str	r2, [r3]
 175:.\Generated_Source\PSoC4/cyfitter_cfg.c **** 	CyIntEnable(7u);
 134              		.loc 1 175 0
 135 0046 0720     		mov	r0, #7
 136 0048 1049     		ldr	r1, .L6+48
 137 004a FFF7FEFF 		bl	CyIntSetVector
 138              	.LVL4:
 176:.\Generated_Source\PSoC4/cyfitter_cfg.c **** 	CY_SET_XTND_REG32((void CYFAR *)(CYREG_WDT_CONFIG), 0x00000000u);
 139              		.loc 1 176 0
 140 004e 0720     		mov	r0, #7
 141 0050 FFF7FEFF 		bl	CyIntEnable
 142              	.LVL5:
 177:.\Generated_Source\PSoC4/cyfitter_cfg.c **** }
 143              		.loc 1 177 0
 144 0054 0022     		mov	r2, #0
 145 0056 0E4B     		ldr	r3, .L6+52
 146 0058 1A60     		str	r2, [r3]
 178:.\Generated_Source\PSoC4/cyfitter_cfg.c **** 
 147              		.loc 1 178 0
 148              		@ sp needed
 149 005a 08BD     		pop	{r3, pc}
 150              	.L7:
 151              		.align	2
 152              	.L6:
 153 005c 30001040 		.word	1074790448
 154 0060 06000080 		.word	-2147483642
 155 0064 04010B40 		.word	1074462980
 156 0068 00030140 		.word	1073808128
 157 006c 00000140 		.word	1073807360
 158 0070 40FF0080 		.word	-2147418304
 159 0074 04030140 		.word	1073808132
 160 0078 41FF0080 		.word	-2147418303
 161 007c 08010B40 		.word	1074462984
 162 0080 00010B40 		.word	1074462976
 163 0084 14010140 		.word	1073807636
 164 0088 0C010140 		.word	1073807628
 165 008c 00000000 		.word	CySysWdtIsr
 166 0090 0C020B40 		.word	1074463244
 167              		.cfi_endproc
 168              	.LFE4:
 169              		.size	ClockSetup, .-ClockSetup
 170              		.align	2
 171              		.global	cyfitter_cfg
 172              		.code	16
 173              		.thumb_func
 174              		.type	cyfitter_cfg, %function
 175              	cyfitter_cfg:
ARM GAS  C:\Users\passw\AppData\Local\Temp\ccx2WyhC.s 			page 8


 176              	.LFB6:
 206:.\Generated_Source\PSoC4/cyfitter_cfg.c **** 
 207:.\Generated_Source\PSoC4/cyfitter_cfg.c **** #define CY_AMUX_UNUSED CYREG_CM0_ROM_DWT
 208:.\Generated_Source\PSoC4/cyfitter_cfg.c **** 
 209:.\Generated_Source\PSoC4/cyfitter_cfg.c **** 
 210:.\Generated_Source\PSoC4/cyfitter_cfg.c **** /*******************************************************************************
 211:.\Generated_Source\PSoC4/cyfitter_cfg.c **** * Function Name: cyfitter_cfg
 212:.\Generated_Source\PSoC4/cyfitter_cfg.c **** ********************************************************************************
 213:.\Generated_Source\PSoC4/cyfitter_cfg.c **** * Summary:
 214:.\Generated_Source\PSoC4/cyfitter_cfg.c **** *  This function is called by the start-up code for the selected device. It
 215:.\Generated_Source\PSoC4/cyfitter_cfg.c **** *  performs all of the necessary device configuration based on the design
 216:.\Generated_Source\PSoC4/cyfitter_cfg.c **** *  settings.  This includes settings from the Design Wide Resources (DWR) such
 217:.\Generated_Source\PSoC4/cyfitter_cfg.c **** *  as Clocks and Pins as well as any component configuration that is necessary.
 218:.\Generated_Source\PSoC4/cyfitter_cfg.c **** *
 219:.\Generated_Source\PSoC4/cyfitter_cfg.c **** * Parameters:  
 220:.\Generated_Source\PSoC4/cyfitter_cfg.c **** *   void
 221:.\Generated_Source\PSoC4/cyfitter_cfg.c **** *
 222:.\Generated_Source\PSoC4/cyfitter_cfg.c **** * Return:
 223:.\Generated_Source\PSoC4/cyfitter_cfg.c **** *   void
 224:.\Generated_Source\PSoC4/cyfitter_cfg.c **** *
 225:.\Generated_Source\PSoC4/cyfitter_cfg.c **** *******************************************************************************/
 226:.\Generated_Source\PSoC4/cyfitter_cfg.c **** CY_CFG_SECTION
 227:.\Generated_Source\PSoC4/cyfitter_cfg.c **** void cyfitter_cfg(void)
 228:.\Generated_Source\PSoC4/cyfitter_cfg.c **** {
 177              		.loc 1 228 0
 178              		.cfi_startproc
 179 0094 10B5     		push	{r4, lr}
 180              		.cfi_def_cfa_offset 8
 181              		.cfi_offset 4, -8
 182              		.cfi_offset 14, -4
 229:.\Generated_Source\PSoC4/cyfitter_cfg.c **** 	/* Disable interrupts by default. Let user enable if/when they want. */
 230:.\Generated_Source\PSoC4/cyfitter_cfg.c **** 	CyGlobalIntDisable;
 183              		.loc 1 230 0
 184              	@ 230 ".\Generated_Source\PSoC4\cyfitter_cfg.c" 1
 185 0096 72B6     		CPSID   i
 186              	@ 0 "" 2
 187              	.LVL6:
 188              		.code	16
 189              	.LBB2:
 231:.\Generated_Source\PSoC4/cyfitter_cfg.c **** 
 232:.\Generated_Source\PSoC4/cyfitter_cfg.c **** 	{
 233:.\Generated_Source\PSoC4/cyfitter_cfg.c **** 
 234:.\Generated_Source\PSoC4/cyfitter_cfg.c **** 		CYPACKED typedef struct {
 235:.\Generated_Source\PSoC4/cyfitter_cfg.c **** 			void CYFAR *address;
 236:.\Generated_Source\PSoC4/cyfitter_cfg.c **** 			uint16 size;
 237:.\Generated_Source\PSoC4/cyfitter_cfg.c **** 		} CYPACKED_ATTR cfg_memset_t;
 238:.\Generated_Source\PSoC4/cyfitter_cfg.c **** 
 239:.\Generated_Source\PSoC4/cyfitter_cfg.c **** 		static const cfg_memset_t CYCODE cfg_memset_list [] = {
 240:.\Generated_Source\PSoC4/cyfitter_cfg.c **** 			/* address, size */
 241:.\Generated_Source\PSoC4/cyfitter_cfg.c **** 			{(void CYFAR *)(CYDEV_UDB_P0_U0_BASE), 1024u},
 242:.\Generated_Source\PSoC4/cyfitter_cfg.c **** 			{(void CYFAR *)(CYDEV_UDB_DSI0_BASE), 1024u},
 243:.\Generated_Source\PSoC4/cyfitter_cfg.c **** 		};
 244:.\Generated_Source\PSoC4/cyfitter_cfg.c **** 
 245:.\Generated_Source\PSoC4/cyfitter_cfg.c **** 		uint8 CYDATA i;
 246:.\Generated_Source\PSoC4/cyfitter_cfg.c **** 
 247:.\Generated_Source\PSoC4/cyfitter_cfg.c **** 		/* Zero out critical memory blocks before beginning configuration */
 248:.\Generated_Source\PSoC4/cyfitter_cfg.c **** 		for (i = 0u; i < (sizeof(cfg_memset_list)/sizeof(cfg_memset_list[0])); i++)
ARM GAS  C:\Users\passw\AppData\Local\Temp\ccx2WyhC.s 			page 9


 190              		.loc 1 248 0
 191 0098 0024     		mov	r4, #0
 192 009a 10E0     		b	.L9
 193              	.LVL7:
 194              	.L10:
 195              	.LBB3:
 249:.\Generated_Source\PSoC4/cyfitter_cfg.c **** 		{
 250:.\Generated_Source\PSoC4/cyfitter_cfg.c **** 			const cfg_memset_t CYCODE * CYDATA ms = &cfg_memset_list[i];
 251:.\Generated_Source\PSoC4/cyfitter_cfg.c **** 			CYMEMZERO(ms->address, (size_t)(uint32)(ms->size));
 196              		.loc 1 251 0 discriminator 3
 197 009c 2348     		ldr	r0, .L11
 198 009e 6300     		lsl	r3, r4, #1
 199 00a0 1A19     		add	r2, r3, r4
 200 00a2 5200     		lsl	r2, r2, #1
 201 00a4 8218     		add	r2, r0, r2
 202 00a6 9188     		ldrh	r1, [r2, #4]
 203 00a8 1B19     		add	r3, r3, r4
 204 00aa 5B00     		lsl	r3, r3, #1
 205 00ac 1A5A     		ldrh	r2, [r3, r0]
 206 00ae C318     		add	r3, r0, r3
 207 00b0 5888     		ldrh	r0, [r3, #2]
 208 00b2 0004     		lsl	r0, r0, #16
 209 00b4 1043     		orr	r0, r2
 210 00b6 FFF7FEFF 		bl	CYMEMZERO
 211              	.LVL8:
 212              	.LBE3:
 248:.\Generated_Source\PSoC4/cyfitter_cfg.c **** 		{
 213              		.loc 1 248 0 discriminator 3
 214 00ba 0134     		add	r4, r4, #1
 215              	.LVL9:
 216 00bc E4B2     		uxtb	r4, r4
 217              	.LVL10:
 218              	.L9:
 248:.\Generated_Source\PSoC4/cyfitter_cfg.c **** 		{
 219              		.loc 1 248 0 is_stmt 0 discriminator 1
 220 00be 012C     		cmp	r4, #1
 221 00c0 ECD9     		bls	.L10
 252:.\Generated_Source\PSoC4/cyfitter_cfg.c **** 		}
 253:.\Generated_Source\PSoC4/cyfitter_cfg.c **** 
 254:.\Generated_Source\PSoC4/cyfitter_cfg.c **** 		/* HSIOM Starting address: CYDEV_HSIOM_BASE */
 255:.\Generated_Source\PSoC4/cyfitter_cfg.c **** 		CY_SET_XTND_REG32((void CYFAR *)(CYREG_HSIOM_PORT_SEL3), 0x0000EE99u);
 222              		.loc 1 255 0 is_stmt 1
 223 00c2 1B4A     		ldr	r2, .L11+4
 224 00c4 1B4B     		ldr	r3, .L11+8
 225 00c6 1A60     		str	r2, [r3]
 256:.\Generated_Source\PSoC4/cyfitter_cfg.c **** 		CY_SET_XTND_REG32((void CYFAR *)(CYREG_HSIOM_PORT_SEL7), 0x00000099u);
 226              		.loc 1 256 0
 227 00c8 9922     		mov	r2, #153
 228 00ca 1B4B     		ldr	r3, .L11+12
 229 00cc 1A60     		str	r2, [r3]
 257:.\Generated_Source\PSoC4/cyfitter_cfg.c **** 
 258:.\Generated_Source\PSoC4/cyfitter_cfg.c **** 		/* UDB_PA_1 Starting address: CYDEV_UDB_PA1_BASE */
 259:.\Generated_Source\PSoC4/cyfitter_cfg.c **** 		CY_SET_XTND_REG32((void CYFAR *)(CYDEV_UDB_PA1_BASE), 0x00990000u);
 230              		.loc 1 259 0
 231 00ce 9923     		mov	r3, #153
 232 00d0 1B04     		lsl	r3, r3, #16
 233 00d2 1A4A     		ldr	r2, .L11+16
ARM GAS  C:\Users\passw\AppData\Local\Temp\ccx2WyhC.s 			page 10


 234 00d4 1360     		str	r3, [r2]
 260:.\Generated_Source\PSoC4/cyfitter_cfg.c **** 
 261:.\Generated_Source\PSoC4/cyfitter_cfg.c **** 		/* UDB_PA_3 Starting address: CYDEV_UDB_PA3_BASE */
 262:.\Generated_Source\PSoC4/cyfitter_cfg.c **** 		CY_SET_XTND_REG32((void CYFAR *)(CYDEV_UDB_PA3_BASE), 0x00990000u);
 235              		.loc 1 262 0
 236 00d6 1A4A     		ldr	r2, .L11+20
 237 00d8 1360     		str	r3, [r2]
 263:.\Generated_Source\PSoC4/cyfitter_cfg.c **** 
 264:.\Generated_Source\PSoC4/cyfitter_cfg.c **** 		/* Enable digital routing */
 265:.\Generated_Source\PSoC4/cyfitter_cfg.c **** 		CY_SET_XTND_REG8((void *)CYREG_UDB_UDBIF_BANK_CTL, CY_GET_XTND_REG8((void *)CYREG_UDB_UDBIF_BANK_
 238              		.loc 1 265 0
 239 00da 1A4A     		ldr	r2, .L11+24
 240 00dc 1078     		ldrb	r0, [r2]
 241 00de 0223     		mov	r3, #2
 242 00e0 0221     		mov	r1, #2
 243 00e2 0143     		orr	r1, r0
 244 00e4 1170     		strb	r1, [r2]
 266:.\Generated_Source\PSoC4/cyfitter_cfg.c **** 
 267:.\Generated_Source\PSoC4/cyfitter_cfg.c **** 		/* Enable UDB array */
 268:.\Generated_Source\PSoC4/cyfitter_cfg.c **** 		CY_SET_XTND_REG8((void *)CYREG_UDB_UDBIF_WAIT_CFG, (uint8)((CY_GET_XTND_REG8((void *)CYREG_UDB_UD
 245              		.loc 1 268 0
 246 00e6 184C     		ldr	r4, .L11+28
 247              	.LVL11:
 248 00e8 2178     		ldrb	r1, [r4]
 249 00ea 3C20     		mov	r0, #60
 250 00ec 8143     		bic	r1, r0
 251 00ee 2838     		sub	r0, r0, #40
 252 00f0 0143     		orr	r1, r0
 253 00f2 2170     		strb	r1, [r4]
 269:.\Generated_Source\PSoC4/cyfitter_cfg.c **** 		CY_SET_XTND_REG8((void *)CYREG_UDB_UDBIF_BANK_CTL, (uint8)(CY_GET_XTND_REG8((void *)CYREG_UDB_UDB
 254              		.loc 1 269 0
 255 00f4 1078     		ldrb	r0, [r2]
 256 00f6 1621     		mov	r1, #22
 257 00f8 0143     		orr	r1, r0
 258 00fa 1170     		strb	r1, [r2]
 259              	.LBE2:
 270:.\Generated_Source\PSoC4/cyfitter_cfg.c **** 	}
 271:.\Generated_Source\PSoC4/cyfitter_cfg.c **** 
 272:.\Generated_Source\PSoC4/cyfitter_cfg.c **** 	/* Perform second pass device configuration. These items must be configured in specific order afte
 273:.\Generated_Source\PSoC4/cyfitter_cfg.c **** 	/* IOPINS0_1 Starting address: CYDEV_GPIO_PRT1_BASE */
 274:.\Generated_Source\PSoC4/cyfitter_cfg.c **** 	CY_SET_XTND_REG32((void CYFAR *)(CYREG_GPIO_PRT1_PC), 0x00180000u);
 260              		.loc 1 274 0
 261 00fc C021     		mov	r1, #192
 262 00fe 4903     		lsl	r1, r1, #13
 263 0100 124A     		ldr	r2, .L11+32
 264 0102 1160     		str	r1, [r2]
 275:.\Generated_Source\PSoC4/cyfitter_cfg.c **** 
 276:.\Generated_Source\PSoC4/cyfitter_cfg.c **** 	/* IOPINS0_3 Starting address: CYDEV_GPIO_PRT3_BASE */
 277:.\Generated_Source\PSoC4/cyfitter_cfg.c **** 	CY_SET_XTND_REG32((void CYFAR *)(CYDEV_GPIO_PRT3_BASE), 0x00000002u);
 265              		.loc 1 277 0
 266 0104 124A     		ldr	r2, .L11+36
 267 0106 1360     		str	r3, [r2]
 278:.\Generated_Source\PSoC4/cyfitter_cfg.c **** 	CY_SET_XTND_REG32((void CYFAR *)(CYREG_GPIO_PRT3_PC), 0x00006DB1u);
 268              		.loc 1 278 0
 269 0108 1249     		ldr	r1, .L11+40
 270 010a 134A     		ldr	r2, .L11+44
 271 010c 1160     		str	r1, [r2]
ARM GAS  C:\Users\passw\AppData\Local\Temp\ccx2WyhC.s 			page 11


 279:.\Generated_Source\PSoC4/cyfitter_cfg.c **** 	CY_SET_XTND_REG32((void CYFAR *)(CYREG_GPIO_PRT3_PC2), 0x00000002u);
 272              		.loc 1 279 0
 273 010e 134A     		ldr	r2, .L11+48
 274 0110 1360     		str	r3, [r2]
 280:.\Generated_Source\PSoC4/cyfitter_cfg.c **** 
 281:.\Generated_Source\PSoC4/cyfitter_cfg.c **** 	/* IOPINS0_7 Starting address: CYDEV_GPIO_PRT7_BASE */
 282:.\Generated_Source\PSoC4/cyfitter_cfg.c **** 	CY_SET_XTND_REG32((void CYFAR *)(CYDEV_GPIO_PRT7_BASE), 0x00000002u);
 275              		.loc 1 282 0
 276 0112 134A     		ldr	r2, .L11+52
 277 0114 1360     		str	r3, [r2]
 283:.\Generated_Source\PSoC4/cyfitter_cfg.c **** 	CY_SET_XTND_REG32((void CYFAR *)(CYREG_GPIO_PRT7_PC), 0x00000031u);
 278              		.loc 1 283 0
 279 0116 3121     		mov	r1, #49
 280 0118 124A     		ldr	r2, .L11+56
 281 011a 1160     		str	r1, [r2]
 284:.\Generated_Source\PSoC4/cyfitter_cfg.c **** 	CY_SET_XTND_REG32((void CYFAR *)(CYREG_GPIO_PRT7_PC2), 0x00000002u);
 282              		.loc 1 284 0
 283 011c 124A     		ldr	r2, .L11+60
 284 011e 1360     		str	r3, [r2]
 285:.\Generated_Source\PSoC4/cyfitter_cfg.c **** 
 286:.\Generated_Source\PSoC4/cyfitter_cfg.c **** 
 287:.\Generated_Source\PSoC4/cyfitter_cfg.c **** 	/* Setup clocks based on selections from Clock DWR */
 288:.\Generated_Source\PSoC4/cyfitter_cfg.c **** 	ClockSetup();
 285              		.loc 1 288 0
 286 0120 FFF76EFF 		bl	ClockSetup
 287              	.LVL12:
 289:.\Generated_Source\PSoC4/cyfitter_cfg.c **** 
 290:.\Generated_Source\PSoC4/cyfitter_cfg.c **** 	/* Perform basic analog initialization to defaults */
 291:.\Generated_Source\PSoC4/cyfitter_cfg.c **** 	AnalogSetDefault();
 288              		.loc 1 291 0
 289 0124 FFF7FEFF 		bl	AnalogSetDefault
 290              	.LVL13:
 292:.\Generated_Source\PSoC4/cyfitter_cfg.c **** 
 293:.\Generated_Source\PSoC4/cyfitter_cfg.c **** }
 291              		.loc 1 293 0
 292              		@ sp needed
 293 0128 10BD     		pop	{r4, pc}
 294              	.L12:
 295 012a C046     		.align	2
 296              	.L11:
 297 012c 00000000 		.word	.LANCHOR0
 298 0130 99EE0000 		.word	61081
 299 0134 00030240 		.word	1073873664
 300 0138 00070240 		.word	1073874688
 301 013c 10500F40 		.word	1074745360
 302 0140 30500F40 		.word	1074745392
 303 0144 00700F40 		.word	1074753536
 304 0148 01700F40 		.word	1074753537
 305 014c 08010440 		.word	1074004232
 306 0150 00030440 		.word	1074004736
 307 0154 B16D0000 		.word	28081
 308 0158 08030440 		.word	1074004744
 309 015c 18030440 		.word	1074004760
 310 0160 00070440 		.word	1074005760
 311 0164 08070440 		.word	1074005768
 312 0168 18070440 		.word	1074005784
 313              		.cfi_endproc
ARM GAS  C:\Users\passw\AppData\Local\Temp\ccx2WyhC.s 			page 12


 314              	.LFE6:
 315              		.size	cyfitter_cfg, .-cyfitter_cfg
 316              		.section	.rodata
 317              		.align	2
 318              		.set	.LANCHOR0,. + 0
 319              		.type	cfg_memset_list.4746, %object
 320              		.size	cfg_memset_list.4746, 12
 321              	cfg_memset_list.4746:
 322 0000 00300F40 		.word	1074737152
 323 0004 0004     		.short	1024
 324 0006 00400F40 		.4byte	1074741248
 325 000a 0004     		.short	1024
 326              		.text
 327              	.Letext0:
 328              		.file 2 "c:\\program files (x86)\\cypress\\psoc creator\\3.3\\psoc creator\\import\\gnu\\arm\\4.9.
 329              		.file 3 ".\\Generated_Source\\PSoC4\\cytypes.h"
 330              		.file 4 ".\\Generated_Source\\PSoC4\\CyLib.h"
 331              		.section	.debug_info,"",%progbits
 332              	.Ldebug_info0:
 333 0000 AA020000 		.4byte	0x2aa
 334 0004 0400     		.2byte	0x4
 335 0006 00000000 		.4byte	.Ldebug_abbrev0
 336 000a 04       		.byte	0x4
 337 000b 01       		.uleb128 0x1
 338 000c B6010000 		.4byte	.LASF28
 339 0010 01       		.byte	0x1
 340 0011 72010000 		.4byte	.LASF29
 341 0015 FC000000 		.4byte	.LASF30
 342 0019 00000000 		.4byte	.Ldebug_ranges0+0
 343 001d 00000000 		.4byte	0
 344 0021 00000000 		.4byte	.Ldebug_line0
 345 0025 02       		.uleb128 0x2
 346 0026 04       		.byte	0x4
 347 0027 05       		.byte	0x5
 348 0028 696E7400 		.ascii	"int\000"
 349 002c 03       		.uleb128 0x3
 350 002d 06000000 		.4byte	.LASF11
 351 0031 02       		.byte	0x2
 352 0032 D4       		.byte	0xd4
 353 0033 37000000 		.4byte	0x37
 354 0037 04       		.uleb128 0x4
 355 0038 04       		.byte	0x4
 356 0039 07       		.byte	0x7
 357 003a C3000000 		.4byte	.LASF0
 358 003e 04       		.uleb128 0x4
 359 003f 01       		.byte	0x1
 360 0040 06       		.byte	0x6
 361 0041 6C020000 		.4byte	.LASF1
 362 0045 04       		.uleb128 0x4
 363 0046 01       		.byte	0x1
 364 0047 08       		.byte	0x8
 365 0048 8D000000 		.4byte	.LASF2
 366 004c 04       		.uleb128 0x4
 367 004d 02       		.byte	0x2
 368 004e 05       		.byte	0x5
 369 004f 44020000 		.4byte	.LASF3
 370 0053 04       		.uleb128 0x4
ARM GAS  C:\Users\passw\AppData\Local\Temp\ccx2WyhC.s 			page 13


 371 0054 02       		.byte	0x2
 372 0055 07       		.byte	0x7
 373 0056 48000000 		.4byte	.LASF4
 374 005a 04       		.uleb128 0x4
 375 005b 04       		.byte	0x4
 376 005c 05       		.byte	0x5
 377 005d 63020000 		.4byte	.LASF5
 378 0061 04       		.uleb128 0x4
 379 0062 04       		.byte	0x4
 380 0063 07       		.byte	0x7
 381 0064 6B000000 		.4byte	.LASF6
 382 0068 04       		.uleb128 0x4
 383 0069 08       		.byte	0x8
 384 006a 05       		.byte	0x5
 385 006b A3010000 		.4byte	.LASF7
 386 006f 04       		.uleb128 0x4
 387 0070 08       		.byte	0x8
 388 0071 07       		.byte	0x7
 389 0072 E5000000 		.4byte	.LASF8
 390 0076 04       		.uleb128 0x4
 391 0077 04       		.byte	0x4
 392 0078 07       		.byte	0x7
 393 0079 9A010000 		.4byte	.LASF9
 394 007d 05       		.uleb128 0x5
 395 007e 04       		.byte	0x4
 396 007f 06       		.uleb128 0x6
 397 0080 04       		.byte	0x4
 398 0081 85000000 		.4byte	0x85
 399 0085 07       		.uleb128 0x7
 400 0086 04       		.uleb128 0x4
 401 0087 01       		.byte	0x1
 402 0088 08       		.byte	0x8
 403 0089 B1010000 		.4byte	.LASF10
 404 008d 08       		.uleb128 0x8
 405 008e 7D000000 		.4byte	.LASF12
 406 0092 03       		.byte	0x3
 407 0093 3801     		.2byte	0x138
 408 0095 45000000 		.4byte	0x45
 409 0099 08       		.uleb128 0x8
 410 009a B5000000 		.4byte	.LASF13
 411 009e 03       		.byte	0x3
 412 009f 3901     		.2byte	0x139
 413 00a1 53000000 		.4byte	0x53
 414 00a5 08       		.uleb128 0x8
 415 00a6 BC000000 		.4byte	.LASF14
 416 00aa 03       		.byte	0x3
 417 00ab 3A01     		.2byte	0x13a
 418 00ad 61000000 		.4byte	0x61
 419 00b1 04       		.uleb128 0x4
 420 00b2 04       		.byte	0x4
 421 00b3 04       		.byte	0x4
 422 00b4 5B000000 		.4byte	.LASF15
 423 00b8 04       		.uleb128 0x4
 424 00b9 08       		.byte	0x8
 425 00ba 04       		.byte	0x4
 426 00bb A2000000 		.4byte	.LASF16
 427 00bf 08       		.uleb128 0x8
ARM GAS  C:\Users\passw\AppData\Local\Temp\ccx2WyhC.s 			page 14


 428 00c0 66000000 		.4byte	.LASF17
 429 00c4 03       		.byte	0x3
 430 00c5 E201     		.2byte	0x1e2
 431 00c7 CB000000 		.4byte	0xcb
 432 00cb 09       		.uleb128 0x9
 433 00cc 8D000000 		.4byte	0x8d
 434 00d0 08       		.uleb128 0x8
 435 00d1 00000000 		.4byte	.LASF18
 436 00d5 03       		.byte	0x3
 437 00d6 E401     		.2byte	0x1e4
 438 00d8 DC000000 		.4byte	0xdc
 439 00dc 09       		.uleb128 0x9
 440 00dd A5000000 		.4byte	0xa5
 441 00e1 08       		.uleb128 0x8
 442 00e2 58010000 		.4byte	.LASF19
 443 00e6 03       		.byte	0x3
 444 00e7 F401     		.2byte	0x1f4
 445 00e9 7F000000 		.4byte	0x7f
 446 00ed 0A       		.uleb128 0xa
 447 00ee 0D000000 		.4byte	.LASF31
 448 00f2 01       		.byte	0x1
 449 00f3 C8       		.byte	0xc8
 450 00f4 00000000 		.4byte	.LFB5
 451 00f8 20000000 		.4byte	.LFE5-.LFB5
 452 00fc 01       		.uleb128 0x1
 453 00fd 9C       		.byte	0x9c
 454 00fe 0B       		.uleb128 0xb
 455 00ff 83000000 		.4byte	.LASF20
 456 0103 01       		.byte	0x1
 457 0104 3D       		.byte	0x3d
 458 0105 00000000 		.4byte	.LFB1
 459 0109 0C000000 		.4byte	.LFE1-.LFB1
 460 010d 01       		.uleb128 0x1
 461 010e 9C       		.byte	0x9c
 462 010f 4B010000 		.4byte	0x14b
 463 0113 0C       		.uleb128 0xc
 464 0114 7300     		.ascii	"s\000"
 465 0116 01       		.byte	0x1
 466 0117 3D       		.byte	0x3d
 467 0118 7D000000 		.4byte	0x7d
 468 011c 00000000 		.4byte	.LLST0
 469 0120 0C       		.uleb128 0xc
 470 0121 6E00     		.ascii	"n\000"
 471 0123 01       		.byte	0x1
 472 0124 3D       		.byte	0x3d
 473 0125 2C000000 		.4byte	0x2c
 474 0129 21000000 		.4byte	.LLST1
 475 012d 0D       		.uleb128 0xd
 476 012e 0A000000 		.4byte	.LVL2
 477 0132 58020000 		.4byte	0x258
 478 0136 0E       		.uleb128 0xe
 479 0137 01       		.uleb128 0x1
 480 0138 52       		.byte	0x52
 481 0139 03       		.uleb128 0x3
 482 013a F3       		.byte	0xf3
 483 013b 01       		.uleb128 0x1
 484 013c 51       		.byte	0x51
ARM GAS  C:\Users\passw\AppData\Local\Temp\ccx2WyhC.s 			page 15


 485 013d 0E       		.uleb128 0xe
 486 013e 01       		.uleb128 0x1
 487 013f 51       		.byte	0x51
 488 0140 01       		.uleb128 0x1
 489 0141 30       		.byte	0x30
 490 0142 0E       		.uleb128 0xe
 491 0143 01       		.uleb128 0x1
 492 0144 50       		.byte	0x50
 493 0145 03       		.uleb128 0x3
 494 0146 F3       		.byte	0xf3
 495 0147 01       		.uleb128 0x1
 496 0148 50       		.byte	0x50
 497 0149 00       		.byte	0
 498 014a 00       		.byte	0
 499 014b 0B       		.uleb128 0xb
 500 014c 3D000000 		.4byte	.LASF21
 501 0150 01       		.byte	0x1
 502 0151 92       		.byte	0x92
 503 0152 00000000 		.4byte	.LFB4
 504 0156 94000000 		.4byte	.LFE4-.LFB4
 505 015a 01       		.uleb128 0x1
 506 015b 9C       		.byte	0x9c
 507 015c 97010000 		.4byte	0x197
 508 0160 0F       		.uleb128 0xf
 509 0161 0E000000 		.4byte	.LVL3
 510 0165 75020000 		.4byte	0x275
 511 0169 74010000 		.4byte	0x174
 512 016d 0E       		.uleb128 0xe
 513 016e 01       		.uleb128 0x1
 514 016f 50       		.byte	0x50
 515 0170 02       		.uleb128 0x2
 516 0171 08       		.byte	0x8
 517 0172 30       		.byte	0x30
 518 0173 00       		.byte	0
 519 0174 0F       		.uleb128 0xf
 520 0175 4E000000 		.4byte	.LVL4
 521 0179 86020000 		.4byte	0x286
 522 017d 87010000 		.4byte	0x187
 523 0181 0E       		.uleb128 0xe
 524 0182 01       		.uleb128 0x1
 525 0183 50       		.byte	0x50
 526 0184 01       		.uleb128 0x1
 527 0185 37       		.byte	0x37
 528 0186 00       		.byte	0
 529 0187 0D       		.uleb128 0xd
 530 0188 54000000 		.4byte	.LVL5
 531 018c A0020000 		.4byte	0x2a0
 532 0190 0E       		.uleb128 0xe
 533 0191 01       		.uleb128 0x1
 534 0192 50       		.byte	0x50
 535 0193 01       		.uleb128 0x1
 536 0194 37       		.byte	0x37
 537 0195 00       		.byte	0
 538 0196 00       		.byte	0
 539 0197 10       		.uleb128 0x10
 540 0198 D0000000 		.4byte	.LASF32
 541 019c 01       		.byte	0x1
ARM GAS  C:\Users\passw\AppData\Local\Temp\ccx2WyhC.s 			page 16


 542 019d E3       		.byte	0xe3
 543 019e 94000000 		.4byte	.LFB6
 544 01a2 D8000000 		.4byte	.LFE6-.LFB6
 545 01a6 01       		.uleb128 0x1
 546 01a7 9C       		.byte	0x9c
 547 01a8 58020000 		.4byte	0x258
 548 01ac 11       		.uleb128 0x11
 549 01ad 98000000 		.4byte	.LBB2
 550 01b1 64000000 		.4byte	.LBE2-.LBB2
 551 01b5 45020000 		.4byte	0x245
 552 01b9 12       		.uleb128 0x12
 553 01ba 06       		.byte	0x6
 554 01bb 01       		.byte	0x1
 555 01bc EA       		.byte	0xea
 556 01bd DA010000 		.4byte	0x1da
 557 01c1 13       		.uleb128 0x13
 558 01c2 DD000000 		.4byte	.LASF22
 559 01c6 01       		.byte	0x1
 560 01c7 EB       		.byte	0xeb
 561 01c8 7D000000 		.4byte	0x7d
 562 01cc 00       		.byte	0
 563 01cd 13       		.uleb128 0x13
 564 01ce 61000000 		.4byte	.LASF23
 565 01d2 01       		.byte	0x1
 566 01d3 EC       		.byte	0xec
 567 01d4 99000000 		.4byte	0x99
 568 01d8 04       		.byte	0x4
 569 01d9 00       		.byte	0
 570 01da 03       		.uleb128 0x3
 571 01db 65010000 		.4byte	.LASF24
 572 01df 01       		.byte	0x1
 573 01e0 ED       		.byte	0xed
 574 01e1 B9010000 		.4byte	0x1b9
 575 01e5 14       		.uleb128 0x14
 576 01e6 DA010000 		.4byte	0x1da
 577 01ea F5010000 		.4byte	0x1f5
 578 01ee 15       		.uleb128 0x15
 579 01ef 76000000 		.4byte	0x76
 580 01f3 01       		.byte	0x1
 581 01f4 00       		.byte	0
 582 01f5 16       		.uleb128 0x16
 583 01f6 2D000000 		.4byte	.LASF25
 584 01fa 01       		.byte	0x1
 585 01fb EF       		.byte	0xef
 586 01fc 06020000 		.4byte	0x206
 587 0200 05       		.uleb128 0x5
 588 0201 03       		.byte	0x3
 589 0202 00000000 		.4byte	cfg_memset_list.4746
 590 0206 17       		.uleb128 0x17
 591 0207 E5010000 		.4byte	0x1e5
 592 020b 18       		.uleb128 0x18
 593 020c 6900     		.ascii	"i\000"
 594 020e 01       		.byte	0x1
 595 020f F5       		.byte	0xf5
 596 0210 8D000000 		.4byte	0x8d
 597 0214 4D000000 		.4byte	.LLST2
 598 0218 19       		.uleb128 0x19
ARM GAS  C:\Users\passw\AppData\Local\Temp\ccx2WyhC.s 			page 17


 599 0219 9C000000 		.4byte	.LBB3
 600 021d 1E000000 		.4byte	.LBE3-.LBB3
 601 0221 18       		.uleb128 0x18
 602 0222 6D7300   		.ascii	"ms\000"
 603 0225 01       		.byte	0x1
 604 0226 FA       		.byte	0xfa
 605 0227 2F020000 		.4byte	0x22f
 606 022b 77000000 		.4byte	.LLST3
 607 022f 06       		.uleb128 0x6
 608 0230 04       		.byte	0x4
 609 0231 35020000 		.4byte	0x235
 610 0235 17       		.uleb128 0x17
 611 0236 DA010000 		.4byte	0x1da
 612 023a 1A       		.uleb128 0x1a
 613 023b BA000000 		.4byte	.LVL8
 614 023f FE000000 		.4byte	0xfe
 615 0243 00       		.byte	0
 616 0244 00       		.byte	0
 617 0245 1A       		.uleb128 0x1a
 618 0246 24010000 		.4byte	.LVL12
 619 024a 4B010000 		.4byte	0x14b
 620 024e 1A       		.uleb128 0x1a
 621 024f 28010000 		.4byte	.LVL13
 622 0253 ED000000 		.4byte	0xed
 623 0257 00       		.byte	0
 624 0258 1B       		.uleb128 0x1b
 625 0259 9B000000 		.4byte	.LASF26
 626 025d 7D000000 		.4byte	0x7d
 627 0261 75020000 		.4byte	0x275
 628 0265 1C       		.uleb128 0x1c
 629 0266 7D000000 		.4byte	0x7d
 630 026a 1C       		.uleb128 0x1c
 631 026b 25000000 		.4byte	0x25
 632 026f 1C       		.uleb128 0x1c
 633 0270 76000000 		.4byte	0x76
 634 0274 00       		.byte	0
 635 0275 1D       		.uleb128 0x1d
 636 0276 4E020000 		.4byte	.LASF27
 637 027a 04       		.byte	0x4
 638 027b 38       		.byte	0x38
 639 027c 86020000 		.4byte	0x286
 640 0280 1C       		.uleb128 0x1c
 641 0281 A5000000 		.4byte	0xa5
 642 0285 00       		.byte	0
 643 0286 1E       		.uleb128 0x1e
 644 0287 1E000000 		.4byte	.LASF33
 645 028b 04       		.byte	0x4
 646 028c 49       		.byte	0x49
 647 028d E1000000 		.4byte	0xe1
 648 0291 A0020000 		.4byte	0x2a0
 649 0295 1C       		.uleb128 0x1c
 650 0296 8D000000 		.4byte	0x8d
 651 029a 1C       		.uleb128 0x1c
 652 029b E1000000 		.4byte	0xe1
 653 029f 00       		.byte	0
 654 02a0 1F       		.uleb128 0x1f
 655 02a1 A9000000 		.4byte	.LASF34
ARM GAS  C:\Users\passw\AppData\Local\Temp\ccx2WyhC.s 			page 18


 656 02a5 04       		.byte	0x4
 657 02a6 4F       		.byte	0x4f
 658 02a7 1C       		.uleb128 0x1c
 659 02a8 8D000000 		.4byte	0x8d
 660 02ac 00       		.byte	0
 661 02ad 00       		.byte	0
 662              		.section	.debug_abbrev,"",%progbits
 663              	.Ldebug_abbrev0:
 664 0000 01       		.uleb128 0x1
 665 0001 11       		.uleb128 0x11
 666 0002 01       		.byte	0x1
 667 0003 25       		.uleb128 0x25
 668 0004 0E       		.uleb128 0xe
 669 0005 13       		.uleb128 0x13
 670 0006 0B       		.uleb128 0xb
 671 0007 03       		.uleb128 0x3
 672 0008 0E       		.uleb128 0xe
 673 0009 1B       		.uleb128 0x1b
 674 000a 0E       		.uleb128 0xe
 675 000b 55       		.uleb128 0x55
 676 000c 17       		.uleb128 0x17
 677 000d 11       		.uleb128 0x11
 678 000e 01       		.uleb128 0x1
 679 000f 10       		.uleb128 0x10
 680 0010 17       		.uleb128 0x17
 681 0011 00       		.byte	0
 682 0012 00       		.byte	0
 683 0013 02       		.uleb128 0x2
 684 0014 24       		.uleb128 0x24
 685 0015 00       		.byte	0
 686 0016 0B       		.uleb128 0xb
 687 0017 0B       		.uleb128 0xb
 688 0018 3E       		.uleb128 0x3e
 689 0019 0B       		.uleb128 0xb
 690 001a 03       		.uleb128 0x3
 691 001b 08       		.uleb128 0x8
 692 001c 00       		.byte	0
 693 001d 00       		.byte	0
 694 001e 03       		.uleb128 0x3
 695 001f 16       		.uleb128 0x16
 696 0020 00       		.byte	0
 697 0021 03       		.uleb128 0x3
 698 0022 0E       		.uleb128 0xe
 699 0023 3A       		.uleb128 0x3a
 700 0024 0B       		.uleb128 0xb
 701 0025 3B       		.uleb128 0x3b
 702 0026 0B       		.uleb128 0xb
 703 0027 49       		.uleb128 0x49
 704 0028 13       		.uleb128 0x13
 705 0029 00       		.byte	0
 706 002a 00       		.byte	0
 707 002b 04       		.uleb128 0x4
 708 002c 24       		.uleb128 0x24
 709 002d 00       		.byte	0
 710 002e 0B       		.uleb128 0xb
 711 002f 0B       		.uleb128 0xb
 712 0030 3E       		.uleb128 0x3e
ARM GAS  C:\Users\passw\AppData\Local\Temp\ccx2WyhC.s 			page 19


 713 0031 0B       		.uleb128 0xb
 714 0032 03       		.uleb128 0x3
 715 0033 0E       		.uleb128 0xe
 716 0034 00       		.byte	0
 717 0035 00       		.byte	0
 718 0036 05       		.uleb128 0x5
 719 0037 0F       		.uleb128 0xf
 720 0038 00       		.byte	0
 721 0039 0B       		.uleb128 0xb
 722 003a 0B       		.uleb128 0xb
 723 003b 00       		.byte	0
 724 003c 00       		.byte	0
 725 003d 06       		.uleb128 0x6
 726 003e 0F       		.uleb128 0xf
 727 003f 00       		.byte	0
 728 0040 0B       		.uleb128 0xb
 729 0041 0B       		.uleb128 0xb
 730 0042 49       		.uleb128 0x49
 731 0043 13       		.uleb128 0x13
 732 0044 00       		.byte	0
 733 0045 00       		.byte	0
 734 0046 07       		.uleb128 0x7
 735 0047 15       		.uleb128 0x15
 736 0048 00       		.byte	0
 737 0049 27       		.uleb128 0x27
 738 004a 19       		.uleb128 0x19
 739 004b 00       		.byte	0
 740 004c 00       		.byte	0
 741 004d 08       		.uleb128 0x8
 742 004e 16       		.uleb128 0x16
 743 004f 00       		.byte	0
 744 0050 03       		.uleb128 0x3
 745 0051 0E       		.uleb128 0xe
 746 0052 3A       		.uleb128 0x3a
 747 0053 0B       		.uleb128 0xb
 748 0054 3B       		.uleb128 0x3b
 749 0055 05       		.uleb128 0x5
 750 0056 49       		.uleb128 0x49
 751 0057 13       		.uleb128 0x13
 752 0058 00       		.byte	0
 753 0059 00       		.byte	0
 754 005a 09       		.uleb128 0x9
 755 005b 35       		.uleb128 0x35
 756 005c 00       		.byte	0
 757 005d 49       		.uleb128 0x49
 758 005e 13       		.uleb128 0x13
 759 005f 00       		.byte	0
 760 0060 00       		.byte	0
 761 0061 0A       		.uleb128 0xa
 762 0062 2E       		.uleb128 0x2e
 763 0063 00       		.byte	0
 764 0064 03       		.uleb128 0x3
 765 0065 0E       		.uleb128 0xe
 766 0066 3A       		.uleb128 0x3a
 767 0067 0B       		.uleb128 0xb
 768 0068 3B       		.uleb128 0x3b
 769 0069 0B       		.uleb128 0xb
ARM GAS  C:\Users\passw\AppData\Local\Temp\ccx2WyhC.s 			page 20


 770 006a 27       		.uleb128 0x27
 771 006b 19       		.uleb128 0x19
 772 006c 11       		.uleb128 0x11
 773 006d 01       		.uleb128 0x1
 774 006e 12       		.uleb128 0x12
 775 006f 06       		.uleb128 0x6
 776 0070 40       		.uleb128 0x40
 777 0071 18       		.uleb128 0x18
 778 0072 9742     		.uleb128 0x2117
 779 0074 19       		.uleb128 0x19
 780 0075 00       		.byte	0
 781 0076 00       		.byte	0
 782 0077 0B       		.uleb128 0xb
 783 0078 2E       		.uleb128 0x2e
 784 0079 01       		.byte	0x1
 785 007a 03       		.uleb128 0x3
 786 007b 0E       		.uleb128 0xe
 787 007c 3A       		.uleb128 0x3a
 788 007d 0B       		.uleb128 0xb
 789 007e 3B       		.uleb128 0x3b
 790 007f 0B       		.uleb128 0xb
 791 0080 27       		.uleb128 0x27
 792 0081 19       		.uleb128 0x19
 793 0082 11       		.uleb128 0x11
 794 0083 01       		.uleb128 0x1
 795 0084 12       		.uleb128 0x12
 796 0085 06       		.uleb128 0x6
 797 0086 40       		.uleb128 0x40
 798 0087 18       		.uleb128 0x18
 799 0088 9742     		.uleb128 0x2117
 800 008a 19       		.uleb128 0x19
 801 008b 01       		.uleb128 0x1
 802 008c 13       		.uleb128 0x13
 803 008d 00       		.byte	0
 804 008e 00       		.byte	0
 805 008f 0C       		.uleb128 0xc
 806 0090 05       		.uleb128 0x5
 807 0091 00       		.byte	0
 808 0092 03       		.uleb128 0x3
 809 0093 08       		.uleb128 0x8
 810 0094 3A       		.uleb128 0x3a
 811 0095 0B       		.uleb128 0xb
 812 0096 3B       		.uleb128 0x3b
 813 0097 0B       		.uleb128 0xb
 814 0098 49       		.uleb128 0x49
 815 0099 13       		.uleb128 0x13
 816 009a 02       		.uleb128 0x2
 817 009b 17       		.uleb128 0x17
 818 009c 00       		.byte	0
 819 009d 00       		.byte	0
 820 009e 0D       		.uleb128 0xd
 821 009f 898201   		.uleb128 0x4109
 822 00a2 01       		.byte	0x1
 823 00a3 11       		.uleb128 0x11
 824 00a4 01       		.uleb128 0x1
 825 00a5 31       		.uleb128 0x31
 826 00a6 13       		.uleb128 0x13
ARM GAS  C:\Users\passw\AppData\Local\Temp\ccx2WyhC.s 			page 21


 827 00a7 00       		.byte	0
 828 00a8 00       		.byte	0
 829 00a9 0E       		.uleb128 0xe
 830 00aa 8A8201   		.uleb128 0x410a
 831 00ad 00       		.byte	0
 832 00ae 02       		.uleb128 0x2
 833 00af 18       		.uleb128 0x18
 834 00b0 9142     		.uleb128 0x2111
 835 00b2 18       		.uleb128 0x18
 836 00b3 00       		.byte	0
 837 00b4 00       		.byte	0
 838 00b5 0F       		.uleb128 0xf
 839 00b6 898201   		.uleb128 0x4109
 840 00b9 01       		.byte	0x1
 841 00ba 11       		.uleb128 0x11
 842 00bb 01       		.uleb128 0x1
 843 00bc 31       		.uleb128 0x31
 844 00bd 13       		.uleb128 0x13
 845 00be 01       		.uleb128 0x1
 846 00bf 13       		.uleb128 0x13
 847 00c0 00       		.byte	0
 848 00c1 00       		.byte	0
 849 00c2 10       		.uleb128 0x10
 850 00c3 2E       		.uleb128 0x2e
 851 00c4 01       		.byte	0x1
 852 00c5 3F       		.uleb128 0x3f
 853 00c6 19       		.uleb128 0x19
 854 00c7 03       		.uleb128 0x3
 855 00c8 0E       		.uleb128 0xe
 856 00c9 3A       		.uleb128 0x3a
 857 00ca 0B       		.uleb128 0xb
 858 00cb 3B       		.uleb128 0x3b
 859 00cc 0B       		.uleb128 0xb
 860 00cd 27       		.uleb128 0x27
 861 00ce 19       		.uleb128 0x19
 862 00cf 11       		.uleb128 0x11
 863 00d0 01       		.uleb128 0x1
 864 00d1 12       		.uleb128 0x12
 865 00d2 06       		.uleb128 0x6
 866 00d3 40       		.uleb128 0x40
 867 00d4 18       		.uleb128 0x18
 868 00d5 9742     		.uleb128 0x2117
 869 00d7 19       		.uleb128 0x19
 870 00d8 01       		.uleb128 0x1
 871 00d9 13       		.uleb128 0x13
 872 00da 00       		.byte	0
 873 00db 00       		.byte	0
 874 00dc 11       		.uleb128 0x11
 875 00dd 0B       		.uleb128 0xb
 876 00de 01       		.byte	0x1
 877 00df 11       		.uleb128 0x11
 878 00e0 01       		.uleb128 0x1
 879 00e1 12       		.uleb128 0x12
 880 00e2 06       		.uleb128 0x6
 881 00e3 01       		.uleb128 0x1
 882 00e4 13       		.uleb128 0x13
 883 00e5 00       		.byte	0
ARM GAS  C:\Users\passw\AppData\Local\Temp\ccx2WyhC.s 			page 22


 884 00e6 00       		.byte	0
 885 00e7 12       		.uleb128 0x12
 886 00e8 13       		.uleb128 0x13
 887 00e9 01       		.byte	0x1
 888 00ea 0B       		.uleb128 0xb
 889 00eb 0B       		.uleb128 0xb
 890 00ec 3A       		.uleb128 0x3a
 891 00ed 0B       		.uleb128 0xb
 892 00ee 3B       		.uleb128 0x3b
 893 00ef 0B       		.uleb128 0xb
 894 00f0 01       		.uleb128 0x1
 895 00f1 13       		.uleb128 0x13
 896 00f2 00       		.byte	0
 897 00f3 00       		.byte	0
 898 00f4 13       		.uleb128 0x13
 899 00f5 0D       		.uleb128 0xd
 900 00f6 00       		.byte	0
 901 00f7 03       		.uleb128 0x3
 902 00f8 0E       		.uleb128 0xe
 903 00f9 3A       		.uleb128 0x3a
 904 00fa 0B       		.uleb128 0xb
 905 00fb 3B       		.uleb128 0x3b
 906 00fc 0B       		.uleb128 0xb
 907 00fd 49       		.uleb128 0x49
 908 00fe 13       		.uleb128 0x13
 909 00ff 38       		.uleb128 0x38
 910 0100 0B       		.uleb128 0xb
 911 0101 00       		.byte	0
 912 0102 00       		.byte	0
 913 0103 14       		.uleb128 0x14
 914 0104 01       		.uleb128 0x1
 915 0105 01       		.byte	0x1
 916 0106 49       		.uleb128 0x49
 917 0107 13       		.uleb128 0x13
 918 0108 01       		.uleb128 0x1
 919 0109 13       		.uleb128 0x13
 920 010a 00       		.byte	0
 921 010b 00       		.byte	0
 922 010c 15       		.uleb128 0x15
 923 010d 21       		.uleb128 0x21
 924 010e 00       		.byte	0
 925 010f 49       		.uleb128 0x49
 926 0110 13       		.uleb128 0x13
 927 0111 2F       		.uleb128 0x2f
 928 0112 0B       		.uleb128 0xb
 929 0113 00       		.byte	0
 930 0114 00       		.byte	0
 931 0115 16       		.uleb128 0x16
 932 0116 34       		.uleb128 0x34
 933 0117 00       		.byte	0
 934 0118 03       		.uleb128 0x3
 935 0119 0E       		.uleb128 0xe
 936 011a 3A       		.uleb128 0x3a
 937 011b 0B       		.uleb128 0xb
 938 011c 3B       		.uleb128 0x3b
 939 011d 0B       		.uleb128 0xb
 940 011e 49       		.uleb128 0x49
ARM GAS  C:\Users\passw\AppData\Local\Temp\ccx2WyhC.s 			page 23


 941 011f 13       		.uleb128 0x13
 942 0120 02       		.uleb128 0x2
 943 0121 18       		.uleb128 0x18
 944 0122 00       		.byte	0
 945 0123 00       		.byte	0
 946 0124 17       		.uleb128 0x17
 947 0125 26       		.uleb128 0x26
 948 0126 00       		.byte	0
 949 0127 49       		.uleb128 0x49
 950 0128 13       		.uleb128 0x13
 951 0129 00       		.byte	0
 952 012a 00       		.byte	0
 953 012b 18       		.uleb128 0x18
 954 012c 34       		.uleb128 0x34
 955 012d 00       		.byte	0
 956 012e 03       		.uleb128 0x3
 957 012f 08       		.uleb128 0x8
 958 0130 3A       		.uleb128 0x3a
 959 0131 0B       		.uleb128 0xb
 960 0132 3B       		.uleb128 0x3b
 961 0133 0B       		.uleb128 0xb
 962 0134 49       		.uleb128 0x49
 963 0135 13       		.uleb128 0x13
 964 0136 02       		.uleb128 0x2
 965 0137 17       		.uleb128 0x17
 966 0138 00       		.byte	0
 967 0139 00       		.byte	0
 968 013a 19       		.uleb128 0x19
 969 013b 0B       		.uleb128 0xb
 970 013c 01       		.byte	0x1
 971 013d 11       		.uleb128 0x11
 972 013e 01       		.uleb128 0x1
 973 013f 12       		.uleb128 0x12
 974 0140 06       		.uleb128 0x6
 975 0141 00       		.byte	0
 976 0142 00       		.byte	0
 977 0143 1A       		.uleb128 0x1a
 978 0144 898201   		.uleb128 0x4109
 979 0147 00       		.byte	0
 980 0148 11       		.uleb128 0x11
 981 0149 01       		.uleb128 0x1
 982 014a 31       		.uleb128 0x31
 983 014b 13       		.uleb128 0x13
 984 014c 00       		.byte	0
 985 014d 00       		.byte	0
 986 014e 1B       		.uleb128 0x1b
 987 014f 2E       		.uleb128 0x2e
 988 0150 01       		.byte	0x1
 989 0151 3F       		.uleb128 0x3f
 990 0152 19       		.uleb128 0x19
 991 0153 03       		.uleb128 0x3
 992 0154 0E       		.uleb128 0xe
 993 0155 27       		.uleb128 0x27
 994 0156 19       		.uleb128 0x19
 995 0157 49       		.uleb128 0x49
 996 0158 13       		.uleb128 0x13
 997 0159 34       		.uleb128 0x34
ARM GAS  C:\Users\passw\AppData\Local\Temp\ccx2WyhC.s 			page 24


 998 015a 19       		.uleb128 0x19
 999 015b 3C       		.uleb128 0x3c
 1000 015c 19       		.uleb128 0x19
 1001 015d 01       		.uleb128 0x1
 1002 015e 13       		.uleb128 0x13
 1003 015f 00       		.byte	0
 1004 0160 00       		.byte	0
 1005 0161 1C       		.uleb128 0x1c
 1006 0162 05       		.uleb128 0x5
 1007 0163 00       		.byte	0
 1008 0164 49       		.uleb128 0x49
 1009 0165 13       		.uleb128 0x13
 1010 0166 00       		.byte	0
 1011 0167 00       		.byte	0
 1012 0168 1D       		.uleb128 0x1d
 1013 0169 2E       		.uleb128 0x2e
 1014 016a 01       		.byte	0x1
 1015 016b 3F       		.uleb128 0x3f
 1016 016c 19       		.uleb128 0x19
 1017 016d 03       		.uleb128 0x3
 1018 016e 0E       		.uleb128 0xe
 1019 016f 3A       		.uleb128 0x3a
 1020 0170 0B       		.uleb128 0xb
 1021 0171 3B       		.uleb128 0x3b
 1022 0172 0B       		.uleb128 0xb
 1023 0173 27       		.uleb128 0x27
 1024 0174 19       		.uleb128 0x19
 1025 0175 3C       		.uleb128 0x3c
 1026 0176 19       		.uleb128 0x19
 1027 0177 01       		.uleb128 0x1
 1028 0178 13       		.uleb128 0x13
 1029 0179 00       		.byte	0
 1030 017a 00       		.byte	0
 1031 017b 1E       		.uleb128 0x1e
 1032 017c 2E       		.uleb128 0x2e
 1033 017d 01       		.byte	0x1
 1034 017e 3F       		.uleb128 0x3f
 1035 017f 19       		.uleb128 0x19
 1036 0180 03       		.uleb128 0x3
 1037 0181 0E       		.uleb128 0xe
 1038 0182 3A       		.uleb128 0x3a
 1039 0183 0B       		.uleb128 0xb
 1040 0184 3B       		.uleb128 0x3b
 1041 0185 0B       		.uleb128 0xb
 1042 0186 27       		.uleb128 0x27
 1043 0187 19       		.uleb128 0x19
 1044 0188 49       		.uleb128 0x49
 1045 0189 13       		.uleb128 0x13
 1046 018a 3C       		.uleb128 0x3c
 1047 018b 19       		.uleb128 0x19
 1048 018c 01       		.uleb128 0x1
 1049 018d 13       		.uleb128 0x13
 1050 018e 00       		.byte	0
 1051 018f 00       		.byte	0
 1052 0190 1F       		.uleb128 0x1f
 1053 0191 2E       		.uleb128 0x2e
 1054 0192 01       		.byte	0x1
ARM GAS  C:\Users\passw\AppData\Local\Temp\ccx2WyhC.s 			page 25


 1055 0193 3F       		.uleb128 0x3f
 1056 0194 19       		.uleb128 0x19
 1057 0195 03       		.uleb128 0x3
 1058 0196 0E       		.uleb128 0xe
 1059 0197 3A       		.uleb128 0x3a
 1060 0198 0B       		.uleb128 0xb
 1061 0199 3B       		.uleb128 0x3b
 1062 019a 0B       		.uleb128 0xb
 1063 019b 27       		.uleb128 0x27
 1064 019c 19       		.uleb128 0x19
 1065 019d 3C       		.uleb128 0x3c
 1066 019e 19       		.uleb128 0x19
 1067 019f 00       		.byte	0
 1068 01a0 00       		.byte	0
 1069 01a1 00       		.byte	0
 1070              		.section	.debug_loc,"",%progbits
 1071              	.Ldebug_loc0:
 1072              	.LLST0:
 1073 0000 00000000 		.4byte	.LVL0
 1074 0004 09000000 		.4byte	.LVL2-1
 1075 0008 0100     		.2byte	0x1
 1076 000a 50       		.byte	0x50
 1077 000b 09000000 		.4byte	.LVL2-1
 1078 000f 0C000000 		.4byte	.LFE1
 1079 0013 0400     		.2byte	0x4
 1080 0015 F3       		.byte	0xf3
 1081 0016 01       		.uleb128 0x1
 1082 0017 50       		.byte	0x50
 1083 0018 9F       		.byte	0x9f
 1084 0019 00000000 		.4byte	0
 1085 001d 00000000 		.4byte	0
 1086              	.LLST1:
 1087 0021 00000000 		.4byte	.LVL0
 1088 0025 06000000 		.4byte	.LVL1
 1089 0029 0100     		.2byte	0x1
 1090 002b 51       		.byte	0x51
 1091 002c 06000000 		.4byte	.LVL1
 1092 0030 09000000 		.4byte	.LVL2-1
 1093 0034 0100     		.2byte	0x1
 1094 0036 52       		.byte	0x52
 1095 0037 09000000 		.4byte	.LVL2-1
 1096 003b 0C000000 		.4byte	.LFE1
 1097 003f 0400     		.2byte	0x4
 1098 0041 F3       		.byte	0xf3
 1099 0042 01       		.uleb128 0x1
 1100 0043 51       		.byte	0x51
 1101 0044 9F       		.byte	0x9f
 1102 0045 00000000 		.4byte	0
 1103 0049 00000000 		.4byte	0
 1104              	.LLST2:
 1105 004d 98000000 		.4byte	.LVL6
 1106 0051 9C000000 		.4byte	.LVL7
 1107 0055 0200     		.2byte	0x2
 1108 0057 30       		.byte	0x30
 1109 0058 9F       		.byte	0x9f
 1110 0059 9C000000 		.4byte	.LVL7
 1111 005d BC000000 		.4byte	.LVL9
ARM GAS  C:\Users\passw\AppData\Local\Temp\ccx2WyhC.s 			page 26


 1112 0061 0100     		.2byte	0x1
 1113 0063 54       		.byte	0x54
 1114 0064 BE000000 		.4byte	.LVL10
 1115 0068 E8000000 		.4byte	.LVL11
 1116 006c 0100     		.2byte	0x1
 1117 006e 54       		.byte	0x54
 1118 006f 00000000 		.4byte	0
 1119 0073 00000000 		.4byte	0
 1120              	.LLST3:
 1121 0077 9C000000 		.4byte	.LVL7
 1122 007b BC000000 		.4byte	.LVL9
 1123 007f 0B00     		.2byte	0xb
 1124 0081 74       		.byte	0x74
 1125 0082 00       		.sleb128 0
 1126 0083 36       		.byte	0x36
 1127 0084 1E       		.byte	0x1e
 1128 0085 03       		.byte	0x3
 1129 0086 00000000 		.4byte	cfg_memset_list.4746
 1130 008a 22       		.byte	0x22
 1131 008b 9F       		.byte	0x9f
 1132 008c BC000000 		.4byte	.LVL9
 1133 0090 BE000000 		.4byte	.LVL10
 1134 0094 0B00     		.2byte	0xb
 1135 0096 74       		.byte	0x74
 1136 0097 7F       		.sleb128 -1
 1137 0098 36       		.byte	0x36
 1138 0099 1E       		.byte	0x1e
 1139 009a 03       		.byte	0x3
 1140 009b 00000000 		.4byte	cfg_memset_list.4746
 1141 009f 22       		.byte	0x22
 1142 00a0 9F       		.byte	0x9f
 1143 00a1 00000000 		.4byte	0
 1144 00a5 00000000 		.4byte	0
 1145              		.section	.debug_aranges,"",%progbits
 1146 0000 34000000 		.4byte	0x34
 1147 0004 0200     		.2byte	0x2
 1148 0006 00000000 		.4byte	.Ldebug_info0
 1149 000a 04       		.byte	0x4
 1150 000b 00       		.byte	0
 1151 000c 0000     		.2byte	0
 1152 000e 0000     		.2byte	0
 1153 0010 00000000 		.4byte	.LFB5
 1154 0014 20000000 		.4byte	.LFE5-.LFB5
 1155 0018 00000000 		.4byte	.LFB1
 1156 001c 0C000000 		.4byte	.LFE1-.LFB1
 1157 0020 00000000 		.4byte	.LFB4
 1158 0024 94000000 		.4byte	.LFE4-.LFB4
 1159 0028 94000000 		.4byte	.LFB6
 1160 002c D8000000 		.4byte	.LFE6-.LFB6
 1161 0030 00000000 		.4byte	0
 1162 0034 00000000 		.4byte	0
 1163              		.section	.debug_ranges,"",%progbits
 1164              	.Ldebug_ranges0:
 1165 0000 00000000 		.4byte	.LFB5
 1166 0004 20000000 		.4byte	.LFE5
 1167 0008 00000000 		.4byte	.LFB1
 1168 000c 0C000000 		.4byte	.LFE1
ARM GAS  C:\Users\passw\AppData\Local\Temp\ccx2WyhC.s 			page 27


 1169 0010 00000000 		.4byte	.LFB4
 1170 0014 94000000 		.4byte	.LFE4
 1171 0018 94000000 		.4byte	.LFB6
 1172 001c 6C010000 		.4byte	.LFE6
 1173 0020 00000000 		.4byte	0
 1174 0024 00000000 		.4byte	0
 1175              		.section	.debug_line,"",%progbits
 1176              	.Ldebug_line0:
 1177 0000 4C010000 		.section	.debug_str,"MS",%progbits,1
 1177      0200D800 
 1177      00000201 
 1177      FB0E0D00 
 1177      01010101 
 1178              	.LASF18:
 1179 0000 72656733 		.ascii	"reg32\000"
 1179      3200
 1180              	.LASF11:
 1181 0006 73697A65 		.ascii	"size_t\000"
 1181      5F7400
 1182              	.LASF31:
 1183 000d 416E616C 		.ascii	"AnalogSetDefault\000"
 1183      6F675365 
 1183      74446566 
 1183      61756C74 
 1183      00
 1184              	.LASF33:
 1185 001e 4379496E 		.ascii	"CyIntSetVector\000"
 1185      74536574 
 1185      56656374 
 1185      6F7200
 1186              	.LASF25:
 1187 002d 6366675F 		.ascii	"cfg_memset_list\000"
 1187      6D656D73 
 1187      65745F6C 
 1187      69737400 
 1188              	.LASF21:
 1189 003d 436C6F63 		.ascii	"ClockSetup\000"
 1189      6B536574 
 1189      757000
 1190              	.LASF4:
 1191 0048 73686F72 		.ascii	"short unsigned int\000"
 1191      7420756E 
 1191      7369676E 
 1191      65642069 
 1191      6E7400
 1192              	.LASF15:
 1193 005b 666C6F61 		.ascii	"float\000"
 1193      7400
 1194              	.LASF23:
 1195 0061 73697A65 		.ascii	"size\000"
 1195      00
 1196              	.LASF17:
 1197 0066 72656738 		.ascii	"reg8\000"
 1197      00
 1198              	.LASF6:
 1199 006b 6C6F6E67 		.ascii	"long unsigned int\000"
 1199      20756E73 
ARM GAS  C:\Users\passw\AppData\Local\Temp\ccx2WyhC.s 			page 28


 1199      69676E65 
 1199      6420696E 
 1199      7400
 1200              	.LASF12:
 1201 007d 75696E74 		.ascii	"uint8\000"
 1201      3800
 1202              	.LASF20:
 1203 0083 43594D45 		.ascii	"CYMEMZERO\000"
 1203      4D5A4552 
 1203      4F00
 1204              	.LASF2:
 1205 008d 756E7369 		.ascii	"unsigned char\000"
 1205      676E6564 
 1205      20636861 
 1205      7200
 1206              	.LASF26:
 1207 009b 6D656D73 		.ascii	"memset\000"
 1207      657400
 1208              	.LASF16:
 1209 00a2 646F7562 		.ascii	"double\000"
 1209      6C6500
 1210              	.LASF34:
 1211 00a9 4379496E 		.ascii	"CyIntEnable\000"
 1211      74456E61 
 1211      626C6500 
 1212              	.LASF13:
 1213 00b5 75696E74 		.ascii	"uint16\000"
 1213      313600
 1214              	.LASF14:
 1215 00bc 75696E74 		.ascii	"uint32\000"
 1215      333200
 1216              	.LASF0:
 1217 00c3 756E7369 		.ascii	"unsigned int\000"
 1217      676E6564 
 1217      20696E74 
 1217      00
 1218              	.LASF32:
 1219 00d0 63796669 		.ascii	"cyfitter_cfg\000"
 1219      74746572 
 1219      5F636667 
 1219      00
 1220              	.LASF22:
 1221 00dd 61646472 		.ascii	"address\000"
 1221      65737300 
 1222              	.LASF8:
 1223 00e5 6C6F6E67 		.ascii	"long long unsigned int\000"
 1223      206C6F6E 
 1223      6720756E 
 1223      7369676E 
 1223      65642069 
 1224              	.LASF30:
 1225 00fc 433A5C55 		.ascii	"C:\\Users\\passw\\OneDrive\\Documents\\GitHub\\ST4\\"
 1225      73657273 
 1225      5C706173 
 1225      73775C4F 
 1225      6E654472 
 1226 0129 50536F43 		.ascii	"PSoC\\Lille_PSoC\\UART echo with interrupt.cydsn\000"
ARM GAS  C:\Users\passw\AppData\Local\Temp\ccx2WyhC.s 			page 29


 1226      5C4C696C 
 1226      6C655F50 
 1226      536F435C 
 1226      55415254 
 1227              	.LASF19:
 1228 0158 63796973 		.ascii	"cyisraddress\000"
 1228      72616464 
 1228      72657373 
 1228      00
 1229              	.LASF24:
 1230 0165 6366675F 		.ascii	"cfg_memset_t\000"
 1230      6D656D73 
 1230      65745F74 
 1230      00
 1231              	.LASF29:
 1232 0172 2E5C4765 		.ascii	".\\Generated_Source\\PSoC4\\cyfitter_cfg.c\000"
 1232      6E657261 
 1232      7465645F 
 1232      536F7572 
 1232      63655C50 
 1233              	.LASF9:
 1234 019a 73697A65 		.ascii	"sizetype\000"
 1234      74797065 
 1234      00
 1235              	.LASF7:
 1236 01a3 6C6F6E67 		.ascii	"long long int\000"
 1236      206C6F6E 
 1236      6720696E 
 1236      7400
 1237              	.LASF10:
 1238 01b1 63686172 		.ascii	"char\000"
 1238      00
 1239              	.LASF28:
 1240 01b6 474E5520 		.ascii	"GNU C 4.9.3 20150303 (release) [ARM/embedded-4_9-br"
 1240      4320342E 
 1240      392E3320 
 1240      32303135 
 1240      30333033 
 1241 01e9 616E6368 		.ascii	"anch revision 221220] -mcpu=cortex-m0 -mthumb -g -O"
 1241      20726576 
 1241      6973696F 
 1241      6E203232 
 1241      31323230 
 1242 021c 67202D66 		.ascii	"g -ffunction-sections -ffat-lto-objects\000"
 1242      66756E63 
 1242      74696F6E 
 1242      2D736563 
 1242      74696F6E 
 1243              	.LASF3:
 1244 0244 73686F72 		.ascii	"short int\000"
 1244      7420696E 
 1244      7400
 1245              	.LASF27:
 1246 024e 43795379 		.ascii	"CySysClkWriteImoFreq\000"
 1246      73436C6B 
 1246      57726974 
 1246      65496D6F 
ARM GAS  C:\Users\passw\AppData\Local\Temp\ccx2WyhC.s 			page 30


 1246      46726571 
 1247              	.LASF5:
 1248 0263 6C6F6E67 		.ascii	"long int\000"
 1248      20696E74 
 1248      00
 1249              	.LASF1:
 1250 026c 7369676E 		.ascii	"signed char\000"
 1250      65642063 
 1250      68617200 
 1251              		.ident	"GCC: (GNU Tools for ARM Embedded Processors) 4.9.3 20150303 (release) [ARM/embedded-4_9-br
