Archive member included because of file (symbol)

.\CortexM0\ARM_GCC_493\Debug\ECG Simulator.a(cyfitter_cfg.o)
                              .\CortexM0\ARM_GCC_493\Debug\Cm0Start.o (cyfitter_cfg)
.\CortexM0\ARM_GCC_493\Debug\ECG Simulator.a(UART_RX_ISR.o)
                              .\CortexM0\ARM_GCC_493\Debug\main.o (UART_RX_ISR_StartEx)
.\CortexM0\ARM_GCC_493\Debug\ECG Simulator.a(UART.o)
                              .\CortexM0\ARM_GCC_493\Debug\main.o (UART_Start)
.\CortexM0\ARM_GCC_493\Debug\ECG Simulator.a(UART_SPI_UART.o)
                              .\CortexM0\ARM_GCC_493\Debug\main.o (UART_SpiUartWriteTxData)
.\CortexM0\ARM_GCC_493\Debug\ECG Simulator.a(UART_UART.o)
                              .\CortexM0\ARM_GCC_493\Debug\ECG Simulator.a(UART.o) (UART_UartInit)
.\CortexM0\ARM_GCC_493\Debug\ECG Simulator.a(UART_BLE_RX_ISR.o)
                              .\CortexM0\ARM_GCC_493\Debug\main.o (UART_BLE_RX_ISR_StartEx)
.\CortexM0\ARM_GCC_493\Debug\ECG Simulator.a(UART_BLE.o)
                              .\CortexM0\ARM_GCC_493\Debug\main.o (UART_BLE_Start)
.\CortexM0\ARM_GCC_493\Debug\ECG Simulator.a(UART_BLE_UART.o)
                              .\CortexM0\ARM_GCC_493\Debug\ECG Simulator.a(UART_BLE.o) (UART_BLE_UartInit)
.\CortexM0\ARM_GCC_493\Debug\ECG Simulator.a(Timer.o)
                              .\CortexM0\ARM_GCC_493\Debug\main.o (Timer_ReadCapture)
.\CortexM0\ARM_GCC_493\Debug\ECG Simulator.a(Timer_ISR.o)
                              .\CortexM0\ARM_GCC_493\Debug\main.o (Timer_ISR_Enable)
.\CortexM0\ARM_GCC_493\Debug\ECG Simulator.a(Measure_When_Low.o)
                              .\CortexM0\ARM_GCC_493\Debug\main.o (Measure_When_Low_Write)
.\CortexM0\ARM_GCC_493\Debug\ECG Simulator.a(CyBootAsmGnu.o)
                              .\CortexM0\ARM_GCC_493\Debug\ECG Simulator.a(UART_RX_ISR.o) (CyEnterCriticalSection)
.\CortexM0\ARM_GCC_493\Debug\ECG Simulator.a(CyLib.o)
                              .\CortexM0\ARM_GCC_493\Debug\ECG Simulator.a(cyfitter_cfg.o) (CyIntEnable)
.\CortexM0\ARM_GCC_493\Debug\ECG Simulator.a(cyPm.o)
                              .\CortexM0\ARM_GCC_493\Debug\main.o (CySysPmSleep)
.\CortexM0\ARM_GCC_493\Debug\ECG Simulator.a(CyLFClk.o)
                              .\CortexM0\ARM_GCC_493\Debug\ECG Simulator.a(CyLib.o) (CySysClkWcoEnabled)
.\CortexM0\ARM_GCC_493\Debug\ECG Simulator.a(UART_BLE_SPI_UART.o)
                              .\CortexM0\ARM_GCC_493\Debug\ECG Simulator.a(UART_BLE_UART.o) (UART_BLE_SpiUartReadRxData)
.\CortexM0\ARM_GCC_493\Debug\ECG Simulator.a(CyFlash.o)
                              .\CortexM0\ARM_GCC_493\Debug\ECG Simulator.a(CyLib.o) (CySysFlashSetWaitCycles)
c:/program files (x86)/cypress/psoc creator/3.3/psoc creator/import/gnu/arm/4.9.3/bin/../lib/gcc/arm-none-eabi/4.9.3/armv6-m\libgcc.a(_udivsi3.o)
                              .\CortexM0\ARM_GCC_493\Debug\ECG Simulator.a(CyLib.o) (__aeabi_uidiv)
c:/program files (x86)/cypress/psoc creator/3.3/psoc creator/import/gnu/arm/4.9.3/bin/../lib/gcc/arm-none-eabi/4.9.3/armv6-m\libgcc.a(_dvmd_tls.o)
                              c:/program files (x86)/cypress/psoc creator/3.3/psoc creator/import/gnu/arm/4.9.3/bin/../lib/gcc/arm-none-eabi/4.9.3/armv6-m\libgcc.a(_udivsi3.o) (__aeabi_idiv0)
c:/program files (x86)/cypress/psoc creator/3.3/psoc creator/import/gnu/arm/4.9.3/bin/../lib/gcc/arm-none-eabi/4.9.3/../../../../arm-none-eabi/lib/armv6-m\libg_nano.a(lib_a-errno.o)
                              .\CortexM0\ARM_GCC_493\Debug\Cm0Start.o (__errno)
c:/program files (x86)/cypress/psoc creator/3.3/psoc creator/import/gnu/arm/4.9.3/bin/../lib/gcc/arm-none-eabi/4.9.3/../../../../arm-none-eabi/lib/armv6-m\libg_nano.a(lib_a-exit.o)
                              c:/program files (x86)/cypress/psoc creator/3.3/psoc creator/import/gnu/arm/4.9.3/bin/../lib/gcc/arm-none-eabi/4.9.3/../../../../arm-none-eabi/lib/armv6-m/crt0.o (exit)
c:/program files (x86)/cypress/psoc creator/3.3/psoc creator/import/gnu/arm/4.9.3/bin/../lib/gcc/arm-none-eabi/4.9.3/../../../../arm-none-eabi/lib/armv6-m\libg_nano.a(lib_a-impure.o)
                              c:/program files (x86)/cypress/psoc creator/3.3/psoc creator/import/gnu/arm/4.9.3/bin/../lib/gcc/arm-none-eabi/4.9.3/../../../../arm-none-eabi/lib/armv6-m\libg_nano.a(lib_a-exit.o) (_global_impure_ptr)
c:/program files (x86)/cypress/psoc creator/3.3/psoc creator/import/gnu/arm/4.9.3/bin/../lib/gcc/arm-none-eabi/4.9.3/../../../../arm-none-eabi/lib/armv6-m\libg_nano.a(lib_a-init.o)
                              c:/program files (x86)/cypress/psoc creator/3.3/psoc creator/import/gnu/arm/4.9.3/bin/../lib/gcc/arm-none-eabi/4.9.3/../../../../arm-none-eabi/lib/armv6-m/crt0.o (__libc_init_array)
c:/program files (x86)/cypress/psoc creator/3.3/psoc creator/import/gnu/arm/4.9.3/bin/../lib/gcc/arm-none-eabi/4.9.3/../../../../arm-none-eabi/lib/armv6-m\libg_nano.a(lib_a-memcpy.o)
                              .\CortexM0\ARM_GCC_493\Debug\ECG Simulator.a(CyFlash.o) (memcpy)
c:/program files (x86)/cypress/psoc creator/3.3/psoc creator/import/gnu/arm/4.9.3/bin/../lib/gcc/arm-none-eabi/4.9.3/../../../../arm-none-eabi/lib/armv6-m\libg_nano.a(lib_a-memset.o)
                              c:/program files (x86)/cypress/psoc creator/3.3/psoc creator/import/gnu/arm/4.9.3/bin/../lib/gcc/arm-none-eabi/4.9.3/../../../../arm-none-eabi/lib/armv6-m/crt0.o (memset)

Allocating common symbols
Common symbol       size              file

squared             0x2               .\CortexM0\ARM_GCC_493\Debug\main.o
avg_new             0x2               .\CortexM0\ARM_GCC_493\Debug\main.o
unsigned_data       0x2               .\CortexM0\ARM_GCC_493\Debug\main.o
newest              0x2               .\CortexM0\ARM_GCC_493\Debug\main.o
moving_sum          0x2               .\CortexM0\ARM_GCC_493\Debug\main.o
value_in            0x2               .\CortexM0\ARM_GCC_493\Debug\main.o
signed_data         0x2               .\CortexM0\ARM_GCC_493\Debug\main.o
old                 0x2               .\CortexM0\ARM_GCC_493\Debug\main.o
pointer             0x2               .\CortexM0\ARM_GCC_493\Debug\main.o
oldest              0x2               .\CortexM0\ARM_GCC_493\Debug\main.o
diff                0x2               .\CortexM0\ARM_GCC_493\Debug\main.o

Discarded input sections

 .text          0x00000000        0x0 c:/program files (x86)/cypress/psoc creator/3.3/psoc creator/import/gnu/arm/4.9.3/bin/../lib/gcc/arm-none-eabi/4.9.3/armv6-m/crti.o
 .data          0x00000000        0x0 c:/program files (x86)/cypress/psoc creator/3.3/psoc creator/import/gnu/arm/4.9.3/bin/../lib/gcc/arm-none-eabi/4.9.3/armv6-m/crti.o
 .bss           0x00000000        0x0 c:/program files (x86)/cypress/psoc creator/3.3/psoc creator/import/gnu/arm/4.9.3/bin/../lib/gcc/arm-none-eabi/4.9.3/armv6-m/crti.o
 .data          0x00000000        0x4 c:/program files (x86)/cypress/psoc creator/3.3/psoc creator/import/gnu/arm/4.9.3/bin/../lib/gcc/arm-none-eabi/4.9.3/armv6-m/crtbegin.o
 .text          0x00000000       0x78 c:/program files (x86)/cypress/psoc creator/3.3/psoc creator/import/gnu/arm/4.9.3/bin/../lib/gcc/arm-none-eabi/4.9.3/../../../../arm-none-eabi/lib/armv6-m/crt0.o
 .data          0x00000000        0x0 c:/program files (x86)/cypress/psoc creator/3.3/psoc creator/import/gnu/arm/4.9.3/bin/../lib/gcc/arm-none-eabi/4.9.3/../../../../arm-none-eabi/lib/armv6-m/crt0.o
 .bss           0x00000000        0x0 c:/program files (x86)/cypress/psoc creator/3.3/psoc creator/import/gnu/arm/4.9.3/bin/../lib/gcc/arm-none-eabi/4.9.3/../../../../arm-none-eabi/lib/armv6-m/crt0.o
 .ARM.extab     0x00000000        0x0 c:/program files (x86)/cypress/psoc creator/3.3/psoc creator/import/gnu/arm/4.9.3/bin/../lib/gcc/arm-none-eabi/4.9.3/../../../../arm-none-eabi/lib/armv6-m/crt0.o
 .ARM.exidx     0x00000000        0x8 c:/program files (x86)/cypress/psoc creator/3.3/psoc creator/import/gnu/arm/4.9.3/bin/../lib/gcc/arm-none-eabi/4.9.3/../../../../arm-none-eabi/lib/armv6-m/crt0.o
 .text          0x00000000        0x0 .\CortexM0\ARM_GCC_493\Debug\main.o
 .text          0x00000000        0x0 .\CortexM0\ARM_GCC_493\Debug\cymetadata.o
 .data          0x00000000        0x0 .\CortexM0\ARM_GCC_493\Debug\cymetadata.o
 .bss           0x00000000        0x0 .\CortexM0\ARM_GCC_493\Debug\cymetadata.o
 .text          0x00000000        0x0 .\CortexM0\ARM_GCC_493\Debug\Cm0Start.o
 .data          0x00000000        0x4 .\CortexM0\ARM_GCC_493\Debug\Cm0Start.o
 .bss           0x00000000        0x0 .\CortexM0\ARM_GCC_493\Debug\Cm0Start.o
 .text._exit    0x00000000        0xc .\CortexM0\ARM_GCC_493\Debug\Cm0Start.o
 .text._sbrk    0x00000000       0x30 .\CortexM0\ARM_GCC_493\Debug\Cm0Start.o
 .text          0x00000000        0x0 .\CortexM0\ARM_GCC_493\Debug\ECG Simulator.a(cyfitter_cfg.o)
 .data          0x00000000        0x0 .\CortexM0\ARM_GCC_493\Debug\ECG Simulator.a(cyfitter_cfg.o)
 .bss           0x00000000        0x0 .\CortexM0\ARM_GCC_493\Debug\ECG Simulator.a(cyfitter_cfg.o)
 .text          0x00000000        0x0 .\CortexM0\ARM_GCC_493\Debug\ECG Simulator.a(UART_RX_ISR.o)
 .data          0x00000000        0x0 .\CortexM0\ARM_GCC_493\Debug\ECG Simulator.a(UART_RX_ISR.o)
 .bss           0x00000000        0x0 .\CortexM0\ARM_GCC_493\Debug\ECG Simulator.a(UART_RX_ISR.o)
 .text.UART_RX_ISR_Interrupt
                0x00000000        0x4 .\CortexM0\ARM_GCC_493\Debug\ECG Simulator.a(UART_RX_ISR.o)
 .text.UART_RX_ISR_GetVector
                0x00000000        0xc .\CortexM0\ARM_GCC_493\Debug\ECG Simulator.a(UART_RX_ISR.o)
 .text.UART_RX_ISR_GetPriority
                0x00000000        0xc .\CortexM0\ARM_GCC_493\Debug\ECG Simulator.a(UART_RX_ISR.o)
 .text.UART_RX_ISR_GetState
                0x00000000       0x14 .\CortexM0\ARM_GCC_493\Debug\ECG Simulator.a(UART_RX_ISR.o)
 .text.UART_RX_ISR_Start
                0x00000000       0x1c .\CortexM0\ARM_GCC_493\Debug\ECG Simulator.a(UART_RX_ISR.o)
 .text.UART_RX_ISR_Stop
                0x00000000       0x14 .\CortexM0\ARM_GCC_493\Debug\ECG Simulator.a(UART_RX_ISR.o)
 .text.UART_RX_ISR_SetPending
                0x00000000       0x10 .\CortexM0\ARM_GCC_493\Debug\ECG Simulator.a(UART_RX_ISR.o)
 .text.UART_RX_ISR_ClearPending
                0x00000000       0x10 .\CortexM0\ARM_GCC_493\Debug\ECG Simulator.a(UART_RX_ISR.o)
 .text          0x00000000        0x0 .\CortexM0\ARM_GCC_493\Debug\ECG Simulator.a(UART.o)
 .data          0x00000000        0x0 .\CortexM0\ARM_GCC_493\Debug\ECG Simulator.a(UART.o)
 .text.UART_ScbModeStop
                0x00000000        0x8 .\CortexM0\ARM_GCC_493\Debug\ECG Simulator.a(UART.o)
 .text.UART_Stop
                0x00000000       0x20 .\CortexM0\ARM_GCC_493\Debug\ECG Simulator.a(UART.o)
 .text.UART_SetRxFifoLevel
                0x00000000       0x14 .\CortexM0\ARM_GCC_493\Debug\ECG Simulator.a(UART.o)
 .text.UART_SetTxFifoLevel
                0x00000000       0x14 .\CortexM0\ARM_GCC_493\Debug\ECG Simulator.a(UART.o)
 .text          0x00000000        0x0 .\CortexM0\ARM_GCC_493\Debug\ECG Simulator.a(UART_SPI_UART.o)
 .data          0x00000000        0x0 .\CortexM0\ARM_GCC_493\Debug\ECG Simulator.a(UART_SPI_UART.o)
 .bss           0x00000000        0x0 .\CortexM0\ARM_GCC_493\Debug\ECG Simulator.a(UART_SPI_UART.o)
 .text.UART_SpiUartClearRxBuffer
                0x00000000       0x20 .\CortexM0\ARM_GCC_493\Debug\ECG Simulator.a(UART_SPI_UART.o)
 .text.UART_SpiUartPutArray
                0x00000000       0x18 .\CortexM0\ARM_GCC_493\Debug\ECG Simulator.a(UART_SPI_UART.o)
 .text.UART_SpiUartGetTxBufferSize
                0x00000000       0x10 .\CortexM0\ARM_GCC_493\Debug\ECG Simulator.a(UART_SPI_UART.o)
 .text.UART_SpiUartClearTxBuffer
                0x00000000       0x20 .\CortexM0\ARM_GCC_493\Debug\ECG Simulator.a(UART_SPI_UART.o)
 .text.UART_SpiUartDisableIntRx
                0x00000000       0x10 .\CortexM0\ARM_GCC_493\Debug\ECG Simulator.a(UART_SPI_UART.o)
 .text.UART_SpiUartDisableIntTx
                0x00000000       0x10 .\CortexM0\ARM_GCC_493\Debug\ECG Simulator.a(UART_SPI_UART.o)
 .text          0x00000000        0x0 .\CortexM0\ARM_GCC_493\Debug\ECG Simulator.a(UART_UART.o)
 .data          0x00000000        0x0 .\CortexM0\ARM_GCC_493\Debug\ECG Simulator.a(UART_UART.o)
 .bss           0x00000000        0x0 .\CortexM0\ARM_GCC_493\Debug\ECG Simulator.a(UART_UART.o)
 .text.UART_UartStop
                0x00000000       0x10 .\CortexM0\ARM_GCC_493\Debug\ECG Simulator.a(UART_UART.o)
 .text.UART_UartSetRxAddress
                0x00000000       0x14 .\CortexM0\ARM_GCC_493\Debug\ECG Simulator.a(UART_UART.o)
 .text.UART_UartSetRxAddressMask
                0x00000000       0x18 .\CortexM0\ARM_GCC_493\Debug\ECG Simulator.a(UART_UART.o)
 .text.UART_UartGetByte
                0x00000000       0x30 .\CortexM0\ARM_GCC_493\Debug\ECG Simulator.a(UART_UART.o)
 .text.UART_UartSetRtsPolarity
                0x00000000       0x28 .\CortexM0\ARM_GCC_493\Debug\ECG Simulator.a(UART_UART.o)
 .text.UART_UartSetRtsFifoLevel
                0x00000000       0x14 .\CortexM0\ARM_GCC_493\Debug\ECG Simulator.a(UART_UART.o)
 .text.UART_UartPutString
                0x00000000       0x18 .\CortexM0\ARM_GCC_493\Debug\ECG Simulator.a(UART_UART.o)
 .text.UART_UartPutCRLF
                0x00000000       0x14 .\CortexM0\ARM_GCC_493\Debug\ECG Simulator.a(UART_UART.o)
 .text.UART_UartEnableCts
                0x00000000       0x14 .\CortexM0\ARM_GCC_493\Debug\ECG Simulator.a(UART_UART.o)
 .text.UART_UartDisableCts
                0x00000000       0x14 .\CortexM0\ARM_GCC_493\Debug\ECG Simulator.a(UART_UART.o)
 .text.UART_UartSetCtsPolarity
                0x00000000       0x28 .\CortexM0\ARM_GCC_493\Debug\ECG Simulator.a(UART_UART.o)
 .text          0x00000000        0x0 .\CortexM0\ARM_GCC_493\Debug\ECG Simulator.a(UART_BLE_RX_ISR.o)
 .data          0x00000000        0x0 .\CortexM0\ARM_GCC_493\Debug\ECG Simulator.a(UART_BLE_RX_ISR.o)
 .bss           0x00000000        0x0 .\CortexM0\ARM_GCC_493\Debug\ECG Simulator.a(UART_BLE_RX_ISR.o)
 .text.UART_BLE_RX_ISR_Interrupt
                0x00000000        0x4 .\CortexM0\ARM_GCC_493\Debug\ECG Simulator.a(UART_BLE_RX_ISR.o)
 .text.UART_BLE_RX_ISR_GetVector
                0x00000000        0xc .\CortexM0\ARM_GCC_493\Debug\ECG Simulator.a(UART_BLE_RX_ISR.o)
 .text.UART_BLE_RX_ISR_GetPriority
                0x00000000       0x10 .\CortexM0\ARM_GCC_493\Debug\ECG Simulator.a(UART_BLE_RX_ISR.o)
 .text.UART_BLE_RX_ISR_GetState
                0x00000000       0x14 .\CortexM0\ARM_GCC_493\Debug\ECG Simulator.a(UART_BLE_RX_ISR.o)
 .text.UART_BLE_RX_ISR_Start
                0x00000000       0x1c .\CortexM0\ARM_GCC_493\Debug\ECG Simulator.a(UART_BLE_RX_ISR.o)
 .text.UART_BLE_RX_ISR_Stop
                0x00000000       0x14 .\CortexM0\ARM_GCC_493\Debug\ECG Simulator.a(UART_BLE_RX_ISR.o)
 .text.UART_BLE_RX_ISR_SetPending
                0x00000000       0x10 .\CortexM0\ARM_GCC_493\Debug\ECG Simulator.a(UART_BLE_RX_ISR.o)
 .text.UART_BLE_RX_ISR_ClearPending
                0x00000000       0x10 .\CortexM0\ARM_GCC_493\Debug\ECG Simulator.a(UART_BLE_RX_ISR.o)
 .text          0x00000000        0x0 .\CortexM0\ARM_GCC_493\Debug\ECG Simulator.a(UART_BLE.o)
 .data          0x00000000        0x0 .\CortexM0\ARM_GCC_493\Debug\ECG Simulator.a(UART_BLE.o)
 .text.UART_BLE_ScbModeStop
                0x00000000        0x8 .\CortexM0\ARM_GCC_493\Debug\ECG Simulator.a(UART_BLE.o)
 .text.UART_BLE_Stop
                0x00000000       0x20 .\CortexM0\ARM_GCC_493\Debug\ECG Simulator.a(UART_BLE.o)
 .text.UART_BLE_SetRxFifoLevel
                0x00000000       0x14 .\CortexM0\ARM_GCC_493\Debug\ECG Simulator.a(UART_BLE.o)
 .text.UART_BLE_SetTxFifoLevel
                0x00000000       0x14 .\CortexM0\ARM_GCC_493\Debug\ECG Simulator.a(UART_BLE.o)
 .text          0x00000000        0x0 .\CortexM0\ARM_GCC_493\Debug\ECG Simulator.a(UART_BLE_UART.o)
 .data          0x00000000        0x0 .\CortexM0\ARM_GCC_493\Debug\ECG Simulator.a(UART_BLE_UART.o)
 .bss           0x00000000        0x0 .\CortexM0\ARM_GCC_493\Debug\ECG Simulator.a(UART_BLE_UART.o)
 .text.UART_BLE_UartStop
                0x00000000       0x10 .\CortexM0\ARM_GCC_493\Debug\ECG Simulator.a(UART_BLE_UART.o)
 .text.UART_BLE_UartSetRxAddress
                0x00000000       0x14 .\CortexM0\ARM_GCC_493\Debug\ECG Simulator.a(UART_BLE_UART.o)
 .text.UART_BLE_UartSetRxAddressMask
                0x00000000       0x18 .\CortexM0\ARM_GCC_493\Debug\ECG Simulator.a(UART_BLE_UART.o)
 .text.UART_BLE_UartGetByte
                0x00000000       0x30 .\CortexM0\ARM_GCC_493\Debug\ECG Simulator.a(UART_BLE_UART.o)
 .text.UART_BLE_UartSetRtsPolarity
                0x00000000       0x28 .\CortexM0\ARM_GCC_493\Debug\ECG Simulator.a(UART_BLE_UART.o)
 .text.UART_BLE_UartSetRtsFifoLevel
                0x00000000       0x14 .\CortexM0\ARM_GCC_493\Debug\ECG Simulator.a(UART_BLE_UART.o)
 .text.UART_BLE_UartPutString
                0x00000000       0x18 .\CortexM0\ARM_GCC_493\Debug\ECG Simulator.a(UART_BLE_UART.o)
 .text.UART_BLE_UartPutCRLF
                0x00000000       0x14 .\CortexM0\ARM_GCC_493\Debug\ECG Simulator.a(UART_BLE_UART.o)
 .text.UART_BLE_UartEnableCts
                0x00000000       0x14 .\CortexM0\ARM_GCC_493\Debug\ECG Simulator.a(UART_BLE_UART.o)
 .text.UART_BLE_UartDisableCts
                0x00000000       0x14 .\CortexM0\ARM_GCC_493\Debug\ECG Simulator.a(UART_BLE_UART.o)
 .text.UART_BLE_UartSetCtsPolarity
                0x00000000       0x28 .\CortexM0\ARM_GCC_493\Debug\ECG Simulator.a(UART_BLE_UART.o)
 .text          0x00000000        0x0 .\CortexM0\ARM_GCC_493\Debug\ECG Simulator.a(Timer.o)
 .data          0x00000000        0x0 .\CortexM0\ARM_GCC_493\Debug\ECG Simulator.a(Timer.o)
 .text.Timer_Stop
                0x00000000       0x1c .\CortexM0\ARM_GCC_493\Debug\ECG Simulator.a(Timer.o)
 .text.Timer_SetMode
                0x00000000       0x28 .\CortexM0\ARM_GCC_493\Debug\ECG Simulator.a(Timer.o)
 .text.Timer_SetQDMode
                0x00000000       0x28 .\CortexM0\ARM_GCC_493\Debug\ECG Simulator.a(Timer.o)
 .text.Timer_SetPrescaler
                0x00000000       0x28 .\CortexM0\ARM_GCC_493\Debug\ECG Simulator.a(Timer.o)
 .text.Timer_SetOneShot
                0x00000000       0x2c .\CortexM0\ARM_GCC_493\Debug\ECG Simulator.a(Timer.o)
 .text.Timer_SetPWMMode
                0x00000000       0x10 .\CortexM0\ARM_GCC_493\Debug\ECG Simulator.a(Timer.o)
 .text.Timer_SetPWMSyncKill
                0x00000000       0x28 .\CortexM0\ARM_GCC_493\Debug\ECG Simulator.a(Timer.o)
 .text.Timer_SetPWMStopOnKill
                0x00000000       0x28 .\CortexM0\ARM_GCC_493\Debug\ECG Simulator.a(Timer.o)
 .text.Timer_SetPWMDeadTime
                0x00000000       0x2c .\CortexM0\ARM_GCC_493\Debug\ECG Simulator.a(Timer.o)
 .text.Timer_SetPWMInvert
                0x00000000       0x28 .\CortexM0\ARM_GCC_493\Debug\ECG Simulator.a(Timer.o)
 .text.Timer_ReadCounter
                0x00000000       0x10 .\CortexM0\ARM_GCC_493\Debug\ECG Simulator.a(Timer.o)
 .text.Timer_SetCounterMode
                0x00000000       0x28 .\CortexM0\ARM_GCC_493\Debug\ECG Simulator.a(Timer.o)
 .text.Timer_ReadPeriod
                0x00000000       0x10 .\CortexM0\ARM_GCC_493\Debug\ECG Simulator.a(Timer.o)
 .text.Timer_SetCompareSwap
                0x00000000       0x24 .\CortexM0\ARM_GCC_493\Debug\ECG Simulator.a(Timer.o)
 .text.Timer_WritePeriodBuf
                0x00000000       0x10 .\CortexM0\ARM_GCC_493\Debug\ECG Simulator.a(Timer.o)
 .text.Timer_ReadPeriodBuf
                0x00000000       0x10 .\CortexM0\ARM_GCC_493\Debug\ECG Simulator.a(Timer.o)
 .text.Timer_SetPeriodSwap
                0x00000000       0x28 .\CortexM0\ARM_GCC_493\Debug\ECG Simulator.a(Timer.o)
 .text.Timer_WriteCompare
                0x00000000       0x10 .\CortexM0\ARM_GCC_493\Debug\ECG Simulator.a(Timer.o)
 .text.Timer_ReadCompare
                0x00000000       0x10 .\CortexM0\ARM_GCC_493\Debug\ECG Simulator.a(Timer.o)
 .text.Timer_WriteCompareBuf
                0x00000000       0x10 .\CortexM0\ARM_GCC_493\Debug\ECG Simulator.a(Timer.o)
 .text.Timer_ReadCompareBuf
                0x00000000       0x10 .\CortexM0\ARM_GCC_493\Debug\ECG Simulator.a(Timer.o)
 .text.Timer_ReadCaptureBuf
                0x00000000       0x10 .\CortexM0\ARM_GCC_493\Debug\ECG Simulator.a(Timer.o)
 .text.Timer_SetCaptureMode
                0x00000000       0x24 .\CortexM0\ARM_GCC_493\Debug\ECG Simulator.a(Timer.o)
 .text.Timer_SetReloadMode
                0x00000000       0x24 .\CortexM0\ARM_GCC_493\Debug\ECG Simulator.a(Timer.o)
 .text.Timer_SetStartMode
                0x00000000       0x28 .\CortexM0\ARM_GCC_493\Debug\ECG Simulator.a(Timer.o)
 .text.Timer_SetStopMode
                0x00000000       0x24 .\CortexM0\ARM_GCC_493\Debug\ECG Simulator.a(Timer.o)
 .text.Timer_SetCountMode
                0x00000000       0x24 .\CortexM0\ARM_GCC_493\Debug\ECG Simulator.a(Timer.o)
 .text.Timer_TriggerCommand
                0x00000000       0x1c .\CortexM0\ARM_GCC_493\Debug\ECG Simulator.a(Timer.o)
 .text.Timer_ReadStatus
                0x00000000       0x14 .\CortexM0\ARM_GCC_493\Debug\ECG Simulator.a(Timer.o)
 .text.Timer_GetInterruptSourceMasked
                0x00000000        0xc .\CortexM0\ARM_GCC_493\Debug\ECG Simulator.a(Timer.o)
 .text.Timer_GetInterruptSource
                0x00000000        0xc .\CortexM0\ARM_GCC_493\Debug\ECG Simulator.a(Timer.o)
 .text.Timer_ClearInterrupt
                0x00000000        0xc .\CortexM0\ARM_GCC_493\Debug\ECG Simulator.a(Timer.o)
 .text.Timer_SetInterrupt
                0x00000000        0xc .\CortexM0\ARM_GCC_493\Debug\ECG Simulator.a(Timer.o)
 .text          0x00000000        0x0 .\CortexM0\ARM_GCC_493\Debug\ECG Simulator.a(Timer_ISR.o)
 .data          0x00000000        0x0 .\CortexM0\ARM_GCC_493\Debug\ECG Simulator.a(Timer_ISR.o)
 .bss           0x00000000        0x0 .\CortexM0\ARM_GCC_493\Debug\ECG Simulator.a(Timer_ISR.o)
 .text.Timer_ISR_Interrupt
                0x00000000        0x4 .\CortexM0\ARM_GCC_493\Debug\ECG Simulator.a(Timer_ISR.o)
 .text.Timer_ISR_GetVector
                0x00000000        0xc .\CortexM0\ARM_GCC_493\Debug\ECG Simulator.a(Timer_ISR.o)
 .text.Timer_ISR_GetPriority
                0x00000000        0xc .\CortexM0\ARM_GCC_493\Debug\ECG Simulator.a(Timer_ISR.o)
 .text.Timer_ISR_GetState
                0x00000000       0x14 .\CortexM0\ARM_GCC_493\Debug\ECG Simulator.a(Timer_ISR.o)
 .text.Timer_ISR_Start
                0x00000000       0x1c .\CortexM0\ARM_GCC_493\Debug\ECG Simulator.a(Timer_ISR.o)
 .text.Timer_ISR_Stop
                0x00000000       0x14 .\CortexM0\ARM_GCC_493\Debug\ECG Simulator.a(Timer_ISR.o)
 .text.Timer_ISR_SetPending
                0x00000000       0x10 .\CortexM0\ARM_GCC_493\Debug\ECG Simulator.a(Timer_ISR.o)
 .text.Timer_ISR_ClearPending
                0x00000000       0x10 .\CortexM0\ARM_GCC_493\Debug\ECG Simulator.a(Timer_ISR.o)
 .text          0x00000000        0x0 .\CortexM0\ARM_GCC_493\Debug\ECG Simulator.a(Measure_When_Low.o)
 .data          0x00000000        0x0 .\CortexM0\ARM_GCC_493\Debug\ECG Simulator.a(Measure_When_Low.o)
 .bss           0x00000000        0x0 .\CortexM0\ARM_GCC_493\Debug\ECG Simulator.a(Measure_When_Low.o)
 .text.Measure_When_Low_Read
                0x00000000        0xc .\CortexM0\ARM_GCC_493\Debug\ECG Simulator.a(Measure_When_Low.o)
 .data          0x00000000        0x0 .\CortexM0\ARM_GCC_493\Debug\ECG Simulator.a(CyBootAsmGnu.o)
 .bss           0x00000000        0x0 .\CortexM0\ARM_GCC_493\Debug\ECG Simulator.a(CyBootAsmGnu.o)
 .text          0x00000000        0x0 .\CortexM0\ARM_GCC_493\Debug\ECG Simulator.a(CyLib.o)
 .bss           0x00000000       0x18 .\CortexM0\ARM_GCC_493\Debug\ECG Simulator.a(CyLib.o)
 .text.CySysClkImoStart
                0x00000000       0x14 .\CortexM0\ARM_GCC_493\Debug\ECG Simulator.a(CyLib.o)
 .text.CySysClkImoStop
                0x00000000       0x18 .\CortexM0\ARM_GCC_493\Debug\ECG Simulator.a(CyLib.o)
 .text.CySysClkWriteHfclkDirect
                0x00000000       0x20 .\CortexM0\ARM_GCC_493\Debug\ECG Simulator.a(CyLib.o)
 .text.CySysClkGetSysclkSource
                0x00000000       0x1c .\CortexM0\ARM_GCC_493\Debug\ECG Simulator.a(CyLib.o)
 .text.CySysClkWriteSysclkDiv
                0x00000000       0x28 .\CortexM0\ARM_GCC_493\Debug\ECG Simulator.a(CyLib.o)
 .text.CySysLvdDisable
                0x00000000       0x20 .\CortexM0\ARM_GCC_493\Debug\ECG Simulator.a(CyLib.o)
 .text.CySysLvdGetInterruptSource
                0x00000000       0x10 .\CortexM0\ARM_GCC_493\Debug\ECG Simulator.a(CyLib.o)
 .text.CySysLvdClearInterrupt
                0x00000000        0xc .\CortexM0\ARM_GCC_493\Debug\ECG Simulator.a(CyLib.o)
 .text.CySysGetResetReason
                0x00000000       0x14 .\CortexM0\ARM_GCC_493\Debug\ECG Simulator.a(CyLib.o)
 .text.CyDisableInts
                0x00000000       0x10 .\CortexM0\ARM_GCC_493\Debug\ECG Simulator.a(CyLib.o)
 .text.CyEnableInts
                0x00000000        0xc .\CortexM0\ARM_GCC_493\Debug\ECG Simulator.a(CyLib.o)
 .text.CyIntGetState
                0x00000000       0x18 .\CortexM0\ARM_GCC_493\Debug\ECG Simulator.a(CyLib.o)
 .text.CyIntDisable
                0x00000000       0x14 .\CortexM0\ARM_GCC_493\Debug\ECG Simulator.a(CyLib.o)
 .text.CyIntSetPending
                0x00000000       0x14 .\CortexM0\ARM_GCC_493\Debug\ECG Simulator.a(CyLib.o)
 .text.CyIntClearPending
                0x00000000       0x14 .\CortexM0\ARM_GCC_493\Debug\ECG Simulator.a(CyLib.o)
 .text.CyIntSetSysVector
                0x00000000       0x20 .\CortexM0\ARM_GCC_493\Debug\ECG Simulator.a(CyLib.o)
 .text.CyIntGetSysVector
                0x00000000       0x1c .\CortexM0\ARM_GCC_493\Debug\ECG Simulator.a(CyLib.o)
 .text.CyIntGetVector
                0x00000000       0x20 .\CortexM0\ARM_GCC_493\Debug\ECG Simulator.a(CyLib.o)
 .text.CyIntSetPriority
                0x00000000       0x4c .\CortexM0\ARM_GCC_493\Debug\ECG Simulator.a(CyLib.o)
 .text.CyIntGetPriority
                0x00000000       0x2c .\CortexM0\ARM_GCC_493\Debug\ECG Simulator.a(CyLib.o)
 .text.CySoftwareReset
                0x00000000       0x18 .\CortexM0\ARM_GCC_493\Debug\ECG Simulator.a(CyLib.o)
 .text.CyDelayUs
                0x00000000       0x14 .\CortexM0\ARM_GCC_493\Debug\ECG Simulator.a(CyLib.o)
 .text.CySysLvdEnable
                0x00000000       0x44 .\CortexM0\ARM_GCC_493\Debug\ECG Simulator.a(CyLib.o)
 .text.CyDelayFreq
                0x00000000       0x4c .\CortexM0\ARM_GCC_493\Debug\ECG Simulator.a(CyLib.o)
 .text.CySysTickStop
                0x00000000       0x10 .\CortexM0\ARM_GCC_493\Debug\ECG Simulator.a(CyLib.o)
 .text.CySysTickEnableInterrupt
                0x00000000       0x10 .\CortexM0\ARM_GCC_493\Debug\ECG Simulator.a(CyLib.o)
 .text.CySysTickEnable
                0x00000000       0x18 .\CortexM0\ARM_GCC_493\Debug\ECG Simulator.a(CyLib.o)
 .text.CySysTickDisableInterrupt
                0x00000000       0x10 .\CortexM0\ARM_GCC_493\Debug\ECG Simulator.a(CyLib.o)
 .text.CySysTickSetReload
                0x00000000       0x10 .\CortexM0\ARM_GCC_493\Debug\ECG Simulator.a(CyLib.o)
 .text.CySysTickGetReload
                0x00000000       0x10 .\CortexM0\ARM_GCC_493\Debug\ECG Simulator.a(CyLib.o)
 .text.CySysTickGetValue
                0x00000000       0x10 .\CortexM0\ARM_GCC_493\Debug\ECG Simulator.a(CyLib.o)
 .text.CySysTickSetClockSource
                0x00000000       0x20 .\CortexM0\ARM_GCC_493\Debug\ECG Simulator.a(CyLib.o)
 .text.CySysTickGetCountFlag
                0x00000000       0x10 .\CortexM0\ARM_GCC_493\Debug\ECG Simulator.a(CyLib.o)
 .text.CySysTickServiceCallbacks
                0x00000000       0x28 .\CortexM0\ARM_GCC_493\Debug\ECG Simulator.a(CyLib.o)
 .text.CySysTickClear
                0x00000000        0xc .\CortexM0\ARM_GCC_493\Debug\ECG Simulator.a(CyLib.o)
 .text.CySysTickInit
                0x00000000       0x4c .\CortexM0\ARM_GCC_493\Debug\ECG Simulator.a(CyLib.o)
 .text.CySysTickStart
                0x00000000       0x20 .\CortexM0\ARM_GCC_493\Debug\ECG Simulator.a(CyLib.o)
 .text.CySysTickSetCallback
                0x00000000       0x10 .\CortexM0\ARM_GCC_493\Debug\ECG Simulator.a(CyLib.o)
 .text.CySysTickGetCallback
                0x00000000        0xc .\CortexM0\ARM_GCC_493\Debug\ECG Simulator.a(CyLib.o)
 .text.CyGetUniqueId
                0x00000000       0x70 .\CortexM0\ARM_GCC_493\Debug\ECG Simulator.a(CyLib.o)
 .text.CySysSetRamAccessArbPriority
                0x00000000       0x20 .\CortexM0\ARM_GCC_493\Debug\ECG Simulator.a(CyLib.o)
 .text.CySysSetFlashAccessArbPriority
                0x00000000       0x20 .\CortexM0\ARM_GCC_493\Debug\ECG Simulator.a(CyLib.o)
 .text.CySysSetDmacAccessArbPriority
                0x00000000       0x20 .\CortexM0\ARM_GCC_493\Debug\ECG Simulator.a(CyLib.o)
 .text.CySysSetPeripheralAccessArbPriority
                0x00000000       0x68 .\CortexM0\ARM_GCC_493\Debug\ECG Simulator.a(CyLib.o)
 .text          0x00000000        0x0 .\CortexM0\ARM_GCC_493\Debug\ECG Simulator.a(cyPm.o)
 .data          0x00000000        0x0 .\CortexM0\ARM_GCC_493\Debug\ECG Simulator.a(cyPm.o)
 .bss           0x00000000        0x0 .\CortexM0\ARM_GCC_493\Debug\ECG Simulator.a(cyPm.o)
 .text.CySysPmDeepSleep
                0x00000000       0x58 .\CortexM0\ARM_GCC_493\Debug\ECG Simulator.a(cyPm.o)
 .text.CySysPmHibernate
                0x00000000       0xc0 .\CortexM0\ARM_GCC_493\Debug\ECG Simulator.a(cyPm.o)
 .text.CySysPmSetWakeupPolarity
                0x00000000       0x34 .\CortexM0\ARM_GCC_493\Debug\ECG Simulator.a(cyPm.o)
 .text.CySysPmGetResetReason
                0x00000000       0x28 .\CortexM0\ARM_GCC_493\Debug\ECG Simulator.a(cyPm.o)
 .text.CySysPmFreezeIo
                0x00000000       0x38 .\CortexM0\ARM_GCC_493\Debug\ECG Simulator.a(cyPm.o)
 .text.CySysPmStop
                0x00000000       0x30 .\CortexM0\ARM_GCC_493\Debug\ECG Simulator.a(cyPm.o)
 .text.CySysPmUnfreezeIo
                0x00000000       0x30 .\CortexM0\ARM_GCC_493\Debug\ECG Simulator.a(cyPm.o)
 .text          0x00000000        0x0 .\CortexM0\ARM_GCC_493\Debug\ECG Simulator.a(CyLFClk.o)
 .text.CySysClkIloEnabled
                0x00000000       0x14 .\CortexM0\ARM_GCC_493\Debug\ECG Simulator.a(CyLFClk.o)
 .text.CySysClkGetLfclkSource
                0x00000000       0x10 .\CortexM0\ARM_GCC_493\Debug\ECG Simulator.a(CyLFClk.o)
 .text.CySysClkIloStart
                0x00000000       0x14 .\CortexM0\ARM_GCC_493\Debug\ECG Simulator.a(CyLFClk.o)
 .text.CySysClkWcoStart
                0x00000000       0x40 .\CortexM0\ARM_GCC_493\Debug\ECG Simulator.a(CyLFClk.o)
 .text.CySysClkWcoSetPowerMode
                0x00000000       0x4c .\CortexM0\ARM_GCC_493\Debug\ECG Simulator.a(CyLFClk.o)
 .text.CySysWdtGetEnabledStatus
                0x00000000       0x24 .\CortexM0\ARM_GCC_493\Debug\ECG Simulator.a(CyLFClk.o)
 .text.CySysWdtSetMode
                0x00000000       0x38 .\CortexM0\ARM_GCC_493\Debug\ECG Simulator.a(CyLFClk.o)
 .text.CySysClkLfclkPosedgeRestore
                0x00000000       0x2c .\CortexM0\ARM_GCC_493\Debug\ECG Simulator.a(CyLFClk.o)
 .text.CySysWdtGetMode
                0x00000000       0x14 .\CortexM0\ARM_GCC_493\Debug\ECG Simulator.a(CyLFClk.o)
 .text.CySysWdtSetClearOnMatch
                0x00000000       0x38 .\CortexM0\ARM_GCC_493\Debug\ECG Simulator.a(CyLFClk.o)
 .text.CySysWdtGetClearOnMatch
                0x00000000       0x24 .\CortexM0\ARM_GCC_493\Debug\ECG Simulator.a(CyLFClk.o)
 .text.CySysWdtEnable
                0x00000000       0x3c .\CortexM0\ARM_GCC_493\Debug\ECG Simulator.a(CyLFClk.o)
 .text.CySysWdtDisable
                0x00000000       0x44 .\CortexM0\ARM_GCC_493\Debug\ECG Simulator.a(CyLFClk.o)
 .text.CySysWdtSetCascade
                0x00000000       0x34 .\CortexM0\ARM_GCC_493\Debug\ECG Simulator.a(CyLFClk.o)
 .text.CySysWdtGetCascade
                0x00000000       0x14 .\CortexM0\ARM_GCC_493\Debug\ECG Simulator.a(CyLFClk.o)
 .text.CySysWdtSetMatch
                0x00000000       0x58 .\CortexM0\ARM_GCC_493\Debug\ECG Simulator.a(CyLFClk.o)
 .text.CySysWdtSetToggleBit
                0x00000000       0x2c .\CortexM0\ARM_GCC_493\Debug\ECG Simulator.a(CyLFClk.o)
 .text.CySysWdtGetToggleBit
                0x00000000       0x10 .\CortexM0\ARM_GCC_493\Debug\ECG Simulator.a(CyLFClk.o)
 .text.CySysWdtGetMatch
                0x00000000       0x20 .\CortexM0\ARM_GCC_493\Debug\ECG Simulator.a(CyLFClk.o)
 .text.CySysWdtGetCount
                0x00000000       0x3c .\CortexM0\ARM_GCC_493\Debug\ECG Simulator.a(CyLFClk.o)
 .text.CySysClkLfclkPosedgeCatch
                0x00000000       0x74 .\CortexM0\ARM_GCC_493\Debug\ECG Simulator.a(CyLFClk.o)
 .text.CySysClkIloStop
                0x00000000       0x4c .\CortexM0\ARM_GCC_493\Debug\ECG Simulator.a(CyLFClk.o)
 .text.CySysClkSetLfclkSource
                0x00000000       0x38 .\CortexM0\ARM_GCC_493\Debug\ECG Simulator.a(CyLFClk.o)
 .text.CySysClkWcoStop
                0x00000000       0x48 .\CortexM0\ARM_GCC_493\Debug\ECG Simulator.a(CyLFClk.o)
 .text.CySysWdtGetInterruptSource
                0x00000000       0x14 .\CortexM0\ARM_GCC_493\Debug\ECG Simulator.a(CyLFClk.o)
 .text.CySysWdtResetCounters
                0x00000000       0x20 .\CortexM0\ARM_GCC_493\Debug\ECG Simulator.a(CyLFClk.o)
 .text.CySysWdtSetInterruptCallback
                0x00000000       0x20 .\CortexM0\ARM_GCC_493\Debug\ECG Simulator.a(CyLFClk.o)
 .text.CySysWdtGetInterruptCallback
                0x00000000       0x20 .\CortexM0\ARM_GCC_493\Debug\ECG Simulator.a(CyLFClk.o)
 .text.CySysWdtEnableCounterIsr
                0x00000000       0x34 .\CortexM0\ARM_GCC_493\Debug\ECG Simulator.a(CyLFClk.o)
 .text.CySysWdtDisableCounterIsr
                0x00000000       0x28 .\CortexM0\ARM_GCC_493\Debug\ECG Simulator.a(CyLFClk.o)
 .text.CySysTimerDelayUntilMatch
                0x00000000       0x6c .\CortexM0\ARM_GCC_493\Debug\ECG Simulator.a(CyLFClk.o)
 .text.CySysTimerDelay
                0x00000000       0x3c .\CortexM0\ARM_GCC_493\Debug\ECG Simulator.a(CyLFClk.o)
 .text.CySysWatchdogFeed
                0x00000000       0x60 .\CortexM0\ARM_GCC_493\Debug\ECG Simulator.a(CyLFClk.o)
 .rodata        0x00000000        0xc .\CortexM0\ARM_GCC_493\Debug\ECG Simulator.a(CyLFClk.o)
 .text          0x00000000        0x0 .\CortexM0\ARM_GCC_493\Debug\ECG Simulator.a(UART_BLE_SPI_UART.o)
 .data          0x00000000        0x0 .\CortexM0\ARM_GCC_493\Debug\ECG Simulator.a(UART_BLE_SPI_UART.o)
 .bss           0x00000000        0x0 .\CortexM0\ARM_GCC_493\Debug\ECG Simulator.a(UART_BLE_SPI_UART.o)
 .text.UART_BLE_SpiUartClearRxBuffer
                0x00000000       0x20 .\CortexM0\ARM_GCC_493\Debug\ECG Simulator.a(UART_BLE_SPI_UART.o)
 .text.UART_BLE_SpiUartWriteTxData
                0x00000000       0x1c .\CortexM0\ARM_GCC_493\Debug\ECG Simulator.a(UART_BLE_SPI_UART.o)
 .text.UART_BLE_SpiUartPutArray
                0x00000000       0x18 .\CortexM0\ARM_GCC_493\Debug\ECG Simulator.a(UART_BLE_SPI_UART.o)
 .text.UART_BLE_SpiUartGetTxBufferSize
                0x00000000       0x10 .\CortexM0\ARM_GCC_493\Debug\ECG Simulator.a(UART_BLE_SPI_UART.o)
 .text.UART_BLE_SpiUartClearTxBuffer
                0x00000000       0x20 .\CortexM0\ARM_GCC_493\Debug\ECG Simulator.a(UART_BLE_SPI_UART.o)
 .text.UART_BLE_SpiUartDisableIntRx
                0x00000000       0x10 .\CortexM0\ARM_GCC_493\Debug\ECG Simulator.a(UART_BLE_SPI_UART.o)
 .text.UART_BLE_SpiUartDisableIntTx
                0x00000000       0x10 .\CortexM0\ARM_GCC_493\Debug\ECG Simulator.a(UART_BLE_SPI_UART.o)
 .text          0x00000000        0x0 .\CortexM0\ARM_GCC_493\Debug\ECG Simulator.a(CyFlash.o)
 .data          0x00000000        0x0 .\CortexM0\ARM_GCC_493\Debug\ECG Simulator.a(CyFlash.o)
 .bss           0x00000000        0x0 .\CortexM0\ARM_GCC_493\Debug\ECG Simulator.a(CyFlash.o)
 .text.CySysFlashClockBackup
                0x00000000        0x4 .\CortexM0\ARM_GCC_493\Debug\ECG Simulator.a(CyFlash.o)
 .text.CySysFlashClockRestore
                0x00000000        0x4 .\CortexM0\ARM_GCC_493\Debug\ECG Simulator.a(CyFlash.o)
 .text.CySysFlashWriteRow
                0x00000000       0xd8 .\CortexM0\ARM_GCC_493\Debug\ECG Simulator.a(CyFlash.o)
 .text.CySysSFlashWriteUserRow
                0x00000000       0xcc .\CortexM0\ARM_GCC_493\Debug\ECG Simulator.a(CyFlash.o)
 .text          0x00000000      0x120 c:/program files (x86)/cypress/psoc creator/3.3/psoc creator/import/gnu/arm/4.9.3/bin/../lib/gcc/arm-none-eabi/4.9.3/armv6-m\libgcc.a(_udivsi3.o)
 .data          0x00000000        0x0 c:/program files (x86)/cypress/psoc creator/3.3/psoc creator/import/gnu/arm/4.9.3/bin/../lib/gcc/arm-none-eabi/4.9.3/armv6-m\libgcc.a(_udivsi3.o)
 .bss           0x00000000        0x0 c:/program files (x86)/cypress/psoc creator/3.3/psoc creator/import/gnu/arm/4.9.3/bin/../lib/gcc/arm-none-eabi/4.9.3/armv6-m\libgcc.a(_udivsi3.o)
 .text          0x00000000        0x4 c:/program files (x86)/cypress/psoc creator/3.3/psoc creator/import/gnu/arm/4.9.3/bin/../lib/gcc/arm-none-eabi/4.9.3/armv6-m\libgcc.a(_dvmd_tls.o)
 .data          0x00000000        0x0 c:/program files (x86)/cypress/psoc creator/3.3/psoc creator/import/gnu/arm/4.9.3/bin/../lib/gcc/arm-none-eabi/4.9.3/armv6-m\libgcc.a(_dvmd_tls.o)
 .bss           0x00000000        0x0 c:/program files (x86)/cypress/psoc creator/3.3/psoc creator/import/gnu/arm/4.9.3/bin/../lib/gcc/arm-none-eabi/4.9.3/armv6-m\libgcc.a(_dvmd_tls.o)
 .text          0x00000000        0x0 c:/program files (x86)/cypress/psoc creator/3.3/psoc creator/import/gnu/arm/4.9.3/bin/../lib/gcc/arm-none-eabi/4.9.3/../../../../arm-none-eabi/lib/armv6-m\libg_nano.a(lib_a-errno.o)
 .data          0x00000000        0x0 c:/program files (x86)/cypress/psoc creator/3.3/psoc creator/import/gnu/arm/4.9.3/bin/../lib/gcc/arm-none-eabi/4.9.3/../../../../arm-none-eabi/lib/armv6-m\libg_nano.a(lib_a-errno.o)
 .bss           0x00000000        0x0 c:/program files (x86)/cypress/psoc creator/3.3/psoc creator/import/gnu/arm/4.9.3/bin/../lib/gcc/arm-none-eabi/4.9.3/../../../../arm-none-eabi/lib/armv6-m\libg_nano.a(lib_a-errno.o)
 .text.__errno  0x00000000        0xc c:/program files (x86)/cypress/psoc creator/3.3/psoc creator/import/gnu/arm/4.9.3/bin/../lib/gcc/arm-none-eabi/4.9.3/../../../../arm-none-eabi/lib/armv6-m\libg_nano.a(lib_a-errno.o)
 .text          0x00000000        0x0 c:/program files (x86)/cypress/psoc creator/3.3/psoc creator/import/gnu/arm/4.9.3/bin/../lib/gcc/arm-none-eabi/4.9.3/../../../../arm-none-eabi/lib/armv6-m\libg_nano.a(lib_a-exit.o)
 .data          0x00000000        0x0 c:/program files (x86)/cypress/psoc creator/3.3/psoc creator/import/gnu/arm/4.9.3/bin/../lib/gcc/arm-none-eabi/4.9.3/../../../../arm-none-eabi/lib/armv6-m\libg_nano.a(lib_a-exit.o)
 .bss           0x00000000        0x0 c:/program files (x86)/cypress/psoc creator/3.3/psoc creator/import/gnu/arm/4.9.3/bin/../lib/gcc/arm-none-eabi/4.9.3/../../../../arm-none-eabi/lib/armv6-m\libg_nano.a(lib_a-exit.o)
 .text.exit     0x00000000       0x2c c:/program files (x86)/cypress/psoc creator/3.3/psoc creator/import/gnu/arm/4.9.3/bin/../lib/gcc/arm-none-eabi/4.9.3/../../../../arm-none-eabi/lib/armv6-m\libg_nano.a(lib_a-exit.o)
 .text          0x00000000        0x0 c:/program files (x86)/cypress/psoc creator/3.3/psoc creator/import/gnu/arm/4.9.3/bin/../lib/gcc/arm-none-eabi/4.9.3/../../../../arm-none-eabi/lib/armv6-m\libg_nano.a(lib_a-impure.o)
 .data          0x00000000        0x0 c:/program files (x86)/cypress/psoc creator/3.3/psoc creator/import/gnu/arm/4.9.3/bin/../lib/gcc/arm-none-eabi/4.9.3/../../../../arm-none-eabi/lib/armv6-m\libg_nano.a(lib_a-impure.o)
 .bss           0x00000000        0x0 c:/program files (x86)/cypress/psoc creator/3.3/psoc creator/import/gnu/arm/4.9.3/bin/../lib/gcc/arm-none-eabi/4.9.3/../../../../arm-none-eabi/lib/armv6-m\libg_nano.a(lib_a-impure.o)
 .data.impure_data
                0x00000000       0x60 c:/program files (x86)/cypress/psoc creator/3.3/psoc creator/import/gnu/arm/4.9.3/bin/../lib/gcc/arm-none-eabi/4.9.3/../../../../arm-none-eabi/lib/armv6-m\libg_nano.a(lib_a-impure.o)
 .data._impure_ptr
                0x00000000        0x4 c:/program files (x86)/cypress/psoc creator/3.3/psoc creator/import/gnu/arm/4.9.3/bin/../lib/gcc/arm-none-eabi/4.9.3/../../../../arm-none-eabi/lib/armv6-m\libg_nano.a(lib_a-impure.o)
 .rodata.str1.1
                0x00000000        0x2 c:/program files (x86)/cypress/psoc creator/3.3/psoc creator/import/gnu/arm/4.9.3/bin/../lib/gcc/arm-none-eabi/4.9.3/../../../../arm-none-eabi/lib/armv6-m\libg_nano.a(lib_a-impure.o)
 .rodata._global_impure_ptr
                0x00000000        0x4 c:/program files (x86)/cypress/psoc creator/3.3/psoc creator/import/gnu/arm/4.9.3/bin/../lib/gcc/arm-none-eabi/4.9.3/../../../../arm-none-eabi/lib/armv6-m\libg_nano.a(lib_a-impure.o)
 .text          0x00000000        0x0 c:/program files (x86)/cypress/psoc creator/3.3/psoc creator/import/gnu/arm/4.9.3/bin/../lib/gcc/arm-none-eabi/4.9.3/../../../../arm-none-eabi/lib/armv6-m\libg_nano.a(lib_a-init.o)
 .data          0x00000000        0x0 c:/program files (x86)/cypress/psoc creator/3.3/psoc creator/import/gnu/arm/4.9.3/bin/../lib/gcc/arm-none-eabi/4.9.3/../../../../arm-none-eabi/lib/armv6-m\libg_nano.a(lib_a-init.o)
 .bss           0x00000000        0x0 c:/program files (x86)/cypress/psoc creator/3.3/psoc creator/import/gnu/arm/4.9.3/bin/../lib/gcc/arm-none-eabi/4.9.3/../../../../arm-none-eabi/lib/armv6-m\libg_nano.a(lib_a-init.o)
 .text          0x00000000        0x0 c:/program files (x86)/cypress/psoc creator/3.3/psoc creator/import/gnu/arm/4.9.3/bin/../lib/gcc/arm-none-eabi/4.9.3/../../../../arm-none-eabi/lib/armv6-m\libg_nano.a(lib_a-memcpy.o)
 .data          0x00000000        0x0 c:/program files (x86)/cypress/psoc creator/3.3/psoc creator/import/gnu/arm/4.9.3/bin/../lib/gcc/arm-none-eabi/4.9.3/../../../../arm-none-eabi/lib/armv6-m\libg_nano.a(lib_a-memcpy.o)
 .bss           0x00000000        0x0 c:/program files (x86)/cypress/psoc creator/3.3/psoc creator/import/gnu/arm/4.9.3/bin/../lib/gcc/arm-none-eabi/4.9.3/../../../../arm-none-eabi/lib/armv6-m\libg_nano.a(lib_a-memcpy.o)
 .text.memcpy   0x00000000       0x12 c:/program files (x86)/cypress/psoc creator/3.3/psoc creator/import/gnu/arm/4.9.3/bin/../lib/gcc/arm-none-eabi/4.9.3/../../../../arm-none-eabi/lib/armv6-m\libg_nano.a(lib_a-memcpy.o)
 .text          0x00000000        0x0 c:/program files (x86)/cypress/psoc creator/3.3/psoc creator/import/gnu/arm/4.9.3/bin/../lib/gcc/arm-none-eabi/4.9.3/../../../../arm-none-eabi/lib/armv6-m\libg_nano.a(lib_a-memset.o)
 .data          0x00000000        0x0 c:/program files (x86)/cypress/psoc creator/3.3/psoc creator/import/gnu/arm/4.9.3/bin/../lib/gcc/arm-none-eabi/4.9.3/../../../../arm-none-eabi/lib/armv6-m\libg_nano.a(lib_a-memset.o)
 .bss           0x00000000        0x0 c:/program files (x86)/cypress/psoc creator/3.3/psoc creator/import/gnu/arm/4.9.3/bin/../lib/gcc/arm-none-eabi/4.9.3/../../../../arm-none-eabi/lib/armv6-m\libg_nano.a(lib_a-memset.o)
 .text          0x00000000        0x0 c:/program files (x86)/cypress/psoc creator/3.3/psoc creator/import/gnu/arm/4.9.3/bin/../lib/gcc/arm-none-eabi/4.9.3/armv6-m/crtend.o
 .data          0x00000000        0x0 c:/program files (x86)/cypress/psoc creator/3.3/psoc creator/import/gnu/arm/4.9.3/bin/../lib/gcc/arm-none-eabi/4.9.3/armv6-m/crtend.o
 .bss           0x00000000        0x0 c:/program files (x86)/cypress/psoc creator/3.3/psoc creator/import/gnu/arm/4.9.3/bin/../lib/gcc/arm-none-eabi/4.9.3/armv6-m/crtend.o
 .text          0x00000000        0x0 c:/program files (x86)/cypress/psoc creator/3.3/psoc creator/import/gnu/arm/4.9.3/bin/../lib/gcc/arm-none-eabi/4.9.3/armv6-m/crtn.o
 .data          0x00000000        0x0 c:/program files (x86)/cypress/psoc creator/3.3/psoc creator/import/gnu/arm/4.9.3/bin/../lib/gcc/arm-none-eabi/4.9.3/armv6-m/crtn.o
 .bss           0x00000000        0x0 c:/program files (x86)/cypress/psoc creator/3.3/psoc creator/import/gnu/arm/4.9.3/bin/../lib/gcc/arm-none-eabi/4.9.3/armv6-m/crtn.o

Memory Configuration

Name             Origin             Length             Attributes
rom              0x00000000         0x00020000         xr
ram              0x20000000         0x00004000         xrw
*default*        0x00000000         0xffffffff

Linker script and memory map

LOAD c:/program files (x86)/cypress/psoc creator/3.3/psoc creator/import/gnu/arm/4.9.3/bin/../lib/gcc/arm-none-eabi/4.9.3/armv6-m/crti.o
LOAD c:/program files (x86)/cypress/psoc creator/3.3/psoc creator/import/gnu/arm/4.9.3/bin/../lib/gcc/arm-none-eabi/4.9.3/armv6-m/crtbegin.o
LOAD c:/program files (x86)/cypress/psoc creator/3.3/psoc creator/import/gnu/arm/4.9.3/bin/../lib/gcc/arm-none-eabi/4.9.3/../../../../arm-none-eabi/lib/armv6-m/crt0.o
START GROUP
LOAD .\CortexM0\ARM_GCC_493\Debug\main.o
LOAD .\CortexM0\ARM_GCC_493\Debug\cymetadata.o
LOAD .\CortexM0\ARM_GCC_493\Debug\Cm0Start.o
LOAD .\CortexM0\ARM_GCC_493\Debug\ECG Simulator.a
LOAD C:\Program Files (x86)\Cypress\PSoC Creator\3.3\PSoC Creator\psoc\content\cycomponentlibrary\CyComponentLibrary.cylib\CortexM0\ARM_GCC_493\Debug\CyComponentLibrary.a
END GROUP
START GROUP
LOAD c:/program files (x86)/cypress/psoc creator/3.3/psoc creator/import/gnu/arm/4.9.3/bin/../lib/gcc/arm-none-eabi/4.9.3/armv6-m\libgcc.a
LOAD c:/program files (x86)/cypress/psoc creator/3.3/psoc creator/import/gnu/arm/4.9.3/bin/../lib/gcc/arm-none-eabi/4.9.3/../../../../arm-none-eabi/lib/armv6-m\libg_nano.a
LOAD c:/program files (x86)/cypress/psoc creator/3.3/psoc creator/import/gnu/arm/4.9.3/bin/../lib/gcc/arm-none-eabi/4.9.3/../../../../arm-none-eabi/lib/armv6-m\libc_nano.a
END GROUP
START GROUP
LOAD c:/program files (x86)/cypress/psoc creator/3.3/psoc creator/import/gnu/arm/4.9.3/bin/../lib/gcc/arm-none-eabi/4.9.3/armv6-m\libgcc.a
LOAD c:/program files (x86)/cypress/psoc creator/3.3/psoc creator/import/gnu/arm/4.9.3/bin/../lib/gcc/arm-none-eabi/4.9.3/../../../../arm-none-eabi/lib/armv6-m\libc_nano.a
END GROUP
LOAD c:/program files (x86)/cypress/psoc creator/3.3/psoc creator/import/gnu/arm/4.9.3/bin/../lib/gcc/arm-none-eabi/4.9.3/armv6-m/crtend.o
LOAD c:/program files (x86)/cypress/psoc creator/3.3/psoc creator/import/gnu/arm/4.9.3/bin/../lib/gcc/arm-none-eabi/4.9.3/armv6-m/crtn.o
START GROUP
LOAD c:/program files (x86)/cypress/psoc creator/3.3/psoc creator/import/gnu/arm/4.9.3/bin/../lib/gcc/arm-none-eabi/4.9.3/armv6-m\libgcc.a
LOAD c:/program files (x86)/cypress/psoc creator/3.3/psoc creator/import/gnu/arm/4.9.3/bin/../lib/gcc/arm-none-eabi/4.9.3/../../../../arm-none-eabi/lib/armv6-m\libc.a
LOAD c:/program files (x86)/cypress/psoc creator/3.3/psoc creator/import/gnu/arm/4.9.3/bin/../lib/gcc/arm-none-eabi/4.9.3/../../../../arm-none-eabi/lib/armv6-m\libnosys.a
END GROUP
                0x00000000                CY_APPL_ORIGIN = 0x0
                0x00000080                CY_FLASH_ROW_SIZE = 0x80
                0x00000001                CY_APPL_NUM = 0x1
                0x00000001                CY_APPL_MAX = 0x1
                0x00000040                CY_METADATA_SIZE = 0x40
                0x00000000                CY_APPL_LOADABLE = 0x0
                0x00000000                CY_CHECKSUM_EXCLUDE_SIZE = ALIGN (0x0, CY_FLASH_ROW_SIZE)
                0x00000000                CY_APP_FOR_STACK_AND_COPIER = 0x0
                0x20000268                PROVIDE (__cy_heap_start, _end)
                0x00000001                PROVIDE (__cy_region_num, ((__cy_regions_end - __cy_regions) / 0x10))
                0x20004000                PROVIDE (__cy_stack, (ORIGIN (ram) + 0x4000))
                0x20003800                PROVIDE (__cy_heap_end, (__cy_stack - 0x800))

.cybootloader   0x00000000        0x0
 *(.cybootloader)
                0x00000000                appl1_start = CY_APPL_ORIGIN?CY_APPL_ORIGIN:ALIGN (CY_FLASH_ROW_SIZE)
                0x0000ff80                appl2_start = (appl1_start + ALIGN ((((0x20000 - appl1_start) - (0x2 * CY_FLASH_ROW_SIZE)) / 0x2), CY_FLASH_ROW_SIZE))
                0x00000000                appl_start = (CY_APPL_NUM == 0x1)?appl1_start:appl2_start
                0x00000001                cy_project_type_bootloader = (appl_start == 0x0)?0x1:0x0
                0x00000000                cy_project_type_app_for_stack_and_copier = (CY_APP_FOR_STACK_AND_COPIER == 0x1)?0x1:0x0

.text           0x00000000      0xce0
 CREATE_OBJECT_SYMBOLS
                0x00000000                PROVIDE (__cy_interrupt_vector, RomVectors)
 *(.romvectors)
 .romvectors    0x00000000       0x10 .\CortexM0\ARM_GCC_493\Debug\Cm0Start.o
                0x00000000                RomVectors
                0x00000001                ASSERT ((. != __cy_interrupt_vector), No interrupt vector)
                0x00000001                ASSERT (CY_APPL_ORIGIN?(SIZEOF (.cybootloader) <= CY_APPL_ORIGIN):0x1, Wrong image location)
                0x00000010                PROVIDE (__cy_reset, Reset)
 *(.text.Reset)
 .text.Reset    0x00000010        0x8 .\CortexM0\ARM_GCC_493\Debug\Cm0Start.o
                0x00000010                Reset
                0x00000001                ASSERT ((. != __cy_reset), No reset code)
 *(.psocinit)
 .psocinit      0x00000018      0x190 .\CortexM0\ARM_GCC_493\Debug\ECG Simulator.a(cyfitter_cfg.o)
                0x000000cc                cyfitter_cfg
                0x000001a8                . = MAX (., 0x100)
 *(.text .text.* .gnu.linkonce.t.*)
 .text          0x000001a8       0x60 c:/program files (x86)/cypress/psoc creator/3.3/psoc creator/import/gnu/arm/4.9.3/bin/../lib/gcc/arm-none-eabi/4.9.3/armv6-m/crtbegin.o
 .text.BLE_RX_interrupt
                0x00000208       0x1c .\CortexM0\ARM_GCC_493\Debug\main.o
                0x00000208                BLE_RX_interrupt
 .text.Timer_interrupt
                0x00000224       0x10 .\CortexM0\ARM_GCC_493\Debug\main.o
                0x00000224                Timer_interrupt
 .text.high_pass_filter
                0x00000234       0x44 .\CortexM0\ARM_GCC_493\Debug\main.o
                0x00000234                high_pass_filter
 .text.RX_interrupt
                0x00000278       0x58 .\CortexM0\ARM_GCC_493\Debug\main.o
                0x00000278                RX_interrupt
 .text.main     0x000002d0       0x3c .\CortexM0\ARM_GCC_493\Debug\main.o
                0x000002d0                main
 .text.IntDefaultHandler
                0x0000030c        0x4 .\CortexM0\ARM_GCC_493\Debug\Cm0Start.o
                0x0000030c                IntDefaultHandler
 .text.Start_c  0x00000310       0x48 .\CortexM0\ARM_GCC_493\Debug\Cm0Start.o
                0x00000310                Start_c
 .text.initialize_psoc
                0x00000358       0x54 .\CortexM0\ARM_GCC_493\Debug\Cm0Start.o
                0x00000358                initialize_psoc
 .text.cfg_write_bytes32
                0x000003ac       0x34 .\CortexM0\ARM_GCC_493\Debug\ECG Simulator.a(cyfitter_cfg.o)
 .text.AnalogSetDefault
                0x000003e0       0x20 .\CortexM0\ARM_GCC_493\Debug\ECG Simulator.a(cyfitter_cfg.o)
 .text.CYMEMZERO
                0x00000400        0xc .\CortexM0\ARM_GCC_493\Debug\ECG Simulator.a(cyfitter_cfg.o)
 .text.UART_RX_ISR_SetVector
                0x0000040c        0xc .\CortexM0\ARM_GCC_493\Debug\ECG Simulator.a(UART_RX_ISR.o)
                0x0000040c                UART_RX_ISR_SetVector
 .text.UART_RX_ISR_SetPriority
                0x00000418       0x20 .\CortexM0\ARM_GCC_493\Debug\ECG Simulator.a(UART_RX_ISR.o)
                0x00000418                UART_RX_ISR_SetPriority
 .text.UART_RX_ISR_Enable
                0x00000438       0x10 .\CortexM0\ARM_GCC_493\Debug\ECG Simulator.a(UART_RX_ISR.o)
                0x00000438                UART_RX_ISR_Enable
 .text.UART_RX_ISR_Disable
                0x00000448       0x10 .\CortexM0\ARM_GCC_493\Debug\ECG Simulator.a(UART_RX_ISR.o)
                0x00000448                UART_RX_ISR_Disable
 .text.UART_RX_ISR_StartEx
                0x00000458       0x1c .\CortexM0\ARM_GCC_493\Debug\ECG Simulator.a(UART_RX_ISR.o)
                0x00000458                UART_RX_ISR_StartEx
 .text.UART_ScbModePostEnable
                0x00000474        0x8 .\CortexM0\ARM_GCC_493\Debug\ECG Simulator.a(UART.o)
 .text.UART_Init
                0x0000047c        0x8 .\CortexM0\ARM_GCC_493\Debug\ECG Simulator.a(UART.o)
                0x0000047c                UART_Init
 .text.UART_Enable
                0x00000484       0x18 .\CortexM0\ARM_GCC_493\Debug\ECG Simulator.a(UART.o)
                0x00000484                UART_Enable
 .text.UART_Start
                0x0000049c       0x20 .\CortexM0\ARM_GCC_493\Debug\ECG Simulator.a(UART.o)
                0x0000049c                UART_Start
 .text.UART_SpiUartReadRxData
                0x000004bc        0xc .\CortexM0\ARM_GCC_493\Debug\ECG Simulator.a(UART_SPI_UART.o)
                0x000004bc                UART_SpiUartReadRxData
 .text.UART_SpiUartGetRxBufferSize
                0x000004c8       0x10 .\CortexM0\ARM_GCC_493\Debug\ECG Simulator.a(UART_SPI_UART.o)
                0x000004c8                UART_SpiUartGetRxBufferSize
 .text.UART_SpiUartWriteTxData
                0x000004d8       0x1c .\CortexM0\ARM_GCC_493\Debug\ECG Simulator.a(UART_SPI_UART.o)
                0x000004d8                UART_SpiUartWriteTxData
 .text.UART_UartInit
                0x000004f4       0x98 .\CortexM0\ARM_GCC_493\Debug\ECG Simulator.a(UART_UART.o)
                0x000004f4                UART_UartInit
 .text.UART_UartPostEnable
                0x0000058c       0x14 .\CortexM0\ARM_GCC_493\Debug\ECG Simulator.a(UART_UART.o)
                0x0000058c                UART_UartPostEnable
 .text.UART_UartGetChar
                0x000005a0       0x2c .\CortexM0\ARM_GCC_493\Debug\ECG Simulator.a(UART_UART.o)
                0x000005a0                UART_UartGetChar
 .text.UART_BLE_RX_ISR_SetVector
                0x000005cc        0xc .\CortexM0\ARM_GCC_493\Debug\ECG Simulator.a(UART_BLE_RX_ISR.o)
                0x000005cc                UART_BLE_RX_ISR_SetVector
 .text.UART_BLE_RX_ISR_SetPriority
                0x000005d8       0x24 .\CortexM0\ARM_GCC_493\Debug\ECG Simulator.a(UART_BLE_RX_ISR.o)
                0x000005d8                UART_BLE_RX_ISR_SetPriority
 .text.UART_BLE_RX_ISR_Enable
                0x000005fc       0x10 .\CortexM0\ARM_GCC_493\Debug\ECG Simulator.a(UART_BLE_RX_ISR.o)
                0x000005fc                UART_BLE_RX_ISR_Enable
 .text.UART_BLE_RX_ISR_Disable
                0x0000060c       0x10 .\CortexM0\ARM_GCC_493\Debug\ECG Simulator.a(UART_BLE_RX_ISR.o)
                0x0000060c                UART_BLE_RX_ISR_Disable
 .text.UART_BLE_RX_ISR_StartEx
                0x0000061c       0x1c .\CortexM0\ARM_GCC_493\Debug\ECG Simulator.a(UART_BLE_RX_ISR.o)
                0x0000061c                UART_BLE_RX_ISR_StartEx
 .text.UART_BLE_ScbModePostEnable
                0x00000638        0x8 .\CortexM0\ARM_GCC_493\Debug\ECG Simulator.a(UART_BLE.o)
 .text.UART_BLE_Init
                0x00000640        0x8 .\CortexM0\ARM_GCC_493\Debug\ECG Simulator.a(UART_BLE.o)
                0x00000640                UART_BLE_Init
 .text.UART_BLE_Enable
                0x00000648       0x18 .\CortexM0\ARM_GCC_493\Debug\ECG Simulator.a(UART_BLE.o)
                0x00000648                UART_BLE_Enable
 .text.UART_BLE_Start
                0x00000660       0x20 .\CortexM0\ARM_GCC_493\Debug\ECG Simulator.a(UART_BLE.o)
                0x00000660                UART_BLE_Start
 .text.UART_BLE_UartInit
                0x00000680       0x98 .\CortexM0\ARM_GCC_493\Debug\ECG Simulator.a(UART_BLE_UART.o)
                0x00000680                UART_BLE_UartInit
 .text.UART_BLE_UartPostEnable
                0x00000718       0x14 .\CortexM0\ARM_GCC_493\Debug\ECG Simulator.a(UART_BLE_UART.o)
                0x00000718                UART_BLE_UartPostEnable
 .text.UART_BLE_UartGetChar
                0x0000072c       0x2c .\CortexM0\ARM_GCC_493\Debug\ECG Simulator.a(UART_BLE_UART.o)
                0x0000072c                UART_BLE_UartGetChar
 .text.Timer_Enable
                0x00000758       0x1c .\CortexM0\ARM_GCC_493\Debug\ECG Simulator.a(Timer.o)
                0x00000758                Timer_Enable
 .text.Timer_WriteCounter
                0x00000774       0x10 .\CortexM0\ARM_GCC_493\Debug\ECG Simulator.a(Timer.o)
                0x00000774                Timer_WriteCounter
 .text.Timer_WritePeriod
                0x00000784       0x10 .\CortexM0\ARM_GCC_493\Debug\ECG Simulator.a(Timer.o)
                0x00000784                Timer_WritePeriod
 .text.Timer_ReadCapture
                0x00000794       0x10 .\CortexM0\ARM_GCC_493\Debug\ECG Simulator.a(Timer.o)
                0x00000794                Timer_ReadCapture
 .text.Timer_SetInterruptMode
                0x000007a4        0xc .\CortexM0\ARM_GCC_493\Debug\ECG Simulator.a(Timer.o)
                0x000007a4                Timer_SetInterruptMode
 .text.Timer_Init
                0x000007b0       0x34 .\CortexM0\ARM_GCC_493\Debug\ECG Simulator.a(Timer.o)
                0x000007b0                Timer_Init
 .text.Timer_Start
                0x000007e4       0x20 .\CortexM0\ARM_GCC_493\Debug\ECG Simulator.a(Timer.o)
                0x000007e4                Timer_Start
 .text.Timer_ISR_SetVector
                0x00000804        0xc .\CortexM0\ARM_GCC_493\Debug\ECG Simulator.a(Timer_ISR.o)
                0x00000804                Timer_ISR_SetVector
 .text.Timer_ISR_SetPriority
                0x00000810       0x20 .\CortexM0\ARM_GCC_493\Debug\ECG Simulator.a(Timer_ISR.o)
                0x00000810                Timer_ISR_SetPriority
 .text.Timer_ISR_Enable
                0x00000830       0x10 .\CortexM0\ARM_GCC_493\Debug\ECG Simulator.a(Timer_ISR.o)
                0x00000830                Timer_ISR_Enable
 .text.Timer_ISR_Disable
                0x00000840       0x10 .\CortexM0\ARM_GCC_493\Debug\ECG Simulator.a(Timer_ISR.o)
                0x00000840                Timer_ISR_Disable
 .text.Timer_ISR_StartEx
                0x00000850       0x1c .\CortexM0\ARM_GCC_493\Debug\ECG Simulator.a(Timer_ISR.o)
                0x00000850                Timer_ISR_StartEx
 .text.Measure_When_Low_Write
                0x0000086c        0xc .\CortexM0\ARM_GCC_493\Debug\ECG Simulator.a(Measure_When_Low.o)
                0x0000086c                Measure_When_Low_Write
 .text          0x00000878       0x20 .\CortexM0\ARM_GCC_493\Debug\ECG Simulator.a(CyBootAsmGnu.o)
                0x00000878                CyDelayCycles
                0x0000088a                CyEnterCriticalSection
                0x00000892                CyExitCriticalSection
 .text.CySysClkImoDisableWcoLock
                0x00000898       0x14 .\CortexM0\ARM_GCC_493\Debug\ECG Simulator.a(CyLib.o)
                0x00000898                CySysClkImoDisableWcoLock
 .text.CySysClkImoGetWcoLock
                0x000008ac       0x14 .\CortexM0\ARM_GCC_493\Debug\ECG Simulator.a(CyLib.o)
                0x000008ac                CySysClkImoGetWcoLock
 .text.CyIntEnable
                0x000008c0       0x14 .\CortexM0\ARM_GCC_493\Debug\ECG Simulator.a(CyLib.o)
                0x000008c0                CyIntEnable
 .text.CyHalt   0x000008d4        0x4 .\CortexM0\ARM_GCC_493\Debug\ECG Simulator.a(CyLib.o)
                0x000008d4                CyHalt
 .text.CyIntSetVector
                0x000008d8       0x24 .\CortexM0\ARM_GCC_493\Debug\ECG Simulator.a(CyLib.o)
                0x000008d8                CyIntSetVector
 .text.CyDelay  0x000008fc       0x30 .\CortexM0\ARM_GCC_493\Debug\ECG Simulator.a(CyLib.o)
                0x000008fc                CyDelay
 .text.CySysClkImoEnableWcoLock
                0x0000092c       0xe8 .\CortexM0\ARM_GCC_493\Debug\ECG Simulator.a(CyLib.o)
                0x0000092c                CySysClkImoEnableWcoLock
 .text.CySysClkWriteImoFreq
                0x00000a14       0x80 .\CortexM0\ARM_GCC_493\Debug\ECG Simulator.a(CyLib.o)
                0x00000a14                CySysClkWriteImoFreq
 .text.CySysPmSleep
                0x00000a94       0x1c .\CortexM0\ARM_GCC_493\Debug\ECG Simulator.a(cyPm.o)
                0x00000a94                CySysPmSleep
 .text.CySysWdtLocked
                0x00000ab0       0x14 .\CortexM0\ARM_GCC_493\Debug\ECG Simulator.a(CyLFClk.o)
 .text.CySysClkWcoEnabled
                0x00000ac4       0x14 .\CortexM0\ARM_GCC_493\Debug\ECG Simulator.a(CyLFClk.o)
                0x00000ac4                CySysClkWcoEnabled
 .text.CySysWdtLock
                0x00000ad8       0x1c .\CortexM0\ARM_GCC_493\Debug\ECG Simulator.a(CyLFClk.o)
                0x00000ad8                CySysWdtLock
 .text.CySysWdtUnlock
                0x00000af4       0x30 .\CortexM0\ARM_GCC_493\Debug\ECG Simulator.a(CyLFClk.o)
                0x00000af4                CySysWdtUnlock
 .text.CySysWdtClearInterrupt
                0x00000b24       0x4c .\CortexM0\ARM_GCC_493\Debug\ECG Simulator.a(CyLFClk.o)
                0x00000b24                CySysWdtClearInterrupt
 .text.CySysWdtIsr
                0x00000b70       0xa4 .\CortexM0\ARM_GCC_493\Debug\ECG Simulator.a(CyLFClk.o)
                0x00000b70                CySysWdtIsr
 .text.UART_BLE_SpiUartReadRxData
                0x00000c14        0xc .\CortexM0\ARM_GCC_493\Debug\ECG Simulator.a(UART_BLE_SPI_UART.o)
                0x00000c14                UART_BLE_SpiUartReadRxData
 .text.UART_BLE_SpiUartGetRxBufferSize
                0x00000c20       0x10 .\CortexM0\ARM_GCC_493\Debug\ECG Simulator.a(UART_BLE_SPI_UART.o)
                0x00000c20                UART_BLE_SpiUartGetRxBufferSize
 .text.CySysFlashSetWaitCycles
                0x00000c30       0x54 .\CortexM0\ARM_GCC_493\Debug\ECG Simulator.a(CyFlash.o)
                0x00000c30                CySysFlashSetWaitCycles
 .text.__libc_init_array
                0x00000c84       0x4c c:/program files (x86)/cypress/psoc creator/3.3/psoc creator/import/gnu/arm/4.9.3/bin/../lib/gcc/arm-none-eabi/4.9.3/../../../../arm-none-eabi/lib/armv6-m\libg_nano.a(lib_a-init.o)
                0x00000c84                __libc_init_array
 .text.memset   0x00000cd0       0x10 c:/program files (x86)/cypress/psoc creator/3.3/psoc creator/import/gnu/arm/4.9.3/bin/../lib/gcc/arm-none-eabi/4.9.3/../../../../arm-none-eabi/lib/armv6-m\libg_nano.a(lib_a-memset.o)
                0x00000cd0                memset
 *(.plt)
 *(.gnu.warning)
 *(.glue_7t)
 .glue_7t       0x00000000        0x0 linker stubs
 *(.glue_7)
 .glue_7        0x00000000        0x0 linker stubs
 *(.vfp11_veneer)
 .vfp11_veneer  0x00000000        0x0 linker stubs
 *(.bootloader)
 *(.ARM.extab* .gnu.linkonce.armextab.*)
 *(.gcc_except_table)

.v4_bx          0x00000ce0        0x0
 .v4_bx         0x00000000        0x0 linker stubs

.iplt           0x00000ce0        0x0
 .iplt          0x00000000        0x0 c:/program files (x86)/cypress/psoc creator/3.3/psoc creator/import/gnu/arm/4.9.3/bin/../lib/gcc/arm-none-eabi/4.9.3/armv6-m/crtbegin.o

.eh_frame_hdr
 *(.eh_frame_hdr)

.eh_frame       0x00000ce0        0x4
 *(.eh_frame)
 .eh_frame      0x00000ce0        0x0 c:/program files (x86)/cypress/psoc creator/3.3/psoc creator/import/gnu/arm/4.9.3/bin/../lib/gcc/arm-none-eabi/4.9.3/armv6-m/crtbegin.o
 .eh_frame      0x00000ce0        0x4 c:/program files (x86)/cypress/psoc creator/3.3/psoc creator/import/gnu/arm/4.9.3/bin/../lib/gcc/arm-none-eabi/4.9.3/armv6-m/crtend.o
                0x00000ce4                PROVIDE (__exidx_start, .)

.ARM.exidx
 *(.ARM.exidx* .gnu.linkonce.armexidx.*)
                0x00000ce4                __exidx_end = .

.rodata         0x00000ce4       0xb4
 *(.rodata .rodata.* .gnu.linkonce.r.*)
 .rodata        0x00000ce4       0x34 .\CortexM0\ARM_GCC_493\Debug\ECG Simulator.a(cyfitter_cfg.o)
 .rodata        0x00000d18       0x48 .\CortexM0\ARM_GCC_493\Debug\ECG Simulator.a(CyLib.o)
                0x00000d18                cyImoFreqMhz2Reg
                0x00000d48                cyImoFreqMhz2DpllOffset
                0x00000d60                . = ALIGN (0x4)
 *(.init)
 .init          0x00000d60        0x4 c:/program files (x86)/cypress/psoc creator/3.3/psoc creator/import/gnu/arm/4.9.3/bin/../lib/gcc/arm-none-eabi/4.9.3/armv6-m/crti.o
                0x00000d60                _init
 .init          0x00000d64        0x8 c:/program files (x86)/cypress/psoc creator/3.3/psoc creator/import/gnu/arm/4.9.3/bin/../lib/gcc/arm-none-eabi/4.9.3/armv6-m/crtn.o
                0x00000d6c                . = ALIGN (0x4)
                0x00000d6c                __preinit_array_start = .
 *(.preinit_array)
                0x00000d6c                __preinit_array_end = .
                0x00000d6c                . = ALIGN (0x4)
                0x00000d6c                __init_array_start = .
 *(SORT(.init_array.*))
 *(.init_array)
 .init_array    0x00000d6c        0x4 c:/program files (x86)/cypress/psoc creator/3.3/psoc creator/import/gnu/arm/4.9.3/bin/../lib/gcc/arm-none-eabi/4.9.3/armv6-m/crtbegin.o
 .init_array    0x00000d70        0x4 .\CortexM0\ARM_GCC_493\Debug\Cm0Start.o
                0x00000d74                __init_array_end = .
                0x00000d74                . = ALIGN (0x4)
 *(.fini)
 .fini          0x00000d74        0x4 c:/program files (x86)/cypress/psoc creator/3.3/psoc creator/import/gnu/arm/4.9.3/bin/../lib/gcc/arm-none-eabi/4.9.3/armv6-m/crti.o
                0x00000d74                _fini
 .fini          0x00000d78        0x8 c:/program files (x86)/cypress/psoc creator/3.3/psoc creator/import/gnu/arm/4.9.3/bin/../lib/gcc/arm-none-eabi/4.9.3/armv6-m/crtn.o
                0x00000d80                . = ALIGN (0x4)
                0x00000d80                __fini_array_start = .
 *(.fini_array)
 .fini_array    0x00000d80        0x4 c:/program files (x86)/cypress/psoc creator/3.3/psoc creator/import/gnu/arm/4.9.3/bin/../lib/gcc/arm-none-eabi/4.9.3/armv6-m/crtbegin.o
 *(SORT(.fini_array.*))
                0x00000d84                __fini_array_end = .
                0x00000d84                . = ALIGN (0x4)
 *crtbegin.o(.ctors)
 *(EXCLUDE_FILE(*crtend.o) .ctors)
 *(SORT(.ctors.*))
 *crtend.o(.ctors)
                0x00000d84                . = ALIGN (0x4)
 *crtbegin.o(.dtors)
 *(EXCLUDE_FILE(*crtend.o) .dtors)
 *(SORT(.dtors.*))
 *crtend.o(.dtors)
                0x00000d84                . = ALIGN (0x4)
                0x00000d84                __cy_regions = .
                0x00000d84        0x4 LONG 0xd98 __cy_region_init_ram
                0x00000d88        0x4 LONG 0x200000c8 __cy_region_start_data
                0x00000d8c        0x4 LONG 0xa0 __cy_region_init_size_ram
                0x00000d90        0x4 LONG 0x100 __cy_region_zero_size_ram
                0x00000d94                __cy_regions_end = .
                0x00000d98                . = ALIGN (0x8)
 *fill*         0x00000d94        0x4 
                0x00000d98                _etext = .

.cy_checksum_exclude
                0x00000d98        0x0
 *(.cy_checksum_exclude)

.ramvectors     0x20000000       0xc0
                0x20000000                __cy_region_start_ram = .
 *(.ramvectors)
 .ramvectors    0x20000000       0xc0 .\CortexM0\ARM_GCC_493\Debug\Cm0Start.o
                0x20000000                CyRamVectors

.noinit         0x200000c0        0x4
 *(.noinit)
 .noinit        0x200000c0        0x4 .\CortexM0\ARM_GCC_493\Debug\Cm0Start.o

.data           0x200000c8       0xa0 load address 0x00000d98
                0x200000c8                __cy_region_start_data = .
 *(.jcr)
 .jcr           0x200000c8        0x0 c:/program files (x86)/cypress/psoc creator/3.3/psoc creator/import/gnu/arm/4.9.3/bin/../lib/gcc/arm-none-eabi/4.9.3/armv6-m/crtbegin.o
 .jcr           0x200000c8        0x4 c:/program files (x86)/cypress/psoc creator/3.3/psoc creator/import/gnu/arm/4.9.3/bin/../lib/gcc/arm-none-eabi/4.9.3/armv6-m/crtend.o
 *(.got.plt)
 *(.got)
 *(.shdata)
 *(.data .data.* .gnu.linkonce.d.*)
 .data          0x200000cc       0x88 .\CortexM0\ARM_GCC_493\Debug\main.o
                0x200000cc                b
                0x20000150                FirstCall
 .data          0x20000154       0x10 .\CortexM0\ARM_GCC_493\Debug\ECG Simulator.a(CyLib.o)
                0x20000154                cydelay32kMs
                0x20000158                cydelayFreqKhz
                0x2000015c                cydelayFreqMhz
                0x20000160                cydelayFreqHz
 .data          0x20000164        0x4 .\CortexM0\ARM_GCC_493\Debug\ECG Simulator.a(CyLFClk.o)
                0x20000168                . = ALIGN (0x8)
 *(.ram)
                0x20000168                _edata = .

.igot.plt       0x20000168        0x0 load address 0x00000e38
 .igot.plt      0x00000000        0x0 c:/program files (x86)/cypress/psoc creator/3.3/psoc creator/import/gnu/arm/4.9.3/bin/../lib/gcc/arm-none-eabi/4.9.3/armv6-m/crtbegin.o

.bss            0x20000168      0x100 load address 0x00000e38
                0x20000168                PROVIDE (__bss_start__, .)
 *(.shbss)
 *(.bss .bss.* .gnu.linkonce.b.*)
 .bss           0x20000168       0x1c c:/program files (x86)/cypress/psoc creator/3.3/psoc creator/import/gnu/arm/4.9.3/bin/../lib/gcc/arm-none-eabi/4.9.3/armv6-m/crtbegin.o
 .bss           0x20000184       0xac .\CortexM0\ARM_GCC_493\Debug\main.o
                0x20000184                counter
                0x20000188                x
                0x2000020c                y
                0x20000214                i
                0x20000216                current_byte
                0x20000218                data_array
                0x20000222                j
                0x20000224                value_out
                0x20000228                a
 .bss           0x20000230        0x1 .\CortexM0\ARM_GCC_493\Debug\ECG Simulator.a(UART.o)
                0x20000230                UART_initVar
 .bss           0x20000231        0x1 .\CortexM0\ARM_GCC_493\Debug\ECG Simulator.a(UART_BLE.o)
                0x20000231                UART_BLE_initVar
 .bss           0x20000232        0x1 .\CortexM0\ARM_GCC_493\Debug\ECG Simulator.a(Timer.o)
                0x20000232                Timer_initVar
 *fill*         0x20000233        0x1 
 .bss           0x20000234       0x1c .\CortexM0\ARM_GCC_493\Debug\ECG Simulator.a(CyLFClk.o)
 *(COMMON)
 COMMON         0x20000250       0x16 .\CortexM0\ARM_GCC_493\Debug\main.o
                0x20000250                squared
                0x20000252                avg_new
                0x20000254                unsigned_data
                0x20000256                newest
                0x20000258                moving_sum
                0x2000025a                value_in
                0x2000025c                signed_data
                0x2000025e                old
                0x20000260                pointer
                0x20000262                oldest
                0x20000264                diff
                0x20000268                . = ALIGN (0x8)
 *fill*         0x20000266        0x2 
 *(.ram.b)
                0x20000268                _end = .
                0x20000268                __end = .
                0x20000268                PROVIDE (end, .)
                0x20000268                PROVIDE (__bss_end__, .)
                0x00000d98                __cy_region_init_ram = LOADADDR (.data)
                0x000000a0                __cy_region_init_size_ram = (_edata - ADDR (.data))
                0x00000100                __cy_region_zero_size_ram = (_end - _edata)

.heap           0x20000268       0x80 load address 0x00000e38
                0x20000268                . = _end
                0x200002e8                . = (. + 0x80)
 *fill*         0x20000268       0x80 
                0x200002e8                __cy_heap_limit = .

.stack          0x20003800      0x800
                0x20003800                __cy_stack_limit = .
                0x20004000                . = (. + 0x800)
 *fill*         0x20003800      0x800 
                0x00000001                ASSERT ((__cy_stack_limit >= __cy_heap_limit), region RAM overflowed with stack)
                0x00000000                cy_checksum_exclude_size = (CY_APPL_LOADABLE == 0x1)?SIZEOF (.cy_checksum_exclude):0x0
                0x00000001                ASSERT ((cy_checksum_exclude_size <= CY_CHECKSUM_EXCLUDE_SIZE), CY_BOOT: Section .cy_checksum_exclude size exceedes specified limit.)
                0x0001ffc0                cyloadermeta_start = (cy_project_type_bootloader || cy_project_type_app_for_stack_and_copier)?(0x20000 - CY_METADATA_SIZE):0xf0000000

.cyloadermeta
 *(.cyloadermeta)
                0x0001ffc0                cyloadablemeta_start = cy_project_type_app_for_stack_and_copier?((0x20000 - CY_FLASH_ROW_SIZE) - CY_METADATA_SIZE):((0x20000 - (CY_FLASH_ROW_SIZE * (CY_APPL_NUM - 0x1))) - CY_METADATA_SIZE)

.cyloadablemeta
 *(.cyloadablemeta)

.cyflashprotect
                0x90400000       0x80
 *(.cyflashprotect)
 .cyflashprotect
                0x90400000       0x80 .\CortexM0\ARM_GCC_493\Debug\cymetadata.o
                0x90400000                cy_meta_flashprotect

.cymeta         0x90500000        0xc
 *(.cymeta)
 .cymeta        0x90500000        0xc .\CortexM0\ARM_GCC_493\Debug\cymetadata.o
                0x90500000                cy_metadata

.cychipprotect  0x90600000        0x4
 *(.cychipprotect)
 .cychipprotect
                0x90600000        0x4 .\CortexM0\ARM_GCC_493\Debug\cymetadata.o
                0x90600000                cy_meta_chipprotect

.rel.dyn        0x00000e38        0x0 load address 0x90600004
 .rel.iplt      0x00000000        0x0 c:/program files (x86)/cypress/psoc creator/3.3/psoc creator/import/gnu/arm/4.9.3/bin/../lib/gcc/arm-none-eabi/4.9.3/armv6-m/crtbegin.o

.stab
 *(.stab)

.stabstr
 *(.stabstr)

.debug
 *(.debug)

.line
 *(.line)

.debug_srcinfo
 *(.debug_srcinfo)

.debug_sfnames
 *(.debug_sfnames)

.debug_aranges  0x00000000      0xa20
 *(.debug_aranges)
 .debug_aranges
                0x00000000       0x40 .\CortexM0\ARM_GCC_493\Debug\main.o
 .debug_aranges
                0x00000040       0x18 .\CortexM0\ARM_GCC_493\Debug\cymetadata.o
 .debug_aranges
                0x00000058       0x48 .\CortexM0\ARM_GCC_493\Debug\Cm0Start.o
 .debug_aranges
                0x000000a0       0x40 .\CortexM0\ARM_GCC_493\Debug\ECG Simulator.a(cyfitter_cfg.o)
 .debug_aranges
                0x000000e0       0x80 .\CortexM0\ARM_GCC_493\Debug\ECG Simulator.a(UART_RX_ISR.o)
 .debug_aranges
                0x00000160       0x58 .\CortexM0\ARM_GCC_493\Debug\ECG Simulator.a(UART.o)
 .debug_aranges
                0x000001b8       0x60 .\CortexM0\ARM_GCC_493\Debug\ECG Simulator.a(UART_SPI_UART.o)
 .debug_aranges
                0x00000218       0x88 .\CortexM0\ARM_GCC_493\Debug\ECG Simulator.a(UART_UART.o)
 .debug_aranges
                0x000002a0       0x80 .\CortexM0\ARM_GCC_493\Debug\ECG Simulator.a(UART_BLE_RX_ISR.o)
 .debug_aranges
                0x00000320       0x58 .\CortexM0\ARM_GCC_493\Debug\ECG Simulator.a(UART_BLE.o)
 .debug_aranges
                0x00000378       0x88 .\CortexM0\ARM_GCC_493\Debug\ECG Simulator.a(UART_BLE_UART.o)
 .debug_aranges
                0x00000400      0x158 .\CortexM0\ARM_GCC_493\Debug\ECG Simulator.a(Timer.o)
 .debug_aranges
                0x00000558       0x80 .\CortexM0\ARM_GCC_493\Debug\ECG Simulator.a(Timer_ISR.o)
 .debug_aranges
                0x000005d8       0x28 .\CortexM0\ARM_GCC_493\Debug\ECG Simulator.a(Measure_When_Low.o)
 .debug_aranges
                0x00000600       0x20 .\CortexM0\ARM_GCC_493\Debug\ECG Simulator.a(CyBootAsmGnu.o)
 .debug_aranges
                0x00000620      0x1b8 .\CortexM0\ARM_GCC_493\Debug\ECG Simulator.a(CyLib.o)
 .debug_aranges
                0x000007d8       0x58 .\CortexM0\ARM_GCC_493\Debug\ECG Simulator.a(cyPm.o)
 .debug_aranges
                0x00000830      0x150 .\CortexM0\ARM_GCC_493\Debug\ECG Simulator.a(CyLFClk.o)
 .debug_aranges
                0x00000980       0x60 .\CortexM0\ARM_GCC_493\Debug\ECG Simulator.a(UART_BLE_SPI_UART.o)
 .debug_aranges
                0x000009e0       0x40 .\CortexM0\ARM_GCC_493\Debug\ECG Simulator.a(CyFlash.o)

.debug_pubnames
 *(.debug_pubnames)

.debug_info     0x00000000     0x5054
 *(.debug_info .gnu.linkonce.wi.*)
 .debug_info    0x00000000      0x4a5 .\CortexM0\ARM_GCC_493\Debug\main.o
 .debug_info    0x000004a5       0xfe .\CortexM0\ARM_GCC_493\Debug\cymetadata.o
 .debug_info    0x000005a3      0x38e .\CortexM0\ARM_GCC_493\Debug\Cm0Start.o
 .debug_info    0x00000931      0x3d8 .\CortexM0\ARM_GCC_493\Debug\ECG Simulator.a(cyfitter_cfg.o)
 .debug_info    0x00000d09      0x300 .\CortexM0\ARM_GCC_493\Debug\ECG Simulator.a(UART_RX_ISR.o)
 .debug_info    0x00001009      0x20a .\CortexM0\ARM_GCC_493\Debug\ECG Simulator.a(UART.o)
 .debug_info    0x00001213      0x217 .\CortexM0\ARM_GCC_493\Debug\ECG Simulator.a(UART_SPI_UART.o)
 .debug_info    0x0000142a      0x352 .\CortexM0\ARM_GCC_493\Debug\ECG Simulator.a(UART_UART.o)
 .debug_info    0x0000177c      0x300 .\CortexM0\ARM_GCC_493\Debug\ECG Simulator.a(UART_BLE_RX_ISR.o)
 .debug_info    0x00001a7c      0x20a .\CortexM0\ARM_GCC_493\Debug\ECG Simulator.a(UART_BLE.o)
 .debug_info    0x00001c86      0x352 .\CortexM0\ARM_GCC_493\Debug\ECG Simulator.a(UART_BLE_UART.o)
 .debug_info    0x00001fd8      0x8dd .\CortexM0\ARM_GCC_493\Debug\ECG Simulator.a(Timer.o)
 .debug_info    0x000028b5      0x300 .\CortexM0\ARM_GCC_493\Debug\ECG Simulator.a(Timer_ISR.o)
 .debug_info    0x00002bb5       0xd6 .\CortexM0\ARM_GCC_493\Debug\ECG Simulator.a(Measure_When_Low.o)
 .debug_info    0x00002c8b       0xc6 .\CortexM0\ARM_GCC_493\Debug\ECG Simulator.a(CyBootAsmGnu.o)
 .debug_info    0x00002d51      0xcf4 .\CortexM0\ARM_GCC_493\Debug\ECG Simulator.a(CyLib.o)
 .debug_info    0x00003a45      0x2e9 .\CortexM0\ARM_GCC_493\Debug\ECG Simulator.a(cyPm.o)
 .debug_info    0x00003d2e      0xda4 .\CortexM0\ARM_GCC_493\Debug\ECG Simulator.a(CyLFClk.o)
 .debug_info    0x00004ad2      0x217 .\CortexM0\ARM_GCC_493\Debug\ECG Simulator.a(UART_BLE_SPI_UART.o)
 .debug_info    0x00004ce9      0x36b .\CortexM0\ARM_GCC_493\Debug\ECG Simulator.a(CyFlash.o)

.debug_abbrev   0x00000000     0x1b3e
 *(.debug_abbrev)
 .debug_abbrev  0x00000000      0x183 .\CortexM0\ARM_GCC_493\Debug\main.o
 .debug_abbrev  0x00000183       0x5d .\CortexM0\ARM_GCC_493\Debug\cymetadata.o
 .debug_abbrev  0x000001e0      0x1d5 .\CortexM0\ARM_GCC_493\Debug\Cm0Start.o
 .debug_abbrev  0x000003b5      0x1eb .\CortexM0\ARM_GCC_493\Debug\ECG Simulator.a(cyfitter_cfg.o)
 .debug_abbrev  0x000005a0      0x1b4 .\CortexM0\ARM_GCC_493\Debug\ECG Simulator.a(UART_RX_ISR.o)
 .debug_abbrev  0x00000754       0xd5 .\CortexM0\ARM_GCC_493\Debug\ECG Simulator.a(UART.o)
 .debug_abbrev  0x00000829      0x169 .\CortexM0\ARM_GCC_493\Debug\ECG Simulator.a(UART_SPI_UART.o)
 .debug_abbrev  0x00000992      0x13b .\CortexM0\ARM_GCC_493\Debug\ECG Simulator.a(UART_UART.o)
 .debug_abbrev  0x00000acd      0x1b4 .\CortexM0\ARM_GCC_493\Debug\ECG Simulator.a(UART_BLE_RX_ISR.o)
 .debug_abbrev  0x00000c81       0xd5 .\CortexM0\ARM_GCC_493\Debug\ECG Simulator.a(UART_BLE.o)
 .debug_abbrev  0x00000d56      0x13b .\CortexM0\ARM_GCC_493\Debug\ECG Simulator.a(UART_BLE_UART.o)
 .debug_abbrev  0x00000e91      0x133 .\CortexM0\ARM_GCC_493\Debug\ECG Simulator.a(Timer.o)
 .debug_abbrev  0x00000fc4      0x1b4 .\CortexM0\ARM_GCC_493\Debug\ECG Simulator.a(Timer_ISR.o)
 .debug_abbrev  0x00001178       0x81 .\CortexM0\ARM_GCC_493\Debug\ECG Simulator.a(Measure_When_Low.o)
 .debug_abbrev  0x000011f9       0x14 .\CortexM0\ARM_GCC_493\Debug\ECG Simulator.a(CyBootAsmGnu.o)
 .debug_abbrev  0x0000120d      0x245 .\CortexM0\ARM_GCC_493\Debug\ECG Simulator.a(CyLib.o)
 .debug_abbrev  0x00001452      0x155 .\CortexM0\ARM_GCC_493\Debug\ECG Simulator.a(cyPm.o)
 .debug_abbrev  0x000015a7      0x26d .\CortexM0\ARM_GCC_493\Debug\ECG Simulator.a(CyLFClk.o)
 .debug_abbrev  0x00001814      0x169 .\CortexM0\ARM_GCC_493\Debug\ECG Simulator.a(UART_BLE_SPI_UART.o)
 .debug_abbrev  0x0000197d      0x1c1 .\CortexM0\ARM_GCC_493\Debug\ECG Simulator.a(CyFlash.o)

.debug_line     0x00000000     0x22c4
 *(.debug_line)
 .debug_line    0x00000000      0x16d .\CortexM0\ARM_GCC_493\Debug\main.o
 .debug_line    0x0000016d       0x53 .\CortexM0\ARM_GCC_493\Debug\cymetadata.o
 .debug_line    0x000001c0      0x249 .\CortexM0\ARM_GCC_493\Debug\Cm0Start.o
 .debug_line    0x00000409      0x17d .\CortexM0\ARM_GCC_493\Debug\ECG Simulator.a(cyfitter_cfg.o)
 .debug_line    0x00000586      0x170 .\CortexM0\ARM_GCC_493\Debug\ECG Simulator.a(UART_RX_ISR.o)
 .debug_line    0x000006f6      0x121 .\CortexM0\ARM_GCC_493\Debug\ECG Simulator.a(UART.o)
 .debug_line    0x00000817      0x133 .\CortexM0\ARM_GCC_493\Debug\ECG Simulator.a(UART_SPI_UART.o)
 .debug_line    0x0000094a      0x1b6 .\CortexM0\ARM_GCC_493\Debug\ECG Simulator.a(UART_UART.o)
 .debug_line    0x00000b00      0x174 .\CortexM0\ARM_GCC_493\Debug\ECG Simulator.a(UART_BLE_RX_ISR.o)
 .debug_line    0x00000c74      0x129 .\CortexM0\ARM_GCC_493\Debug\ECG Simulator.a(UART_BLE.o)
 .debug_line    0x00000d9d      0x1be .\CortexM0\ARM_GCC_493\Debug\ECG Simulator.a(UART_BLE_UART.o)
 .debug_line    0x00000f5b      0x378 .\CortexM0\ARM_GCC_493\Debug\ECG Simulator.a(Timer.o)
 .debug_line    0x000012d3      0x16e .\CortexM0\ARM_GCC_493\Debug\ECG Simulator.a(Timer_ISR.o)
 .debug_line    0x00001441       0x7b .\CortexM0\ARM_GCC_493\Debug\ECG Simulator.a(Measure_When_Low.o)
 .debug_line    0x000014bc       0x68 .\CortexM0\ARM_GCC_493\Debug\ECG Simulator.a(CyBootAsmGnu.o)
 .debug_line    0x00001524      0x51a .\CortexM0\ARM_GCC_493\Debug\ECG Simulator.a(CyLib.o)
 .debug_line    0x00001a3e      0x143 .\CortexM0\ARM_GCC_493\Debug\ECG Simulator.a(cyPm.o)
 .debug_line    0x00001b81      0x4c5 .\CortexM0\ARM_GCC_493\Debug\ECG Simulator.a(CyLFClk.o)
 .debug_line    0x00002046      0x137 .\CortexM0\ARM_GCC_493\Debug\ECG Simulator.a(UART_BLE_SPI_UART.o)
 .debug_line    0x0000217d      0x147 .\CortexM0\ARM_GCC_493\Debug\ECG Simulator.a(CyFlash.o)

.debug_frame    0x00000000     0x18fc
 *(.debug_frame)
 .debug_frame   0x00000000       0x9c .\CortexM0\ARM_GCC_493\Debug\main.o
 .debug_frame   0x0000009c       0xb0 .\CortexM0\ARM_GCC_493\Debug\Cm0Start.o
 .debug_frame   0x0000014c       0x98 .\CortexM0\ARM_GCC_493\Debug\ECG Simulator.a(cyfitter_cfg.o)
 .debug_frame   0x000001e4      0x110 .\CortexM0\ARM_GCC_493\Debug\ECG Simulator.a(UART_RX_ISR.o)
 .debug_frame   0x000002f4       0xd8 .\CortexM0\ARM_GCC_493\Debug\ECG Simulator.a(UART.o)
 .debug_frame   0x000003cc       0xb0 .\CortexM0\ARM_GCC_493\Debug\ECG Simulator.a(UART_SPI_UART.o)
 .debug_frame   0x0000047c      0x130 .\CortexM0\ARM_GCC_493\Debug\ECG Simulator.a(UART_UART.o)
 .debug_frame   0x000005ac      0x110 .\CortexM0\ARM_GCC_493\Debug\ECG Simulator.a(UART_BLE_RX_ISR.o)
 .debug_frame   0x000006bc       0xd8 .\CortexM0\ARM_GCC_493\Debug\ECG Simulator.a(UART_BLE.o)
 .debug_frame   0x00000794      0x130 .\CortexM0\ARM_GCC_493\Debug\ECG Simulator.a(UART_BLE_UART.o)
 .debug_frame   0x000008c4      0x390 .\CortexM0\ARM_GCC_493\Debug\ECG Simulator.a(Timer.o)
 .debug_frame   0x00000c54      0x110 .\CortexM0\ARM_GCC_493\Debug\ECG Simulator.a(Timer_ISR.o)
 .debug_frame   0x00000d64       0x30 .\CortexM0\ARM_GCC_493\Debug\ECG Simulator.a(Measure_When_Low.o)
 .debug_frame   0x00000d94      0x468 .\CortexM0\ARM_GCC_493\Debug\ECG Simulator.a(CyLib.o)
 .debug_frame   0x000011fc       0xe8 .\CortexM0\ARM_GCC_493\Debug\ECG Simulator.a(cyPm.o)
 .debug_frame   0x000012e4      0x3fc .\CortexM0\ARM_GCC_493\Debug\ECG Simulator.a(CyLFClk.o)
 .debug_frame   0x000016e0       0xb0 .\CortexM0\ARM_GCC_493\Debug\ECG Simulator.a(UART_BLE_SPI_UART.o)
 .debug_frame   0x00001790       0x90 .\CortexM0\ARM_GCC_493\Debug\ECG Simulator.a(CyFlash.o)
 .debug_frame   0x00001820       0x20 c:/program files (x86)/cypress/psoc creator/3.3/psoc creator/import/gnu/arm/4.9.3/bin/../lib/gcc/arm-none-eabi/4.9.3/armv6-m\libgcc.a(_udivsi3.o)
 .debug_frame   0x00001840       0x20 c:/program files (x86)/cypress/psoc creator/3.3/psoc creator/import/gnu/arm/4.9.3/bin/../lib/gcc/arm-none-eabi/4.9.3/../../../../arm-none-eabi/lib/armv6-m\libg_nano.a(lib_a-errno.o)
 .debug_frame   0x00001860       0x28 c:/program files (x86)/cypress/psoc creator/3.3/psoc creator/import/gnu/arm/4.9.3/bin/../lib/gcc/arm-none-eabi/4.9.3/../../../../arm-none-eabi/lib/armv6-m\libg_nano.a(lib_a-exit.o)
 .debug_frame   0x00001888       0x2c c:/program files (x86)/cypress/psoc creator/3.3/psoc creator/import/gnu/arm/4.9.3/bin/../lib/gcc/arm-none-eabi/4.9.3/../../../../arm-none-eabi/lib/armv6-m\libg_nano.a(lib_a-init.o)
 .debug_frame   0x000018b4       0x28 c:/program files (x86)/cypress/psoc creator/3.3/psoc creator/import/gnu/arm/4.9.3/bin/../lib/gcc/arm-none-eabi/4.9.3/../../../../arm-none-eabi/lib/armv6-m\libg_nano.a(lib_a-memcpy.o)
 .debug_frame   0x000018dc       0x20 c:/program files (x86)/cypress/psoc creator/3.3/psoc creator/import/gnu/arm/4.9.3/bin/../lib/gcc/arm-none-eabi/4.9.3/../../../../arm-none-eabi/lib/armv6-m\libg_nano.a(lib_a-memset.o)

.debug_str      0x00000000     0x20a2
 *(.debug_str)
 .debug_str     0x00000000      0x33b .\CortexM0\ARM_GCC_493\Debug\main.o
                                0x398 (size before relaxing)
 .debug_str     0x0000033b       0x5b .\CortexM0\ARM_GCC_493\Debug\cymetadata.o
                                0x204 (size before relaxing)
 .debug_str     0x00000396      0x149 .\CortexM0\ARM_GCC_493\Debug\Cm0Start.o
                                0x32b (size before relaxing)
 .debug_str     0x000004df      0x106 .\CortexM0\ARM_GCC_493\Debug\ECG Simulator.a(cyfitter_cfg.o)
                                0x30d (size before relaxing)
 .debug_str     0x000005e5      0x17c .\CortexM0\ARM_GCC_493\Debug\ECG Simulator.a(UART_RX_ISR.o)
                                0x368 (size before relaxing)
 .debug_str     0x00000761       0xe9 .\CortexM0\ARM_GCC_493\Debug\ECG Simulator.a(UART.o)
                                0x2aa (size before relaxing)
 .debug_str     0x0000084a      0x11f .\CortexM0\ARM_GCC_493\Debug\ECG Simulator.a(UART_SPI_UART.o)
                                0x2f8 (size before relaxing)
 .debug_str     0x00000969      0x150 .\CortexM0\ARM_GCC_493\Debug\ECG Simulator.a(UART_UART.o)
                                0x3a1 (size before relaxing)
 .debug_str     0x00000ab9      0x15c .\CortexM0\ARM_GCC_493\Debug\ECG Simulator.a(UART_BLE_RX_ISR.o)
                                0x3a0 (size before relaxing)
 .debug_str     0x00000c15       0xfd .\CortexM0\ARM_GCC_493\Debug\ECG Simulator.a(UART_BLE.o)
                                0x2de (size before relaxing)
 .debug_str     0x00000d12      0x17d .\CortexM0\ARM_GCC_493\Debug\ECG Simulator.a(UART_BLE_UART.o)
                                0x3e9 (size before relaxing)
 .debug_str     0x00000e8f      0x3d4 .\CortexM0\ARM_GCC_493\Debug\ECG Simulator.a(Timer.o)
                                0x5db (size before relaxing)
 .debug_str     0x00001263       0xfd .\CortexM0\ARM_GCC_493\Debug\ECG Simulator.a(Timer_ISR.o)
                                0x34c (size before relaxing)
 .debug_str     0x00001360       0x4a .\CortexM0\ARM_GCC_493\Debug\ECG Simulator.a(Measure_When_Low.o)
                                0x206 (size before relaxing)
 .debug_str     0x000013aa      0x59a .\CortexM0\ARM_GCC_493\Debug\ECG Simulator.a(CyLib.o)
                                0x7f8 (size before relaxing)
 .debug_str     0x00001944       0xd0 .\CortexM0\ARM_GCC_493\Debug\ECG Simulator.a(cyPm.o)
                                0x2fd (size before relaxing)
 .debug_str     0x00001a14      0x500 .\CortexM0\ARM_GCC_493\Debug\ECG Simulator.a(CyLFClk.o)
                                0x739 (size before relaxing)
 .debug_str     0x00001f14       0xdc .\CortexM0\ARM_GCC_493\Debug\ECG Simulator.a(UART_BLE_SPI_UART.o)
                                0x320 (size before relaxing)
 .debug_str     0x00001ff0       0xb2 .\CortexM0\ARM_GCC_493\Debug\ECG Simulator.a(CyFlash.o)
                                0x2da (size before relaxing)

.debug_loc      0x00000000     0x21a8
 *(.debug_loc)
 .debug_loc     0x00000000       0x53 .\CortexM0\ARM_GCC_493\Debug\main.o
 .debug_loc     0x00000053      0x14f .\CortexM0\ARM_GCC_493\Debug\Cm0Start.o
 .debug_loc     0x000001a2      0x118 .\CortexM0\ARM_GCC_493\Debug\ECG Simulator.a(cyfitter_cfg.o)
 .debug_loc     0x000002ba       0x82 .\CortexM0\ARM_GCC_493\Debug\ECG Simulator.a(UART_RX_ISR.o)
 .debug_loc     0x0000033c       0x7e .\CortexM0\ARM_GCC_493\Debug\ECG Simulator.a(UART.o)
 .debug_loc     0x000003ba       0x96 .\CortexM0\ARM_GCC_493\Debug\ECG Simulator.a(UART_SPI_UART.o)
 .debug_loc     0x00000450      0x1b2 .\CortexM0\ARM_GCC_493\Debug\ECG Simulator.a(UART_UART.o)
 .debug_loc     0x00000602       0x82 .\CortexM0\ARM_GCC_493\Debug\ECG Simulator.a(UART_BLE_RX_ISR.o)
 .debug_loc     0x00000684       0x7e .\CortexM0\ARM_GCC_493\Debug\ECG Simulator.a(UART_BLE.o)
 .debug_loc     0x00000702      0x1b2 .\CortexM0\ARM_GCC_493\Debug\ECG Simulator.a(UART_BLE_UART.o)
 .debug_loc     0x000008b4      0x547 .\CortexM0\ARM_GCC_493\Debug\ECG Simulator.a(Timer.o)
 .debug_loc     0x00000dfb       0x82 .\CortexM0\ARM_GCC_493\Debug\ECG Simulator.a(Timer_ISR.o)
 .debug_loc     0x00000e7d      0x7be .\CortexM0\ARM_GCC_493\Debug\ECG Simulator.a(CyLib.o)
 .debug_loc     0x0000163b       0xe1 .\CortexM0\ARM_GCC_493\Debug\ECG Simulator.a(cyPm.o)
 .debug_loc     0x0000171c      0x8af .\CortexM0\ARM_GCC_493\Debug\ECG Simulator.a(CyLFClk.o)
 .debug_loc     0x00001fcb       0x96 .\CortexM0\ARM_GCC_493\Debug\ECG Simulator.a(UART_BLE_SPI_UART.o)
 .debug_loc     0x00002061      0x147 .\CortexM0\ARM_GCC_493\Debug\ECG Simulator.a(CyFlash.o)

.debug_macinfo
 *(.debug_macinfo)

.debug_ranges   0x00000000      0x8c8
 *(.debug_ranges)
 .debug_ranges  0x00000000       0x30 .\CortexM0\ARM_GCC_493\Debug\main.o
 .debug_ranges  0x00000030       0x38 .\CortexM0\ARM_GCC_493\Debug\Cm0Start.o
 .debug_ranges  0x00000068       0x30 .\CortexM0\ARM_GCC_493\Debug\ECG Simulator.a(cyfitter_cfg.o)
 .debug_ranges  0x00000098       0x70 .\CortexM0\ARM_GCC_493\Debug\ECG Simulator.a(UART_RX_ISR.o)
 .debug_ranges  0x00000108       0x48 .\CortexM0\ARM_GCC_493\Debug\ECG Simulator.a(UART.o)
 .debug_ranges  0x00000150       0x50 .\CortexM0\ARM_GCC_493\Debug\ECG Simulator.a(UART_SPI_UART.o)
 .debug_ranges  0x000001a0       0x78 .\CortexM0\ARM_GCC_493\Debug\ECG Simulator.a(UART_UART.o)
 .debug_ranges  0x00000218       0x70 .\CortexM0\ARM_GCC_493\Debug\ECG Simulator.a(UART_BLE_RX_ISR.o)
 .debug_ranges  0x00000288       0x48 .\CortexM0\ARM_GCC_493\Debug\ECG Simulator.a(UART_BLE.o)
 .debug_ranges  0x000002d0       0x78 .\CortexM0\ARM_GCC_493\Debug\ECG Simulator.a(UART_BLE_UART.o)
 .debug_ranges  0x00000348      0x148 .\CortexM0\ARM_GCC_493\Debug\ECG Simulator.a(Timer.o)
 .debug_ranges  0x00000490       0x70 .\CortexM0\ARM_GCC_493\Debug\ECG Simulator.a(Timer_ISR.o)
 .debug_ranges  0x00000500       0x18 .\CortexM0\ARM_GCC_493\Debug\ECG Simulator.a(Measure_When_Low.o)
 .debug_ranges  0x00000518      0x1a8 .\CortexM0\ARM_GCC_493\Debug\ECG Simulator.a(CyLib.o)
 .debug_ranges  0x000006c0       0x48 .\CortexM0\ARM_GCC_493\Debug\ECG Simulator.a(cyPm.o)
 .debug_ranges  0x00000708      0x140 .\CortexM0\ARM_GCC_493\Debug\ECG Simulator.a(CyLFClk.o)
 .debug_ranges  0x00000848       0x50 .\CortexM0\ARM_GCC_493\Debug\ECG Simulator.a(UART_BLE_SPI_UART.o)
 .debug_ranges  0x00000898       0x30 .\CortexM0\ARM_GCC_493\Debug\ECG Simulator.a(CyFlash.o)

.comment        0x00000000       0x70
 .comment       0x00000000       0x70 .\CortexM0\ARM_GCC_493\Debug\main.o
                                 0x71 (size before relaxing)
 .comment       0x00000000       0x71 .\CortexM0\ARM_GCC_493\Debug\cymetadata.o
 .comment       0x00000000       0x71 .\CortexM0\ARM_GCC_493\Debug\Cm0Start.o
 .comment       0x00000000       0x71 .\CortexM0\ARM_GCC_493\Debug\ECG Simulator.a(cyfitter_cfg.o)
 .comment       0x00000000       0x71 .\CortexM0\ARM_GCC_493\Debug\ECG Simulator.a(UART_RX_ISR.o)
 .comment       0x00000000       0x71 .\CortexM0\ARM_GCC_493\Debug\ECG Simulator.a(UART.o)
 .comment       0x00000000       0x71 .\CortexM0\ARM_GCC_493\Debug\ECG Simulator.a(UART_SPI_UART.o)
 .comment       0x00000000       0x71 .\CortexM0\ARM_GCC_493\Debug\ECG Simulator.a(UART_UART.o)
 .comment       0x00000000       0x71 .\CortexM0\ARM_GCC_493\Debug\ECG Simulator.a(UART_BLE_RX_ISR.o)
 .comment       0x00000000       0x71 .\CortexM0\ARM_GCC_493\Debug\ECG Simulator.a(UART_BLE.o)
 .comment       0x00000000       0x71 .\CortexM0\ARM_GCC_493\Debug\ECG Simulator.a(UART_BLE_UART.o)
 .comment       0x00000000       0x71 .\CortexM0\ARM_GCC_493\Debug\ECG Simulator.a(Timer.o)
 .comment       0x00000000       0x71 .\CortexM0\ARM_GCC_493\Debug\ECG Simulator.a(Timer_ISR.o)
 .comment       0x00000000       0x71 .\CortexM0\ARM_GCC_493\Debug\ECG Simulator.a(Measure_When_Low.o)
 .comment       0x00000000       0x71 .\CortexM0\ARM_GCC_493\Debug\ECG Simulator.a(CyLib.o)
 .comment       0x00000000       0x71 .\CortexM0\ARM_GCC_493\Debug\ECG Simulator.a(cyPm.o)
 .comment       0x00000000       0x71 .\CortexM0\ARM_GCC_493\Debug\ECG Simulator.a(CyLFClk.o)
 .comment       0x00000000       0x71 .\CortexM0\ARM_GCC_493\Debug\ECG Simulator.a(UART_BLE_SPI_UART.o)
 .comment       0x00000000       0x71 .\CortexM0\ARM_GCC_493\Debug\ECG Simulator.a(CyFlash.o)

.debug_weaknames
 *(.debug_weaknames)

.debug_funcnames
 *(.debug_funcnames)

.debug_typenames
 *(.debug_typenames)

.debug_varnames
 *(.debug_varnames)

.note.gnu.arm.ident
 *(.note.gnu.arm.ident)

.ARM.attributes
                0x00000000       0x28
 *(.ARM.attributes)
 .ARM.attributes
                0x00000000       0x1e c:/program files (x86)/cypress/psoc creator/3.3/psoc creator/import/gnu/arm/4.9.3/bin/../lib/gcc/arm-none-eabi/4.9.3/armv6-m/crti.o
 .ARM.attributes
                0x0000001e       0x2c c:/program files (x86)/cypress/psoc creator/3.3/psoc creator/import/gnu/arm/4.9.3/bin/../lib/gcc/arm-none-eabi/4.9.3/armv6-m/crtbegin.o
 .ARM.attributes
                0x0000004a       0x1b c:/program files (x86)/cypress/psoc creator/3.3/psoc creator/import/gnu/arm/4.9.3/bin/../lib/gcc/arm-none-eabi/4.9.3/../../../../arm-none-eabi/lib/armv6-m/crt0.o
 .ARM.attributes
                0x00000065       0x31 .\CortexM0\ARM_GCC_493\Debug\main.o
 .ARM.attributes
                0x00000096       0x31 .\CortexM0\ARM_GCC_493\Debug\cymetadata.o
 .ARM.attributes
                0x000000c7       0x31 .\CortexM0\ARM_GCC_493\Debug\Cm0Start.o
 .ARM.attributes
                0x000000f8       0x31 .\CortexM0\ARM_GCC_493\Debug\ECG Simulator.a(cyfitter_cfg.o)
 .ARM.attributes
                0x00000129       0x31 .\CortexM0\ARM_GCC_493\Debug\ECG Simulator.a(UART_RX_ISR.o)
 .ARM.attributes
                0x0000015a       0x31 .\CortexM0\ARM_GCC_493\Debug\ECG Simulator.a(UART.o)
 .ARM.attributes
                0x0000018b       0x31 .\CortexM0\ARM_GCC_493\Debug\ECG Simulator.a(UART_SPI_UART.o)
 .ARM.attributes
                0x000001bc       0x31 .\CortexM0\ARM_GCC_493\Debug\ECG Simulator.a(UART_UART.o)
 .ARM.attributes
                0x000001ed       0x31 .\CortexM0\ARM_GCC_493\Debug\ECG Simulator.a(UART_BLE_RX_ISR.o)
 .ARM.attributes
                0x0000021e       0x31 .\CortexM0\ARM_GCC_493\Debug\ECG Simulator.a(UART_BLE.o)
 .ARM.attributes
                0x0000024f       0x31 .\CortexM0\ARM_GCC_493\Debug\ECG Simulator.a(UART_BLE_UART.o)
 .ARM.attributes
                0x00000280       0x31 .\CortexM0\ARM_GCC_493\Debug\ECG Simulator.a(Timer.o)
 .ARM.attributes
                0x000002b1       0x31 .\CortexM0\ARM_GCC_493\Debug\ECG Simulator.a(Timer_ISR.o)
 .ARM.attributes
                0x000002e2       0x31 .\CortexM0\ARM_GCC_493\Debug\ECG Simulator.a(Measure_When_Low.o)
 .ARM.attributes
                0x00000313       0x21 .\CortexM0\ARM_GCC_493\Debug\ECG Simulator.a(CyBootAsmGnu.o)
 .ARM.attributes
                0x00000334       0x31 .\CortexM0\ARM_GCC_493\Debug\ECG Simulator.a(CyLib.o)
 .ARM.attributes
                0x00000365       0x31 .\CortexM0\ARM_GCC_493\Debug\ECG Simulator.a(cyPm.o)
 .ARM.attributes
                0x00000396       0x31 .\CortexM0\ARM_GCC_493\Debug\ECG Simulator.a(CyLFClk.o)
 .ARM.attributes
                0x000003c7       0x31 .\CortexM0\ARM_GCC_493\Debug\ECG Simulator.a(UART_BLE_SPI_UART.o)
 .ARM.attributes
                0x000003f8       0x31 .\CortexM0\ARM_GCC_493\Debug\ECG Simulator.a(CyFlash.o)
 .ARM.attributes
                0x00000429       0x1e c:/program files (x86)/cypress/psoc creator/3.3/psoc creator/import/gnu/arm/4.9.3/bin/../lib/gcc/arm-none-eabi/4.9.3/armv6-m\libgcc.a(_udivsi3.o)
 .ARM.attributes
                0x00000447       0x1e c:/program files (x86)/cypress/psoc creator/3.3/psoc creator/import/gnu/arm/4.9.3/bin/../lib/gcc/arm-none-eabi/4.9.3/armv6-m\libgcc.a(_dvmd_tls.o)
 .ARM.attributes
                0x00000465       0x2c c:/program files (x86)/cypress/psoc creator/3.3/psoc creator/import/gnu/arm/4.9.3/bin/../lib/gcc/arm-none-eabi/4.9.3/../../../../arm-none-eabi/lib/armv6-m\libg_nano.a(lib_a-errno.o)
 .ARM.attributes
                0x00000491       0x2c c:/program files (x86)/cypress/psoc creator/3.3/psoc creator/import/gnu/arm/4.9.3/bin/../lib/gcc/arm-none-eabi/4.9.3/../../../../arm-none-eabi/lib/armv6-m\libg_nano.a(lib_a-exit.o)
 .ARM.attributes
                0x000004bd       0x2c c:/program files (x86)/cypress/psoc creator/3.3/psoc creator/import/gnu/arm/4.9.3/bin/../lib/gcc/arm-none-eabi/4.9.3/../../../../arm-none-eabi/lib/armv6-m\libg_nano.a(lib_a-impure.o)
 .ARM.attributes
                0x000004e9       0x2c c:/program files (x86)/cypress/psoc creator/3.3/psoc creator/import/gnu/arm/4.9.3/bin/../lib/gcc/arm-none-eabi/4.9.3/../../../../arm-none-eabi/lib/armv6-m\libg_nano.a(lib_a-init.o)
 .ARM.attributes
                0x00000515       0x2c c:/program files (x86)/cypress/psoc creator/3.3/psoc creator/import/gnu/arm/4.9.3/bin/../lib/gcc/arm-none-eabi/4.9.3/../../../../arm-none-eabi/lib/armv6-m\libg_nano.a(lib_a-memcpy.o)
 .ARM.attributes
                0x00000541       0x2c c:/program files (x86)/cypress/psoc creator/3.3/psoc creator/import/gnu/arm/4.9.3/bin/../lib/gcc/arm-none-eabi/4.9.3/../../../../arm-none-eabi/lib/armv6-m\libg_nano.a(lib_a-memset.o)
 .ARM.attributes
                0x0000056d       0x2c c:/program files (x86)/cypress/psoc creator/3.3/psoc creator/import/gnu/arm/4.9.3/bin/../lib/gcc/arm-none-eabi/4.9.3/armv6-m/crtend.o
 .ARM.attributes
                0x00000599       0x1e c:/program files (x86)/cypress/psoc creator/3.3/psoc creator/import/gnu/arm/4.9.3/bin/../lib/gcc/arm-none-eabi/4.9.3/armv6-m/crtn.o

/DISCARD/
 *(.note.GNU-stack)
OUTPUT(.\CortexM0\ARM_GCC_493\Debug\ECG Simulator.elf elf32-littlearm)
