Archive member included because of file (symbol)

.\CortexM0\ARM_GCC_493\Debug\mavg_filter_lavpas_filter.a(cyfitter_cfg.o)
                              .\CortexM0\ARM_GCC_493\Debug\Cm0Start.o (cyfitter_cfg)
.\CortexM0\ARM_GCC_493\Debug\mavg_filter_lavpas_filter.a(UART_RX_ISR.o)
                              .\CortexM0\ARM_GCC_493\Debug\main.o (UART_RX_ISR_StartEx)
.\CortexM0\ARM_GCC_493\Debug\mavg_filter_lavpas_filter.a(UART.o)
                              .\CortexM0\ARM_GCC_493\Debug\main.o (UART_Start)
.\CortexM0\ARM_GCC_493\Debug\mavg_filter_lavpas_filter.a(UART_SPI_UART.o)
                              .\CortexM0\ARM_GCC_493\Debug\main.o (UART_SpiUartWriteTxData)
.\CortexM0\ARM_GCC_493\Debug\mavg_filter_lavpas_filter.a(UART_UART.o)
                              .\CortexM0\ARM_GCC_493\Debug\mavg_filter_lavpas_filter.a(UART.o) (UART_UartInit)
.\CortexM0\ARM_GCC_493\Debug\mavg_filter_lavpas_filter.a(UART_BLE_RX_ISR.o)
                              .\CortexM0\ARM_GCC_493\Debug\main.o (UART_BLE_RX_ISR_StartEx)
.\CortexM0\ARM_GCC_493\Debug\mavg_filter_lavpas_filter.a(UART_BLE.o)
                              .\CortexM0\ARM_GCC_493\Debug\main.o (UART_BLE_Start)
.\CortexM0\ARM_GCC_493\Debug\mavg_filter_lavpas_filter.a(UART_BLE_SPI_UART.o)
                              .\CortexM0\ARM_GCC_493\Debug\main.o (UART_BLE_SpiUartWriteTxData)
.\CortexM0\ARM_GCC_493\Debug\mavg_filter_lavpas_filter.a(UART_BLE_UART.o)
                              .\CortexM0\ARM_GCC_493\Debug\mavg_filter_lavpas_filter.a(UART_BLE.o) (UART_BLE_UartInit)
.\CortexM0\ARM_GCC_493\Debug\mavg_filter_lavpas_filter.a(Timer.o)
                              .\CortexM0\ARM_GCC_493\Debug\main.o (Timer_ReadCapture)
.\CortexM0\ARM_GCC_493\Debug\mavg_filter_lavpas_filter.a(Timer_ISR.o)
                              .\CortexM0\ARM_GCC_493\Debug\main.o (Timer_ISR_Enable)
.\CortexM0\ARM_GCC_493\Debug\mavg_filter_lavpas_filter.a(Measure_When_Low.o)
                              .\CortexM0\ARM_GCC_493\Debug\main.o (Measure_When_Low_Write)
.\CortexM0\ARM_GCC_493\Debug\mavg_filter_lavpas_filter.a(CyBootAsmGnu.o)
                              .\CortexM0\ARM_GCC_493\Debug\mavg_filter_lavpas_filter.a(UART_RX_ISR.o) (CyEnterCriticalSection)
.\CortexM0\ARM_GCC_493\Debug\mavg_filter_lavpas_filter.a(CyLib.o)
                              .\CortexM0\ARM_GCC_493\Debug\mavg_filter_lavpas_filter.a(cyfitter_cfg.o) (CyIntEnable)
.\CortexM0\ARM_GCC_493\Debug\mavg_filter_lavpas_filter.a(cyPm.o)
                              .\CortexM0\ARM_GCC_493\Debug\main.o (CySysPmSleep)
.\CortexM0\ARM_GCC_493\Debug\mavg_filter_lavpas_filter.a(CyLFClk.o)
                              .\CortexM0\ARM_GCC_493\Debug\mavg_filter_lavpas_filter.a(CyLib.o) (CySysClkWcoEnabled)
.\CortexM0\ARM_GCC_493\Debug\mavg_filter_lavpas_filter.a(CyFlash.o)
                              .\CortexM0\ARM_GCC_493\Debug\mavg_filter_lavpas_filter.a(CyLib.o) (CySysFlashSetWaitCycles)
c:/program files (x86)/cypress/psoc creator/3.3/psoc creator/import/gnu/arm/4.9.3/bin/../lib/gcc/arm-none-eabi/4.9.3/armv6-m\libgcc.a(_udivsi3.o)
                              .\CortexM0\ARM_GCC_493\Debug\mavg_filter_lavpas_filter.a(CyLib.o) (__aeabi_uidiv)
c:/program files (x86)/cypress/psoc creator/3.3/psoc creator/import/gnu/arm/4.9.3/bin/../lib/gcc/arm-none-eabi/4.9.3/armv6-m\libgcc.a(_dvmd_tls.o)
                              c:/program files (x86)/cypress/psoc creator/3.3/psoc creator/import/gnu/arm/4.9.3/bin/../lib/gcc/arm-none-eabi/4.9.3/armv6-m\libgcc.a(_udivsi3.o) (__aeabi_idiv0)
c:/program files (x86)/cypress/psoc creator/3.3/psoc creator/import/gnu/arm/4.9.3/bin/../lib/gcc/arm-none-eabi/4.9.3/armv6-m\libgcc.a(_arm_cmpdf2.o)
                              .\CortexM0\ARM_GCC_493\Debug\main.o (__aeabi_dcmpgt)
c:/program files (x86)/cypress/psoc creator/3.3/psoc creator/import/gnu/arm/4.9.3/bin/../lib/gcc/arm-none-eabi/4.9.3/armv6-m\libgcc.a(_fixunsdfsi.o)
                              .\CortexM0\ARM_GCC_493\Debug\main.o (__aeabi_d2uiz)
c:/program files (x86)/cypress/psoc creator/3.3/psoc creator/import/gnu/arm/4.9.3/bin/../lib/gcc/arm-none-eabi/4.9.3/armv6-m\libgcc.a(adddf3.o)
                              .\CortexM0\ARM_GCC_493\Debug\main.o (__aeabi_dadd)
c:/program files (x86)/cypress/psoc creator/3.3/psoc creator/import/gnu/arm/4.9.3/bin/../lib/gcc/arm-none-eabi/4.9.3/armv6-m\libgcc.a(eqdf2.o)
                              c:/program files (x86)/cypress/psoc creator/3.3/psoc creator/import/gnu/arm/4.9.3/bin/../lib/gcc/arm-none-eabi/4.9.3/armv6-m\libgcc.a(_arm_cmpdf2.o) (__eqdf2)
c:/program files (x86)/cypress/psoc creator/3.3/psoc creator/import/gnu/arm/4.9.3/bin/../lib/gcc/arm-none-eabi/4.9.3/armv6-m\libgcc.a(gedf2.o)
                              c:/program files (x86)/cypress/psoc creator/3.3/psoc creator/import/gnu/arm/4.9.3/bin/../lib/gcc/arm-none-eabi/4.9.3/armv6-m\libgcc.a(_arm_cmpdf2.o) (__gedf2)
[...]
Memory Configuration

Name             Origin             Length             Attributes
rom              0x00000000         0x00020000         xr
ram              0x20000000         0x00004000         xrw
*default*        0x00000000         0xffffffff

Linker script and memory map

LOAD c:/program files (x86)/cypress/psoc creator/3.3/psoc creator/import/gnu/arm/4.9.3/bin/../lib/gcc/arm-none-eabi/4.9.3/armv6-m/crti.o
LOAD c:/program files (x86)/cypress/psoc creator/3.3/psoc creator/import/gnu/arm/4.9.3/bin/../lib/gcc/arm-none-eabi/4.9.3/armv6-m/crtbegin.o
LOAD c:/program files (x86)/cypress/psoc creator/3.3/psoc creator/import/gnu/arm/4.9.3/bin/../lib/gcc/arm-none-eabi/4.9.3/../../../../arm-none-eabi/lib/armv6-m/crt0.o
START GROUP
LOAD .\CortexM0\ARM_GCC_493\Debug\main.o
LOAD .\CortexM0\ARM_GCC_493\Debug\cymetadata.o
LOAD .\CortexM0\ARM_GCC_493\Debug\Cm0Start.o
LOAD .\CortexM0\ARM_GCC_493\Debug\mavg_filter_lavpas_filter.a
LOAD C:\Program Files (x86)\Cypress\PSoC Creator\3.3\PSoC Creator\psoc\content\cycomponentlibrary\CyComponentLibrary.cylib\CortexM0\ARM_GCC_493\Debug\CyComponentLibrary.a
END GROUP
START GROUP
LOAD c:/program files (x86)/cypress/psoc creator/3.3/psoc creator/import/gnu/arm/4.9.3/bin/../lib/gcc/arm-none-eabi/4.9.3/armv6-m\libgcc.a
LOAD c:/program files (x86)/cypress/psoc creator/3.3/psoc creator/import/gnu/arm/4.9.3/bin/../lib/gcc/arm-none-eabi/4.9.3/../../../../arm-none-eabi/lib/armv6-m\libg_nano.a
LOAD c:/program files (x86)/cypress/psoc creator/3.3/psoc creator/import/gnu/arm/4.9.3/bin/../lib/gcc/arm-none-eabi/4.9.3/../../../../arm-none-eabi/lib/armv6-m\libc_nano.a
END GROUP
START GROUP
LOAD c:/program files (x86)/cypress/psoc creator/3.3/psoc creator/import/gnu/arm/4.9.3/bin/../lib/gcc/arm-none-eabi/4.9.3/armv6-m\libgcc.a
LOAD c:/program files (x86)/cypress/psoc creator/3.3/psoc creator/import/gnu/arm/4.9.3/bin/../lib/gcc/arm-none-eabi/4.9.3/../../../../arm-none-eabi/lib/armv6-m\libc_nano.a
END GROUP
LOAD c:/program files (x86)/cypress/psoc creator/3.3/psoc creator/import/gnu/arm/4.9.3/bin/../lib/gcc/arm-none-eabi/4.9.3/armv6-m/crtend.o
LOAD c:/program files (x86)/cypress/psoc creator/3.3/psoc creator/import/gnu/arm/4.9.3/bin/../lib/gcc/arm-none-eabi/4.9.3/armv6-m/crtn.o
START GROUP
LOAD c:/program files (x86)/cypress/psoc creator/3.3/psoc creator/import/gnu/arm/4.9.3/bin/../lib/gcc/arm-none-eabi/4.9.3/armv6-m\libgcc.a
LOAD c:/program files (x86)/cypress/psoc creator/3.3/psoc creator/import/gnu/arm/4.9.3/bin/../lib/gcc/arm-none-eabi/4.9.3/../../../../arm-none-eabi/lib/armv6-m\libc.a
LOAD c:/program files (x86)/cypress/psoc creator/3.3/psoc creator/import/gnu/arm/4.9.3/bin/../lib/gcc/arm-none-eabi/4.9.3/../../../../arm-none-eabi/lib/armv6-m\libnosys.a
END GROUP
                0x00000000                CY_APPL_ORIGIN = 0x0
                0x00000080                CY_FLASH_ROW_SIZE = 0x80
                0x00000001                CY_APPL_NUM = 0x1
                0x00000001                CY_APPL_MAX = 0x1
                0x00000040                CY_METADATA_SIZE = 0x40
                0x00000000                CY_APPL_LOADABLE = 0x0
                0x00000000                CY_CHECKSUM_EXCLUDE_SIZE = ALIGN (0x0, CY_FLASH_ROW_SIZE)
                0x00000000                CY_APP_FOR_STACK_AND_COPIER = 0x0
                0x20000270                PROVIDE (__cy_heap_start, _end)
                0x00000001                PROVIDE (__cy_region_num, ((__cy_regions_end - __cy_regions) / 0x10))
                0x20004000                PROVIDE (__cy_stack, (ORIGIN (ram) + 0x4000))
                0x20003800                PROVIDE (__cy_heap_end, (__cy_stack - 0x800))

.cybootloader   0x00000000        0x0
 *(.cybootloader)
                0x00000000                appl1_start = CY_APPL_ORIGIN?CY_APPL_ORIGIN:ALIGN (CY_FLASH_ROW_SIZE)
                0x0000ff80                appl2_start = (appl1_start + ALIGN ((((0x20000 - appl1_start) - (0x2 * CY_FLASH_ROW_SIZE)) / 0x2), CY_FLASH_ROW_SIZE))
                0x00000000                appl_start = (CY_APPL_NUM == 0x1)?appl1_start:appl2_start
                0x00000001                cy_project_type_bootloader = (appl_start == 0x0)?0x1:0x0
                0x00000000                cy_project_type_app_for_stack_and_copier = (CY_APP_FOR_STACK_AND_COPIER == 0x1)?0x1:0x0

.text           0x00000000     0x261c
 CREATE_OBJECT_SYMBOLS
                0x00000000                PROVIDE (__cy_interrupt_vector, RomVectors)
 *(.romvectors)
 .romvectors    0x00000000       0x10 .\CortexM0\ARM_GCC_493\Debug\Cm0Start.o
                0x00000000                RomVectors
                0x00000001                ASSERT ((. != __cy_interrupt_vector), No interrupt vector)
                0x00000001                ASSERT (CY_APPL_ORIGIN?(SIZEOF (.cybootloader) <= CY_APPL_ORIGIN):0x1, Wrong image location)
                0x00000010                PROVIDE (__cy_reset, Reset)
 *(.text.Reset)
 .text.Reset    0x00000010        0x8 .\CortexM0\ARM_GCC_493\Debug\Cm0Start.o
                0x00000010                Reset
                0x00000001                ASSERT ((. != __cy_reset), No reset code)
 *(.psocinit)
 .psocinit      0x00000018      0x190 .\CortexM0\ARM_GCC_493\Debug\mavg_filter_lavpas_filter.a(cyfitter_cfg.o)
                0x000000cc                cyfitter_cfg
                0x000001a8                . = MAX (., 0x100)
 *(.text .text.* .gnu.linkonce.t.*)
 .text          0x000001a8       0x60 c:/program files (x86)/cypress/psoc creator/3.3/psoc creator/import/gnu/arm/4.9.3/bin/../lib/gcc/arm-none-eabi/4.9.3/armv6-m/crtbegin.o
 .text.BLE_RX_interrupt
                0x00000208       0x1c .\CortexM0\ARM_GCC_493\Debug\main.o
                0x00000208                BLE_RX_interrupt
 .text.Timer_interrupt
                0x00000224       0x10 .\CortexM0\ARM_GCC_493\Debug\main.o
                0x00000224                Timer_interrupt
 .text.mavg_filter
                0x00000234       0x98 .\CortexM0\ARM_GCC_493\Debug\main.o
                0x00000234                mavg_filter
 .text.RX_interrupt
                0x000002cc       0xb4 .\CortexM0\ARM_GCC_493\Debug\main.o
                0x000002cc                RX_interrupt
 .text.main     0x00000380       0x3c .\CortexM0\ARM_GCC_493\Debug\main.o
                0x00000380                main
 .text.IntDefaultHandler
                0x000003bc        0x4 .\CortexM0\ARM_GCC_493\Debug\Cm0Start.o
                0x000003bc                IntDefaultHandler
 .text.Start_c  0x000003c0       0x48 .\CortexM0\ARM_GCC_493\Debug\Cm0Start.o
                0x000003c0                Start_c
 .text.initialize_psoc
                0x00000408       0x54 .\CortexM0\ARM_GCC_493\Debug\Cm0Start.o
                0x00000408                initialize_psoc
 .text.cfg_write_bytes32
                0x0000045c       0x34 .\CortexM0\ARM_GCC_493\Debug\mavg_filter_lavpas_filter.a(cyfitter_cfg.o)
 .text.AnalogSetDefault
                0x00000490       0x20 .\CortexM0\ARM_GCC_493\Debug\mavg_filter_lavpas_filter.a(cyfitter_cfg.o)
 .text.CYMEMZERO
                0x000004b0        0xc .\CortexM0\ARM_GCC_493\Debug\mavg_filter_lavpas_filter.a(cyfitter_cfg.o)
 .text.UART_RX_ISR_SetVector
                0x000004bc        0xc .\CortexM0\ARM_GCC_493\Debug\mavg_filter_lavpas_filter.a(UART_RX_ISR.o)
                0x000004bc                UART_RX_ISR_SetVector
 .text.UART_RX_ISR_SetPriority
                0x000004c8       0x20 .\CortexM0\ARM_GCC_493\Debug\mavg_filter_lavpas_filter.a(UART_RX_ISR.o)
                0x000004c8                UART_RX_ISR_SetPriority
 .text.UART_RX_ISR_Enable
                0x000004e8       0x10 .\CortexM0\ARM_GCC_493\Debug\mavg_filter_lavpas_filter.a(UART_RX_ISR.o)
                0x000004e8                UART_RX_ISR_Enable
 .text.UART_RX_ISR_Disable
                0x000004f8       0x10 .\CortexM0\ARM_GCC_493\Debug\mavg_filter_lavpas_filter.a(UART_RX_ISR.o)
                0x000004f8                UART_RX_ISR_Disable
 .text.UART_RX_ISR_StartEx
                0x00000508       0x1c .\CortexM0\ARM_GCC_493\Debug\mavg_filter_lavpas_filter.a(UART_RX_ISR.o)
                0x00000508                UART_RX_ISR_StartEx
 .text.UART_ScbModePostEnable
                0x00000524        0x8 .\CortexM0\ARM_GCC_493\Debug\mavg_filter_lavpas_filter.a(UART.o)
 .text.UART_Init
                0x0000052c        0x8 .\CortexM0\ARM_GCC_493\Debug\mavg_filter_lavpas_filter.a(UART.o)
                0x0000052c                UART_Init
 .text.UART_Enable
                0x00000534       0x18 .\CortexM0\ARM_GCC_493\Debug\mavg_filter_lavpas_filter.a(UART.o)
                0x00000534                UART_Enable
 .text.UART_Start
                0x0000054c       0x20 .\CortexM0\ARM_GCC_493\Debug\mavg_filter_lavpas_filter.a(UART.o)
                0x0000054c                UART_Start
 .text.UART_SpiUartReadRxData
                0x0000056c        0xc .\CortexM0\ARM_GCC_493\Debug\mavg_filter_lavpas_filter.a(UART_SPI_UART.o)
                0x0000056c                UART_SpiUartReadRxData
 .text.UART_SpiUartGetRxBufferSize
                0x00000578       0x10 .\CortexM0\ARM_GCC_493\Debug\mavg_filter_lavpas_filter.a(UART_SPI_UART.o)
                0x00000578                UART_SpiUartGetRxBufferSize
 .text.UART_SpiUartWriteTxData
                0x00000588       0x1c .\CortexM0\ARM_GCC_493\Debug\mavg_filter_lavpas_filter.a(UART_SPI_UART.o)
                0x00000588                UART_SpiUartWriteTxData
 .text.UART_UartInit
                0x000005a4       0x98 .\CortexM0\ARM_GCC_493\Debug\mavg_filter_lavpas_filter.a(UART_UART.o)
                0x000005a4                UART_UartInit
 .text.UART_UartPostEnable
                0x0000063c       0x14 .\CortexM0\ARM_GCC_493\Debug\mavg_filter_lavpas_filter.a(UART_UART.o)
                0x0000063c                UART_UartPostEnable
 .text.UART_UartGetChar
                0x00000650       0x2c .\CortexM0\ARM_GCC_493\Debug\mavg_filter_lavpas_filter.a(UART_UART.o)
                0x00000650                UART_UartGetChar
 .text.UART_BLE_RX_ISR_SetVector
                0x0000067c        0xc .\CortexM0\ARM_GCC_493\Debug\mavg_filter_lavpas_filter.a(UART_BLE_RX_ISR.o)
                0x0000067c                UART_BLE_RX_ISR_SetVector
 .text.UART_BLE_RX_ISR_SetPriority
                0x00000688       0x24 .\CortexM0\ARM_GCC_493\Debug\mavg_filter_lavpas_filter.a(UART_BLE_RX_ISR.o)
                0x00000688                UART_BLE_RX_ISR_SetPriority
 .text.UART_BLE_RX_ISR_Enable
                0x000006ac       0x10 .\CortexM0\ARM_GCC_493\Debug\mavg_filter_lavpas_filter.a(UART_BLE_RX_ISR.o)
                0x000006ac                UART_BLE_RX_ISR_Enable
 .text.UART_BLE_RX_ISR_Disable
                0x000006bc       0x10 .\CortexM0\ARM_GCC_493\Debug\mavg_filter_lavpas_filter.a(UART_BLE_RX_ISR.o)
                0x000006bc                UART_BLE_RX_ISR_Disable
 .text.UART_BLE_RX_ISR_StartEx
                0x000006cc       0x1c .\CortexM0\ARM_GCC_493\Debug\mavg_filter_lavpas_filter.a(UART_BLE_RX_ISR.o)
                0x000006cc                UART_BLE_RX_ISR_StartEx
 .text.UART_BLE_ScbModePostEnable
                0x000006e8        0x8 .\CortexM0\ARM_GCC_493\Debug\mavg_filter_lavpas_filter.a(UART_BLE.o)
 .text.UART_BLE_Init
                0x000006f0        0x8 .\CortexM0\ARM_GCC_493\Debug\mavg_filter_lavpas_filter.a(UART_BLE.o)
                0x000006f0                UART_BLE_Init
 .text.UART_BLE_Enable
                0x000006f8       0x18 .\CortexM0\ARM_GCC_493\Debug\mavg_filter_lavpas_filter.a(UART_BLE.o)
                0x000006f8                UART_BLE_Enable
 .text.UART_BLE_Start
                0x00000710       0x20 .\CortexM0\ARM_GCC_493\Debug\mavg_filter_lavpas_filter.a(UART_BLE.o)
                0x00000710                UART_BLE_Start
 .text.UART_BLE_SpiUartReadRxData
                0x00000730        0xc .\CortexM0\ARM_GCC_493\Debug\mavg_filter_lavpas_filter.a(UART_BLE_SPI_UART.o)
                0x00000730                UART_BLE_SpiUartReadRxData
 .text.UART_BLE_SpiUartGetRxBufferSize
                0x0000073c       0x10 .\CortexM0\ARM_GCC_493\Debug\mavg_filter_lavpas_filter.a(UART_BLE_SPI_UART.o)
                0x0000073c                UART_BLE_SpiUartGetRxBufferSize
 .text.UART_BLE_SpiUartWriteTxData
                0x0000074c       0x1c .\CortexM0\ARM_GCC_493\Debug\mavg_filter_lavpas_filter.a(UART_BLE_SPI_UART.o)
                0x0000074c                UART_BLE_SpiUartWriteTxData
 .text.UART_BLE_UartInit
                0x00000768       0x98 .\CortexM0\ARM_GCC_493\Debug\mavg_filter_lavpas_filter.a(UART_BLE_UART.o)
                0x00000768                UART_BLE_UartInit
 .text.UART_BLE_UartPostEnable
                0x00000800       0x14 .\CortexM0\ARM_GCC_493\Debug\mavg_filter_lavpas_filter.a(UART_BLE_UART.o)
                0x00000800                UART_BLE_UartPostEnable
 .text.UART_BLE_UartGetChar
                0x00000814       0x2c .\CortexM0\ARM_GCC_493\Debug\mavg_filter_lavpas_filter.a(UART_BLE_UART.o)
                0x00000814                UART_BLE_UartGetChar
 .text.UART_BLE_UartPutString
                0x00000840       0x18 .\CortexM0\ARM_GCC_493\Debug\mavg_filter_lavpas_filter.a(UART_BLE_UART.o)
                0x00000840                UART_BLE_UartPutString
 .text.Timer_Enable
                0x00000858       0x1c .\CortexM0\ARM_GCC_493\Debug\mavg_filter_lavpas_filter.a(Timer.o)
                0x00000858                Timer_Enable
 .text.Timer_WriteCounter
                0x00000874       0x10 .\CortexM0\ARM_GCC_493\Debug\mavg_filter_lavpas_filter.a(Timer.o)
                0x00000874                Timer_WriteCounter
 .text.Timer_WritePeriod
                0x00000884       0x10 .\CortexM0\ARM_GCC_493\Debug\mavg_filter_lavpas_filter.a(Timer.o)
                0x00000884                Timer_WritePeriod
 .text.Timer_ReadCapture
                0x00000894       0x10 .\CortexM0\ARM_GCC_493\Debug\mavg_filter_lavpas_filter.a(Timer.o)
                0x00000894                Timer_ReadCapture
 .text.Timer_SetInterruptMode
                0x000008a4        0xc .\CortexM0\ARM_GCC_493\Debug\mavg_filter_lavpas_filter.a(Timer.o)
                0x000008a4                Timer_SetInterruptMode
 .text.Timer_Init
                0x000008b0       0x34 .\CortexM0\ARM_GCC_493\Debug\mavg_filter_lavpas_filter.a(Timer.o)
                0x000008b0                Timer_Init
 .text.Timer_Start
                0x000008e4       0x20 .\CortexM0\ARM_GCC_493\Debug\mavg_filter_lavpas_filter.a(Timer.o)
                0x000008e4                Timer_Start
 .text.Timer_ISR_SetVector
                0x00000904        0xc .\CortexM0\ARM_GCC_493\Debug\mavg_filter_lavpas_filter.a(Timer_ISR.o)
                0x00000904                Timer_ISR_SetVector
 .text.Timer_ISR_SetPriority
                0x00000910       0x20 .\CortexM0\ARM_GCC_493\Debug\mavg_filter_lavpas_filter.a(Timer_ISR.o)
                0x00000910                Timer_ISR_SetPriority
 .text.Timer_ISR_Enable
                0x00000930       0x10 .\CortexM0\ARM_GCC_493\Debug\mavg_filter_lavpas_filter.a(Timer_ISR.o)
                0x00000930                Timer_ISR_Enable
 .text.Timer_ISR_Disable
                0x00000940       0x10 .\CortexM0\ARM_GCC_493\Debug\mavg_filter_lavpas_filter.a(Timer_ISR.o)
                0x00000940                Timer_ISR_Disable
 .text.Timer_ISR_StartEx
                0x00000950       0x1c .\CortexM0\ARM_GCC_493\Debug\mavg_filter_lavpas_filter.a(Timer_ISR.o)
                0x00000950                Timer_ISR_StartEx
 .text.Measure_When_Low_Write
                0x0000096c        0xc .\CortexM0\ARM_GCC_493\Debug\mavg_filter_lavpas_filter.a(Measure_When_Low.o)
                0x0000096c                Measure_When_Low_Write
 .text          0x00000978       0x20 .\CortexM0\ARM_GCC_493\Debug\mavg_filter_lavpas_filter.a(CyBootAsmGnu.o)
                0x00000978                CyDelayCycles
                0x0000098a                CyEnterCriticalSection
                0x00000992                CyExitCriticalSection
 .text.CySysClkImoDisableWcoLock
                0x00000998       0x14 .\CortexM0\ARM_GCC_493\Debug\mavg_filter_lavpas_filter.a(CyLib.o)
                0x00000998                CySysClkImoDisableWcoLock
 .text.CySysClkImoGetWcoLock
                0x000009ac       0x14 .\CortexM0\ARM_GCC_493\Debug\mavg_filter_lavpas_filter.a(CyLib.o)
                0x000009ac                CySysClkImoGetWcoLock
 .text.CyIntEnable
                0x000009c0       0x14 .\CortexM0\ARM_GCC_493\Debug\mavg_filter_lavpas_filter.a(CyLib.o)
                0x000009c0                CyIntEnable
 .text.CyHalt   0x000009d4        0x4 .\CortexM0\ARM_GCC_493\Debug\mavg_filter_lavpas_filter.a(CyLib.o)
                0x000009d4                CyHalt
 .text.CyIntSetVector
                0x000009d8       0x24 .\CortexM0\ARM_GCC_493\Debug\mavg_filter_lavpas_filter.a(CyLib.o)
                0x000009d8                CyIntSetVector
 .text.CyDelay  0x000009fc       0x30 .\CortexM0\ARM_GCC_493\Debug\mavg_filter_lavpas_filter.a(CyLib.o)
                0x000009fc                CyDelay
 .text.CySysClkImoEnableWcoLock
                0x00000a2c       0xe8 .\CortexM0\ARM_GCC_493\Debug\mavg_filter_lavpas_filter.a(CyLib.o)
                0x00000a2c                CySysClkImoEnableWcoLock
 .text.CySysClkWriteImoFreq
                0x00000b14       0x80 .\CortexM0\ARM_GCC_493\Debug\mavg_filter_lavpas_filter.a(CyLib.o)
                0x00000b14                CySysClkWriteImoFreq
 .text.CySysPmSleep
                0x00000b94       0x1c .\CortexM0\ARM_GCC_493\Debug\mavg_filter_lavpas_filter.a(cyPm.o)
                0x00000b94                CySysPmSleep
 .text.CySysWdtLocked
                0x00000bb0       0x14 .\CortexM0\ARM_GCC_493\Debug\mavg_filter_lavpas_filter.a(CyLFClk.o)
 .text.CySysClkWcoEnabled
                0x00000bc4       0x14 .\CortexM0\ARM_GCC_493\Debug\mavg_filter_lavpas_filter.a(CyLFClk.o)
                0x00000bc4                CySysClkWcoEnabled
 .text.CySysWdtLock
                0x00000bd8       0x1c .\CortexM0\ARM_GCC_493\Debug\mavg_filter_lavpas_filter.a(CyLFClk.o)
                0x00000bd8                CySysWdtLock
 .text.CySysWdtUnlock
                0x00000bf4       0x30 .\CortexM0\ARM_GCC_493\Debug\mavg_filter_lavpas_filter.a(CyLFClk.o)
                0x00000bf4                CySysWdtUnlock
 .text.CySysWdtClearInterrupt
                0x00000c24       0x4c .\CortexM0\ARM_GCC_493\Debug\mavg_filter_lavpas_filter.a(CyLFClk.o)
                0x00000c24                CySysWdtClearInterrupt
 .text.CySysWdtIsr
                0x00000c70       0xa4 .\CortexM0\ARM_GCC_493\Debug\mavg_filter_lavpas_filter.a(CyLFClk.o)
                0x00000c70                CySysWdtIsr
 .text.CySysFlashSetWaitCycles
                0x00000d14       0x54 .\CortexM0\ARM_GCC_493\Debug\mavg_filter_lavpas_filter.a(CyFlash.o)
                0x00000d14                CySysFlashSetWaitCycles
 .text          0x00000d68      0x120 c:/program files (x86)/cypress/psoc creator/3.3/psoc creator/import/gnu/arm/4.9.3/bin/../lib/gcc/arm-none-eabi/4.9.3/armv6-m\libgcc.a(_udivsi3.o)
                0x00000d68                __aeabi_uidiv
                0x00000d68                __udivsi3
                0x00000e74                __aeabi_uidivmod
 .text          0x00000e88        0x4 c:/program files (x86)/cypress/psoc creator/3.3/psoc creator/import/gnu/arm/4.9.3/bin/../lib/gcc/arm-none-eabi/4.9.3/armv6-m\libgcc.a(_dvmd_tls.o)
                0x00000e88                __aeabi_idiv0
                0x00000e88                __aeabi_ldiv0
 .text          0x00000e8c       0x7c c:/program files (x86)/cypress/psoc creator/3.3/psoc creator/import/gnu/arm/4.9.3/bin/../lib/gcc/arm-none-eabi/4.9.3/armv6-m\libgcc.a(_arm_cmpdf2.o)
                0x00000e8c                __aeabi_cdrcmple
                0x00000e9c                __aeabi_cdcmple
                0x00000e9c                __aeabi_cdcmpeq
                0x00000eac                __aeabi_dcmpeq
                0x00000eb8                __aeabi_dcmplt
                0x00000ecc                __aeabi_dcmple
                0x00000ee0                __aeabi_dcmpgt
                0x00000ef4                __aeabi_dcmpge
 .text          0x00000f08       0x3c c:/program files (x86)/cypress/psoc creator/3.3/psoc creator/import/gnu/arm/4.9.3/bin/../lib/gcc/arm-none-eabi/4.9.3/armv6-m\libgcc.a(_fixunsdfsi.o)
                0x00000f08                __aeabi_d2uiz
                0x00000f08                __fixunsdfsi
 .text          0x00000f44      0x650 c:/program files (x86)/cypress/psoc creator/3.3/psoc creator/import/gnu/arm/4.9.3/bin/../lib/gcc/arm-none-eabi/4.9.3/armv6-m\libgcc.a(adddf3.o)
                0x00000f44                __aeabi_dadd
 .text          0x00001594       0x88 c:/program files (x86)/cypress/psoc creator/3.3/psoc creator/import/gnu/arm/4.9.3/bin/../lib/gcc/arm-none-eabi/4.9.3/armv6-m\libgcc.a(eqdf2.o)
                0x00001594                __nedf2
                0x00001594                __eqdf2
 .text          0x0000161c       0xe0 c:/program files (x86)/cypress/psoc creator/3.3/psoc creator/import/gnu/arm/4.9.3/bin/../lib/gcc/arm-none-eabi/4.9.3/armv6-m\libgcc.a(gedf2.o)
                0x0000161c                __gedf2
                0x0000161c                __gtdf2
 .text          0x000016fc       0xcc c:/program files (x86)/cypress/psoc creator/3.3/psoc creator/import/gnu/arm/4.9.3/bin/../lib/gcc/arm-none-eabi/4.9.3/armv6-m\libgcc.a(ledf2.o)
                0x000016fc                __ledf2
                0x000016fc                __ltdf2
 .text          0x000017c8      0x534 c:/program files (x86)/cypress/psoc creator/3.3/psoc creator/import/gnu/arm/4.9.3/bin/../lib/gcc/arm-none-eabi/4.9.3/armv6-m\libgcc.a(muldf3.o)
                0x000017c8                __aeabi_dmul
 .text          0x00001cfc      0x6f4 c:/program files (x86)/cypress/psoc creator/3.3/psoc creator/import/gnu/arm/4.9.3/bin/../lib/gcc/arm-none-eabi/4.9.3/armv6-m\libgcc.a(subdf3.o)
                0x00001cfc                __aeabi_dsub
 .text          0x000023f0       0x6c c:/program files (x86)/cypress/psoc creator/3.3/psoc creator/import/gnu/arm/4.9.3/bin/../lib/gcc/arm-none-eabi/4.9.3/armv6-m\libgcc.a(fixdfsi.o)
                0x000023f0                __aeabi_d2iz
 .text          0x0000245c       0x78 c:/program files (x86)/cypress/psoc creator/3.3/psoc creator/import/gnu/arm/4.9.3/bin/../lib/gcc/arm-none-eabi/4.9.3/armv6-m\libgcc.a(floatsidf.o)
                0x0000245c                __aeabi_i2d
 .text          0x000024d4       0x3c c:/program files (x86)/cypress/psoc creator/3.3/psoc creator/import/gnu/arm/4.9.3/bin/../lib/gcc/arm-none-eabi/4.9.3/armv6-m\libgcc.a(_clzsi2.o)
                0x000024d4                __clzsi2
 .text.__libc_init_array
                0x00002510       0x4c c:/program files (x86)/cypress/psoc creator/3.3/psoc creator/import/gnu/arm/4.9.3/bin/../lib/gcc/arm-none-eabi/4.9.3/../../../../arm-none-eabi/lib/armv6-m\libg_nano.a(lib_a-init.o)
                0x00002510                __libc_init_array
 .text.__itoa   0x0000255c       0x2e c:/program files (x86)/cypress/psoc creator/3.3/psoc creator/import/gnu/arm/4.9.3/bin/../lib/gcc/arm-none-eabi/4.9.3/../../../../arm-none-eabi/lib/armv6-m\libg_nano.a(lib_a-itoa.o)
                0x0000255c                __itoa
 .text.itoa     0x0000258a        0x8 c:/program files (x86)/cypress/psoc creator/3.3/psoc creator/import/gnu/arm/4.9.3/bin/../lib/gcc/arm-none-eabi/4.9.3/../../../../arm-none-eabi/lib/armv6-m\libg_nano.a(lib_a-itoa.o)
                0x0000258a                itoa
 .text.memcpy   0x00002592       0x12 c:/program files (x86)/cypress/psoc creator/3.3/psoc creator/import/gnu/arm/4.9.3/bin/../lib/gcc/arm-none-eabi/4.9.3/../../../../arm-none-eabi/lib/armv6-m\libg_nano.a(lib_a-memcpy.o)
                0x00002592                memcpy
 .text.memset   0x000025a4       0x10 c:/program files (x86)/cypress/psoc creator/3.3/psoc creator/import/gnu/arm/4.9.3/bin/../lib/gcc/arm-none-eabi/4.9.3/../../../../arm-none-eabi/lib/armv6-m\libg_nano.a(lib_a-memset.o)
                0x000025a4                memset
 .text.__utoa   0x000025b4       0x68 c:/program files (x86)/cypress/psoc creator/3.3/psoc creator/import/gnu/arm/4.9.3/bin/../lib/gcc/arm-none-eabi/4.9.3/../../../../arm-none-eabi/lib/armv6-m\libg_nano.a(lib_a-utoa.o)
                0x000025b4                __utoa
 *(.plt)
 *(.gnu.warning)
 *(.glue_7t)
 .glue_7t       0x00000000        0x0 linker stubs
 *(.glue_7)
 .glue_7        0x00000000        0x0 linker stubs
 *(.vfp11_veneer)
 .vfp11_veneer  0x00000000        0x0 linker stubs
 *(.bootloader)
 *(.ARM.extab* .gnu.linkonce.armextab.*)
 *(.gcc_except_table)

.v4_bx          0x0000261c        0x0
 .v4_bx         0x00000000        0x0 linker stubs

.iplt           0x0000261c        0x0
 .iplt          0x00000000        0x0 c:/program files (x86)/cypress/psoc creator/3.3/psoc creator/import/gnu/arm/4.9.3/bin/../lib/gcc/arm-none-eabi/4.9.3/armv6-m/crtbegin.o

.eh_frame_hdr
 *(.eh_frame_hdr)

.eh_frame       0x0000261c        0x4
 *(.eh_frame)
 .eh_frame      0x0000261c        0x0 c:/program files (x86)/cypress/psoc creator/3.3/psoc creator/import/gnu/arm/4.9.3/bin/../lib/gcc/arm-none-eabi/4.9.3/armv6-m/crtbegin.o
 .eh_frame      0x0000261c        0x4 c:/program files (x86)/cypress/psoc creator/3.3/psoc creator/import/gnu/arm/4.9.3/bin/../lib/gcc/arm-none-eabi/4.9.3/armv6-m/crtend.o
                0x00002620                PROVIDE (__exidx_start, .)

.ARM.exidx
 *(.ARM.exidx* .gnu.linkonce.armexidx.*)
                0x00002620                __exidx_end = .

.rodata         0x00002620      0x118
 *(.rodata .rodata.* .gnu.linkonce.r.*)
 .rodata        0x00002620       0x34 .\CortexM0\ARM_GCC_493\Debug\mavg_filter_lavpas_filter.a(cyfitter_cfg.o)
 .rodata        0x00002654       0x48 .\CortexM0\ARM_GCC_493\Debug\mavg_filter_lavpas_filter.a(CyLib.o)
                0x00002654                cyImoFreqMhz2Reg
                0x00002684                cyImoFreqMhz2DpllOffset
 .rodata        0x0000269c       0x40 c:/program files (x86)/cypress/psoc creator/3.3/psoc creator/import/gnu/arm/4.9.3/bin/../lib/gcc/arm-none-eabi/4.9.3/armv6-m\libgcc.a(muldf3.o)
 .rodata.str1.1
                0x000026dc       0x25 c:/program files (x86)/cypress/psoc creator/3.3/psoc creator/import/gnu/arm/4.9.3/bin/../lib/gcc/arm-none-eabi/4.9.3/../../../../arm-none-eabi/lib/armv6-m\libg_nano.a(lib_a-utoa.o)
                0x00002704                . = ALIGN (0x4)
 *fill*         0x00002701        0x3 
 *(.init)
 .init          0x00002704        0x4 c:/program files (x86)/cypress/psoc creator/3.3/psoc creator/import/gnu/arm/4.9.3/bin/../lib/gcc/arm-none-eabi/4.9.3/armv6-m/crti.o
                0x00002704                _init
 .init          0x00002708        0x8 c:/program files (x86)/cypress/psoc creator/3.3/psoc creator/import/gnu/arm/4.9.3/bin/../lib/gcc/arm-none-eabi/4.9.3/armv6-m/crtn.o
                0x00002710                . = ALIGN (0x4)
                0x00002710                __preinit_array_start = .
 *(.preinit_array)
                0x00002710                __preinit_array_end = .
                0x00002710                . = ALIGN (0x4)
                0x00002710                __init_array_start = .
 *(SORT(.init_array.*))
 *(.init_array)
 .init_array    0x00002710        0x4 c:/program files (x86)/cypress/psoc creator/3.3/psoc creator/import/gnu/arm/4.9.3/bin/../lib/gcc/arm-none-eabi/4.9.3/armv6-m/crtbegin.o
 .init_array    0x00002714        0x4 .\CortexM0\ARM_GCC_493\Debug\Cm0Start.o
                0x00002718                __init_array_end = .
                0x00002718                . = ALIGN (0x4)
 *(.fini)
 .fini          0x00002718        0x4 c:/program files (x86)/cypress/psoc creator/3.3/psoc creator/import/gnu/arm/4.9.3/bin/../lib/gcc/arm-none-eabi/4.9.3/armv6-m/crti.o
                0x00002718                _fini
 .fini          0x0000271c        0x8 c:/program files (x86)/cypress/psoc creator/3.3/psoc creator/import/gnu/arm/4.9.3/bin/../lib/gcc/arm-none-eabi/4.9.3/armv6-m/crtn.o
                0x00002724                . = ALIGN (0x4)
                0x00002724                __fini_array_start = .
 *(.fini_array)
 .fini_array    0x00002724        0x4 c:/program files (x86)/cypress/psoc creator/3.3/psoc creator/import/gnu/arm/4.9.3/bin/../lib/gcc/arm-none-eabi/4.9.3/armv6-m/crtbegin.o
 *(SORT(.fini_array.*))
                0x00002728                __fini_array_end = .
                0x00002728                . = ALIGN (0x4)
 *crtbegin.o(.ctors)
 *(EXCLUDE_FILE(*crtend.o) .ctors)
 *(SORT(.ctors.*))
 *crtend.o(.ctors)
                0x00002728                . = ALIGN (0x4)
 *crtbegin.o(.dtors)
 *(EXCLUDE_FILE(*crtend.o) .dtors)
 *(SORT(.dtors.*))
 *crtend.o(.dtors)
                0x00002728                . = ALIGN (0x4)
                0x00002728                __cy_regions = .
                0x00002728        0x4 LONG 0x2738 __cy_region_init_ram
                0x0000272c        0x4 LONG 0x200000c8 __cy_region_start_data
                0x00002730        0x4 LONG 0xa8 __cy_region_init_size_ram
                0x00002734        0x4 LONG 0x100 __cy_region_zero_size_ram
                0x00002738                __cy_regions_end = .
                0x00002738                . = ALIGN (0x8)
                0x00002738                _etext = .

.cy_checksum_exclude
                0x00002738        0x0
 *(.cy_checksum_exclude)

.ramvectors     0x20000000       0xc0
                0x20000000                __cy_region_start_ram = .
 *(.ramvectors)
 .ramvectors    0x20000000       0xc0 .\CortexM0\ARM_GCC_493\Debug\Cm0Start.o
                0x20000000                CyRamVectors

.noinit         0x200000c0        0x4
 *(.noinit)
 .noinit        0x200000c0        0x4 .\CortexM0\ARM_GCC_493\Debug\Cm0Start.o

.data           0x200000c8       0xa8 load address 0x00002738
                0x200000c8                __cy_region_start_data = .
 *(.jcr)
 .jcr           0x200000c8        0x0 c:/program files (x86)/cypress/psoc creator/3.3/psoc creator/import/gnu/arm/4.9.3/bin/../lib/gcc/arm-none-eabi/4.9.3/armv6-m/crtbegin.o
 .jcr           0x200000c8        0x4 c:/program files (x86)/cypress/psoc creator/3.3/psoc creator/import/gnu/arm/4.9.3/bin/../lib/gcc/arm-none-eabi/4.9.3/armv6-m/crtend.o
 *(.got.plt)
 *(.got)
 *(.shdata)
 *(.data .data.* .gnu.linkonce.d.*)
 *fill*         0x200000cc        0x4 
 .data          0x200000d0       0x88 .\CortexM0\ARM_GCC_493\Debug\main.o
                0x200000d0                b_low
                0x200000e8                a_low
                0x20000100                b_mavg
                0x20000150                FirstCall
 .data          0x20000158       0x10 .\CortexM0\ARM_GCC_493\Debug\mavg_filter_lavpas_filter.a(CyLib.o)
                0x20000158                cydelay32kMs
                0x2000015c                cydelayFreqKhz
                0x20000160                cydelayFreqMhz
                0x20000164                cydelayFreqHz
 .data          0x20000168        0x4 .\CortexM0\ARM_GCC_493\Debug\mavg_filter_lavpas_filter.a(CyLFClk.o)
                0x20000170                . = ALIGN (0x8)
 *fill*         0x2000016c        0x4 
 *(.ram)
                0x20000170                _edata = .

.igot.plt       0x20000170        0x0 load address 0x000027e0
 .igot.plt      0x00000000        0x0 c:/program files (x86)/cypress/psoc creator/3.3/psoc creator/import/gnu/arm/4.9.3/bin/../lib/gcc/arm-none-eabi/4.9.3/armv6-m/crtbegin.o

.bss            0x20000170      0x100 load address 0x000027e0
                0x20000170                PROVIDE (__bss_start__, .)
 *(.shbss)
 *(.bss .bss.* .gnu.linkonce.b.*)
 .bss           0x20000170       0x1c c:/program files (x86)/cypress/psoc creator/3.3/psoc creator/import/gnu/arm/4.9.3/bin/../lib/gcc/arm-none-eabi/4.9.3/armv6-m/crtbegin.o
 *fill*         0x2000018c        0x4 
 .bss           0x20000190       0xa8 .\CortexM0\ARM_GCC_493\Debug\main.o
                0x20000190                counter
                0x20000198                x_low
                0x200001b0                y_low
                0x200001c8                x_mavg
                0x20000218                y_mavg
                0x20000220                i
                0x20000222                current_byte
                0x20000224                value_out
                0x20000228                j
                0x2000022c                y
 .bss           0x20000238        0x1 .\CortexM0\ARM_GCC_493\Debug\mavg_filter_lavpas_filter.a(UART.o)
                0x20000238                UART_initVar
 .bss           0x20000239        0x1 .\CortexM0\ARM_GCC_493\Debug\mavg_filter_lavpas_filter.a(UART_BLE.o)
                0x20000239                UART_BLE_initVar
 .bss           0x2000023a        0x1 .\CortexM0\ARM_GCC_493\Debug\mavg_filter_lavpas_filter.a(Timer.o)
                0x2000023a                Timer_initVar
 *fill*         0x2000023b        0x1 
 .bss           0x2000023c       0x1c .\CortexM0\ARM_GCC_493\Debug\mavg_filter_lavpas_filter.a(CyLFClk.o)
 *(COMMON)
 COMMON         0x20000258       0x14 .\CortexM0\ARM_GCC_493\Debug\main.o
                0x20000258                avg_new
                0x2000025a                unsigned_data
                0x2000025c                newest
                0x2000025e                low_pass_new
                0x20000260                value_in
                0x20000262                signed_data
                0x20000264                old
                0x20000266                pointer
                0x20000268                oldest
                0x2000026a                diff
                0x20000270                . = ALIGN (0x8)
 *fill*         0x2000026c        0x4 
 *(.ram.b)
                0x20000270                _end = .
                0x20000270                __end = .
                0x20000270                PROVIDE (end, .)
                0x20000270                PROVIDE (__bss_end__, .)
                0x00002738                __cy_region_init_ram = LOADADDR (.data)
                0x000000a8                __cy_region_init_size_ram = (_edata - ADDR (.data))
                0x00000100                __cy_region_zero_size_ram = (_end - _edata)

.heap           0x20000270       0x80 load address 0x000027e0
                0x20000270                . = _end
                0x200002f0                . = (. + 0x80)
 *fill*         0x20000270       0x80 
                0x200002f0                __cy_heap_limit = .

.stack          0x20003800      0x800
                0x20003800                __cy_stack_limit = .
                0x20004000                . = (. + 0x800)
 *fill*         0x20003800      0x800 
                0x00000001                ASSERT ((__cy_stack_limit >= __cy_heap_limit), region RAM overflowed with stack)
                0x00000000                cy_checksum_exclude_size = (CY_APPL_LOADABLE == 0x1)?SIZEOF (.cy_checksum_exclude):0x0
                0x00000001                ASSERT ((cy_checksum_exclude_size <= CY_CHECKSUM_EXCLUDE_SIZE), CY_BOOT: Section .cy_checksum_exclude size exceedes specified limit.)
                0x0001ffc0                cyloadermeta_start = (cy_project_type_bootloader || cy_project_type_app_for_stack_and_copier)?(0x20000 - CY_METADATA_SIZE):0xf0000000

.cyloadermeta
 *(.cyloadermeta)
                0x0001ffc0                cyloadablemeta_start = cy_project_type_app_for_stack_and_copier?((0x20000 - CY_FLASH_ROW_SIZE) - CY_METADATA_SIZE):((0x20000 - (CY_FLASH_ROW_SIZE * (CY_APPL_NUM - 0x1))) - CY_METADATA_SIZE)

.cyloadablemeta
 *(.cyloadablemeta)

.cyflashprotect
                0x90400000       0x80
 *(.cyflashprotect)
 .cyflashprotect
                0x90400000       0x80 .\CortexM0\ARM_GCC_493\Debug\cymetadata.o
                0x90400000                cy_meta_flashprotect

.cymeta         0x90500000        0xc
 *(.cymeta)
 .cymeta        0x90500000        0xc .\CortexM0\ARM_GCC_493\Debug\cymetadata.o
                0x90500000                cy_metadata

.cychipprotect  0x90600000        0x4
 *(.cychipprotect)
 .cychipprotect
                0x90600000        0x4 .\CortexM0\ARM_GCC_493\Debug\cymetadata.o
                0x90600000                cy_meta_chipprotect

.rel.dyn        0x000027e0        0x0 load address 0x90600004
 .rel.iplt      0x00000000        0x0 c:/program files (x86)/cypress/psoc creator/3.3/psoc creator/import/gnu/arm/4.9.3/bin/../lib/gcc/arm-none-eabi/4.9.3/armv6-m/crtbegin.o

.stab
 *(.stab)

.stabstr
 *(.stabstr)

.debug
 *(.debug)

.line
 *(.line)

.debug_srcinfo
 *(.debug_srcinfo)

.debug_sfnames
 *(.debug_sfnames)

.debug_aranges  0x00000000      0xa30
 *(.debug_aranges)
 .debug_aranges
                0x00000000       0x50 .\CortexM0\ARM_GCC_493\Debug\main.o
 .debug_aranges
                0x00000050       0x18 .\CortexM0\ARM_GCC_493\Debug\cymetadata.o
 .debug_aranges
                0x00000068       0x48 .\CortexM0\ARM_GCC_493\Debug\Cm0Start.o
 .debug_aranges
                0x000000b0       0x40 .\CortexM0\ARM_GCC_493\Debug\mavg_filter_lavpas_filter.a(cyfitter_cfg.o)
 .debug_aranges
                0x000000f0       0x80 .\CortexM0\ARM_GCC_493\Debug\mavg_filter_lavpas_filter.a(UART_RX_ISR.o)
 .debug_aranges
                0x00000170       0x58 .\CortexM0\ARM_GCC_493\Debug\mavg_filter_lavpas_filter.a(UART.o)
 .debug_aranges
                0x000001c8       0x60 .\CortexM0\ARM_GCC_493\Debug\mavg_filter_lavpas_filter.a(UART_SPI_UART.o)
 .debug_aranges
                0x00000228       0x88 .\CortexM0\ARM_GCC_493\Debug\mavg_filter_lavpas_filter.a(UART_UART.o)
 .debug_aranges
                0x000002b0       0x80 .\CortexM0\ARM_GCC_493\Debug\mavg_filter_lavpas_filter.a(UART_BLE_RX_ISR.o)
 .debug_aranges
                0x00000330       0x58 .\CortexM0\ARM_GCC_493\Debug\mavg_filter_lavpas_filter.a(UART_BLE.o)
 .debug_aranges
                0x00000388       0x60 .\CortexM0\ARM_GCC_493\Debug\mavg_filter_lavpas_filter.a(UART_BLE_SPI_UART.o)
 .debug_aranges
                0x000003e8       0x88 .\CortexM0\ARM_GCC_493\Debug\mavg_filter_lavpas_filter.a(UART_BLE_UART.o)
 .debug_aranges
                0x00000470      0x158 .\CortexM0\ARM_GCC_493\Debug\mavg_filter_lavpas_filter.a(Timer.o)
 .debug_aranges
                0x000005c8       0x80 .\CortexM0\ARM_GCC_493\Debug\mavg_filter_lavpas_filter.a(Timer_ISR.o)
 .debug_aranges
                0x00000648       0x28 .\CortexM0\ARM_GCC_493\Debug\mavg_filter_lavpas_filter.a(Measure_When_Low.o)
 .debug_aranges
                0x00000670       0x20 .\CortexM0\ARM_GCC_493\Debug\mavg_filter_lavpas_filter.a(CyBootAsmGnu.o)
 .debug_aranges
                0x00000690      0x1b8 .\CortexM0\ARM_GCC_493\Debug\mavg_filter_lavpas_filter.a(CyLib.o)
 .debug_aranges
                0x00000848       0x58 .\CortexM0\ARM_GCC_493\Debug\mavg_filter_lavpas_filter.a(cyPm.o)
 .debug_aranges
                0x000008a0      0x150 .\CortexM0\ARM_GCC_493\Debug\mavg_filter_lavpas_filter.a(CyLFClk.o)
 .debug_aranges
                0x000009f0       0x40 .\CortexM0\ARM_GCC_493\Debug\mavg_filter_lavpas_filter.a(CyFlash.o)

.debug_pubnames
 *(.debug_pubnames)

.debug_info     0x00000000     0x517b
 *(.debug_info .gnu.linkonce.wi.*)
 .debug_info    0x00000000      0x5f0 .\CortexM0\ARM_GCC_493\Debug\main.o
 .debug_info    0x000005f0       0xfe .\CortexM0\ARM_GCC_493\Debug\cymetadata.o
 .debug_info    0x000006ee      0x38e .\CortexM0\ARM_GCC_493\Debug\Cm0Start.o
 .debug_info    0x00000a7c      0x3d8 .\CortexM0\ARM_GCC_493\Debug\mavg_filter_lavpas_filter.a(cyfitter_cfg.o)
 .debug_info    0x00000e54      0x300 .\CortexM0\ARM_GCC_493\Debug\mavg_filter_lavpas_filter.a(UART_RX_ISR.o)
 .debug_info    0x00001154      0x20a .\CortexM0\ARM_GCC_493\Debug\mavg_filter_lavpas_filter.a(UART.o)
 .debug_info    0x0000135e      0x217 .\CortexM0\ARM_GCC_493\Debug\mavg_filter_lavpas_filter.a(UART_SPI_UART.o)
 .debug_info    0x00001575      0x352 .\CortexM0\ARM_GCC_493\Debug\mavg_filter_lavpas_filter.a(UART_UART.o)
 .debug_info    0x000018c7      0x300 .\CortexM0\ARM_GCC_493\Debug\mavg_filter_lavpas_filter.a(UART_BLE_RX_ISR.o)
 .debug_info    0x00001bc7      0x20a .\CortexM0\ARM_GCC_493\Debug\mavg_filter_lavpas_filter.a(UART_BLE.o)
 .debug_info    0x00001dd1      0x217 .\CortexM0\ARM_GCC_493\Debug\mavg_filter_lavpas_filter.a(UART_BLE_SPI_UART.o)
 .debug_info    0x00001fe8      0x352 .\CortexM0\ARM_GCC_493\Debug\mavg_filter_lavpas_filter.a(UART_BLE_UART.o)
 .debug_info    0x0000233a      0x8dd .\CortexM0\ARM_GCC_493\Debug\mavg_filter_lavpas_filter.a(Timer.o)
 .debug_info    0x00002c17      0x300 .\CortexM0\ARM_GCC_493\Debug\mavg_filter_lavpas_filter.a(Timer_ISR.o)
 .debug_info    0x00002f17       0xd6 .\CortexM0\ARM_GCC_493\Debug\mavg_filter_lavpas_filter.a(Measure_When_Low.o)
 .debug_info    0x00002fed       0xa2 .\CortexM0\ARM_GCC_493\Debug\mavg_filter_lavpas_filter.a(CyBootAsmGnu.o)
 .debug_info    0x0000308f      0xcf4 .\CortexM0\ARM_GCC_493\Debug\mavg_filter_lavpas_filter.a(CyLib.o)
 .debug_info    0x00003d83      0x2e9 .\CortexM0\ARM_GCC_493\Debug\mavg_filter_lavpas_filter.a(cyPm.o)
 .debug_info    0x0000406c      0xda4 .\CortexM0\ARM_GCC_493\Debug\mavg_filter_lavpas_filter.a(CyLFClk.o)
 .debug_info    0x00004e10      0x36b .\CortexM0\ARM_GCC_493\Debug\mavg_filter_lavpas_filter.a(CyFlash.o)

.debug_abbrev   0x00000000     0x1b6b
 *(.debug_abbrev)
 .debug_abbrev  0x00000000      0x1b0 .\CortexM0\ARM_GCC_493\Debug\main.o
 .debug_abbrev  0x000001b0       0x5d .\CortexM0\ARM_GCC_493\Debug\cymetadata.o
 .debug_abbrev  0x0000020d      0x1d5 .\CortexM0\ARM_GCC_493\Debug\Cm0Start.o
 .debug_abbrev  0x000003e2      0x1eb .\CortexM0\ARM_GCC_493\Debug\mavg_filter_lavpas_filter.a(cyfitter_cfg.o)
 .debug_abbrev  0x000005cd      0x1b4 .\CortexM0\ARM_GCC_493\Debug\mavg_filter_lavpas_filter.a(UART_RX_ISR.o)
 .debug_abbrev  0x00000781       0xd5 .\CortexM0\ARM_GCC_493\Debug\mavg_filter_lavpas_filter.a(UART.o)
 .debug_abbrev  0x00000856      0x169 .\CortexM0\ARM_GCC_493\Debug\mavg_filter_lavpas_filter.a(UART_SPI_UART.o)
 .debug_abbrev  0x000009bf      0x13b .\CortexM0\ARM_GCC_493\Debug\mavg_filter_lavpas_filter.a(UART_UART.o)
 .debug_abbrev  0x00000afa      0x1b4 .\CortexM0\ARM_GCC_493\Debug\mavg_filter_lavpas_filter.a(UART_BLE_RX_ISR.o)
 .debug_abbrev  0x00000cae       0xd5 .\CortexM0\ARM_GCC_493\Debug\mavg_filter_lavpas_filter.a(UART_BLE.o)
 .debug_abbrev  0x00000d83      0x169 .\CortexM0\ARM_GCC_493\Debug\mavg_filter_lavpas_filter.a(UART_BLE_SPI_UART.o)
 .debug_abbrev  0x00000eec      0x13b .\CortexM0\ARM_GCC_493\Debug\mavg_filter_lavpas_filter.a(UART_BLE_UART.o)
 .debug_abbrev  0x00001027      0x133 .\CortexM0\ARM_GCC_493\Debug\mavg_filter_lavpas_filter.a(Timer.o)
 .debug_abbrev  0x0000115a      0x1b4 .\CortexM0\ARM_GCC_493\Debug\mavg_filter_lavpas_filter.a(Timer_ISR.o)
 .debug_abbrev  0x0000130e       0x81 .\CortexM0\ARM_GCC_493\Debug\mavg_filter_lavpas_filter.a(Measure_When_Low.o)
 .debug_abbrev  0x0000138f       0x14 .\CortexM0\ARM_GCC_493\Debug\mavg_filter_lavpas_filter.a(CyBootAsmGnu.o)
 .debug_abbrev  0x000013a3      0x245 .\CortexM0\ARM_GCC_493\Debug\mavg_filter_lavpas_filter.a(CyLib.o)
 .debug_abbrev  0x000015e8      0x155 .\CortexM0\ARM_GCC_493\Debug\mavg_filter_lavpas_filter.a(cyPm.o)
 .debug_abbrev  0x0000173d      0x26d .\CortexM0\ARM_GCC_493\Debug\mavg_filter_lavpas_filter.a(CyLFClk.o)
 .debug_abbrev  0x000019aa      0x1c1 .\CortexM0\ARM_GCC_493\Debug\mavg_filter_lavpas_filter.a(CyFlash.o)

.debug_line     0x00000000     0x23c0
 *(.debug_line)
 .debug_line    0x00000000      0x269 .\CortexM0\ARM_GCC_493\Debug\main.o
 .debug_line    0x00000269       0x53 .\CortexM0\ARM_GCC_493\Debug\cymetadata.o
 .debug_line    0x000002bc      0x249 .\CortexM0\ARM_GCC_493\Debug\Cm0Start.o
 .debug_line    0x00000505      0x17d .\CortexM0\ARM_GCC_493\Debug\mavg_filter_lavpas_filter.a(cyfitter_cfg.o)
 .debug_line    0x00000682      0x170 .\CortexM0\ARM_GCC_493\Debug\mavg_filter_lavpas_filter.a(UART_RX_ISR.o)
 .debug_line    0x000007f2      0x121 .\CortexM0\ARM_GCC_493\Debug\mavg_filter_lavpas_filter.a(UART.o)
 .debug_line    0x00000913      0x133 .\CortexM0\ARM_GCC_493\Debug\mavg_filter_lavpas_filter.a(UART_SPI_UART.o)
 .debug_line    0x00000a46      0x1b6 .\CortexM0\ARM_GCC_493\Debug\mavg_filter_lavpas_filter.a(UART_UART.o)
 .debug_line    0x00000bfc      0x174 .\CortexM0\ARM_GCC_493\Debug\mavg_filter_lavpas_filter.a(UART_BLE_RX_ISR.o)
 .debug_line    0x00000d70      0x129 .\CortexM0\ARM_GCC_493\Debug\mavg_filter_lavpas_filter.a(UART_BLE.o)
 .debug_line    0x00000e99      0x137 .\CortexM0\ARM_GCC_493\Debug\mavg_filter_lavpas_filter.a(UART_BLE_SPI_UART.o)
 .debug_line    0x00000fd0      0x1be .\CortexM0\ARM_GCC_493\Debug\mavg_filter_lavpas_filter.a(UART_BLE_UART.o)
 .debug_line    0x0000118e      0x378 .\CortexM0\ARM_GCC_493\Debug\mavg_filter_lavpas_filter.a(Timer.o)
 .debug_line    0x00001506      0x16e .\CortexM0\ARM_GCC_493\Debug\mavg_filter_lavpas_filter.a(Timer_ISR.o)
 .debug_line    0x00001674       0x7b .\CortexM0\ARM_GCC_493\Debug\mavg_filter_lavpas_filter.a(Measure_When_Low.o)
 .debug_line    0x000016ef       0x68 .\CortexM0\ARM_GCC_493\Debug\mavg_filter_lavpas_filter.a(CyBootAsmGnu.o)
 .debug_line    0x00001757      0x51a .\CortexM0\ARM_GCC_493\Debug\mavg_filter_lavpas_filter.a(CyLib.o)
 .debug_line    0x00001c71      0x143 .\CortexM0\ARM_GCC_493\Debug\mavg_filter_lavpas_filter.a(cyPm.o)
 .debug_line    0x00001db4      0x4c5 .\CortexM0\ARM_GCC_493\Debug\mavg_filter_lavpas_filter.a(CyLFClk.o)
 .debug_line    0x00002279      0x147 .\CortexM0\ARM_GCC_493\Debug\mavg_filter_lavpas_filter.a(CyFlash.o)

.debug_frame    0x00000000     0x1ba8
 *(.debug_frame)
 .debug_frame   0x00000000       0xe4 .\CortexM0\ARM_GCC_493\Debug\main.o
 .debug_frame   0x000000e4       0xb0 .\CortexM0\ARM_GCC_493\Debug\Cm0Start.o
 .debug_frame   0x00000194       0x98 .\CortexM0\ARM_GCC_493\Debug\mavg_filter_lavpas_filter.a(cyfitter_cfg.o)
 .debug_frame   0x0000022c      0x110 .\CortexM0\ARM_GCC_493\Debug\mavg_filter_lavpas_filter.a(UART_RX_ISR.o)
 .debug_frame   0x0000033c       0xd8 .\CortexM0\ARM_GCC_493\Debug\mavg_filter_lavpas_filter.a(UART.o)
 .debug_frame   0x00000414       0xb0 .\CortexM0\ARM_GCC_493\Debug\mavg_filter_lavpas_filter.a(UART_SPI_UART.o)
 .debug_frame   0x000004c4      0x130 .\CortexM0\ARM_GCC_493\Debug\mavg_filter_lavpas_filter.a(UART_UART.o)
 .debug_frame   0x000005f4      0x110 .\CortexM0\ARM_GCC_493\Debug\mavg_filter_lavpas_filter.a(UART_BLE_RX_ISR.o)
 .debug_frame   0x00000704       0xd8 .\CortexM0\ARM_GCC_493\Debug\mavg_filter_lavpas_filter.a(UART_BLE.o)
 .debug_frame   0x000007dc       0xb0 .\CortexM0\ARM_GCC_493\Debug\mavg_filter_lavpas_filter.a(UART_BLE_SPI_UART.o)
 .debug_frame   0x0000088c      0x130 .\CortexM0\ARM_GCC_493\Debug\mavg_filter_lavpas_filter.a(UART_BLE_UART.o)
 .debug_frame   0x000009bc      0x390 .\CortexM0\ARM_GCC_493\Debug\mavg_filter_lavpas_filter.a(Timer.o)
 .debug_frame   0x00000d4c      0x110 .\CortexM0\ARM_GCC_493\Debug\mavg_filter_lavpas_filter.a(Timer_ISR.o)
 .debug_frame   0x00000e5c       0x30 .\CortexM0\ARM_GCC_493\Debug\mavg_filter_lavpas_filter.a(Measure_When_Low.o)
 .debug_frame   0x00000e8c      0x468 .\CortexM0\ARM_GCC_493\Debug\mavg_filter_lavpas_filter.a(CyLib.o)
 .debug_frame   0x000012f4       0xe8 .\CortexM0\ARM_GCC_493\Debug\mavg_filter_lavpas_filter.a(cyPm.o)
 .debug_frame   0x000013dc      0x3fc .\CortexM0\ARM_GCC_493\Debug\mavg_filter_lavpas_filter.a(CyLFClk.o)
 .debug_frame   0x000017d8       0x90 .\CortexM0\ARM_GCC_493\Debug\mavg_filter_lavpas_filter.a(CyFlash.o)
 .debug_frame   0x00001868       0x20 c:/program files (x86)/cypress/psoc creator/3.3/psoc creator/import/gnu/arm/4.9.3/bin/../lib/gcc/arm-none-eabi/4.9.3/armv6-m\libgcc.a(_udivsi3.o)
 .debug_frame   0x00001888       0x2c c:/program files (x86)/cypress/psoc creator/3.3/psoc creator/import/gnu/arm/4.9.3/bin/../lib/gcc/arm-none-eabi/4.9.3/armv6-m\libgcc.a(_fixunsdfsi.o)
 .debug_frame   0x000018b4       0x38 c:/program files (x86)/cypress/psoc creator/3.3/psoc creator/import/gnu/arm/4.9.3/bin/../lib/gcc/arm-none-eabi/4.9.3/armv6-m\libgcc.a(adddf3.o)
 .debug_frame   0x000018ec       0x38 c:/program files (x86)/cypress/psoc creator/3.3/psoc creator/import/gnu/arm/4.9.3/bin/../lib/gcc/arm-none-eabi/4.9.3/armv6-m\libgcc.a(eqdf2.o)
 .debug_frame   0x00001924       0x38 c:/program files (x86)/cypress/psoc creator/3.3/psoc creator/import/gnu/arm/4.9.3/bin/../lib/gcc/arm-none-eabi/4.9.3/armv6-m\libgcc.a(gedf2.o)
 .debug_frame   0x0000195c       0x38 c:/program files (x86)/cypress/psoc creator/3.3/psoc creator/import/gnu/arm/4.9.3/bin/../lib/gcc/arm-none-eabi/4.9.3/armv6-m\libgcc.a(ledf2.o)
 .debug_frame   0x00001994       0x3c c:/program files (x86)/cypress/psoc creator/3.3/psoc creator/import/gnu/arm/4.9.3/bin/../lib/gcc/arm-none-eabi/4.9.3/armv6-m\libgcc.a(muldf3.o)
 .debug_frame   0x000019d0       0x3c c:/program files (x86)/cypress/psoc creator/3.3/psoc creator/import/gnu/arm/4.9.3/bin/../lib/gcc/arm-none-eabi/4.9.3/armv6-m\libgcc.a(subdf3.o)
 .debug_frame   0x00001a0c       0x2c c:/program files (x86)/cypress/psoc creator/3.3/psoc creator/import/gnu/arm/4.9.3/bin/../lib/gcc/arm-none-eabi/4.9.3/armv6-m\libgcc.a(fixdfsi.o)
 .debug_frame   0x00001a38       0x2c c:/program files (x86)/cypress/psoc creator/3.3/psoc creator/import/gnu/arm/4.9.3/bin/../lib/gcc/arm-none-eabi/4.9.3/armv6-m\libgcc.a(floatsidf.o)
 .debug_frame   0x00001a64       0x20 c:/program files (x86)/cypress/psoc creator/3.3/psoc creator/import/gnu/arm/4.9.3/bin/../lib/gcc/arm-none-eabi/4.9.3/../../../../arm-none-eabi/lib/armv6-m\libg_nano.a(lib_a-errno.o)
 .debug_frame   0x00001a84       0x28 c:/program files (x86)/cypress/psoc creator/3.3/psoc creator/import/gnu/arm/4.9.3/bin/../lib/gcc/arm-none-eabi/4.9.3/../../../../arm-none-eabi/lib/armv6-m\libg_nano.a(lib_a-exit.o)
 .debug_frame   0x00001aac       0x2c c:/program files (x86)/cypress/psoc creator/3.3/psoc creator/import/gnu/arm/4.9.3/bin/../lib/gcc/arm-none-eabi/4.9.3/../../../../arm-none-eabi/lib/armv6-m\libg_nano.a(lib_a-init.o)
 .debug_frame   0x00001ad8       0x40 c:/program files (x86)/cypress/psoc creator/3.3/psoc creator/import/gnu/arm/4.9.3/bin/../lib/gcc/arm-none-eabi/4.9.3/../../../../arm-none-eabi/lib/armv6-m\libg_nano.a(lib_a-itoa.o)
 .debug_frame   0x00001b18       0x28 c:/program files (x86)/cypress/psoc creator/3.3/psoc creator/import/gnu/arm/4.9.3/bin/../lib/gcc/arm-none-eabi/4.9.3/../../../../arm-none-eabi/lib/armv6-m\libg_nano.a(lib_a-memcpy.o)
 .debug_frame   0x00001b40       0x20 c:/program files (x86)/cypress/psoc creator/3.3/psoc creator/import/gnu/arm/4.9.3/bin/../lib/gcc/arm-none-eabi/4.9.3/../../../../arm-none-eabi/lib/armv6-m\libg_nano.a(lib_a-memset.o)
 .debug_frame   0x00001b60       0x48 c:/program files (x86)/cypress/psoc creator/3.3/psoc creator/import/gnu/arm/4.9.3/bin/../lib/gcc/arm-none-eabi/4.9.3/../../../../arm-none-eabi/lib/armv6-m\libg_nano.a(lib_a-utoa.o)

.debug_str      0x00000000     0x20bc
 *(.debug_str)
 .debug_str     0x00000000      0x38e .\CortexM0\ARM_GCC_493\Debug\main.o
                                0x3eb (size before relaxing)
 .debug_str     0x0000038e       0x5b .\CortexM0\ARM_GCC_493\Debug\cymetadata.o
                                0x1e0 (size before relaxing)
 .debug_str     0x000003e9      0x149 .\CortexM0\ARM_GCC_493\Debug\Cm0Start.o
                                0x307 (size before relaxing)
 .debug_str     0x00000532      0x106 .\CortexM0\ARM_GCC_493\Debug\mavg_filter_lavpas_filter.a(cyfitter_cfg.o)
                                0x2e9 (size before relaxing)
 .debug_str     0x00000638      0x17c .\CortexM0\ARM_GCC_493\Debug\mavg_filter_lavpas_filter.a(UART_RX_ISR.o)
                                0x344 (size before relaxing)
 .debug_str     0x000007b4       0xe9 .\CortexM0\ARM_GCC_493\Debug\mavg_filter_lavpas_filter.a(UART.o)
                                0x286 (size before relaxing)
 .debug_str     0x0000089d      0x11f .\CortexM0\ARM_GCC_493\Debug\mavg_filter_lavpas_filter.a(UART_SPI_UART.o)
                                0x2d4 (size before relaxing)
 .debug_str     0x000009bc      0x14a .\CortexM0\ARM_GCC_493\Debug\mavg_filter_lavpas_filter.a(UART_UART.o)
                                0x37d (size before relaxing)
 .debug_str     0x00000b06      0x15c .\CortexM0\ARM_GCC_493\Debug\mavg_filter_lavpas_filter.a(UART_BLE_RX_ISR.o)
                                0x37c (size before relaxing)
 .debug_str     0x00000c62       0xfd .\CortexM0\ARM_GCC_493\Debug\mavg_filter_lavpas_filter.a(UART_BLE.o)
                                0x2ba (size before relaxing)
 .debug_str     0x00000d5f      0x117 .\CortexM0\ARM_GCC_493\Debug\mavg_filter_lavpas_filter.a(UART_BLE_SPI_UART.o)
                                0x2fc (size before relaxing)
 .debug_str     0x00000e76      0x10f .\CortexM0\ARM_GCC_493\Debug\mavg_filter_lavpas_filter.a(UART_BLE_UART.o)
                                0x3c5 (size before relaxing)
 .debug_str     0x00000f85      0x3d4 .\CortexM0\ARM_GCC_493\Debug\mavg_filter_lavpas_filter.a(Timer.o)
                                0x5b7 (size before relaxing)
 .debug_str     0x00001359       0xfd .\CortexM0\ARM_GCC_493\Debug\mavg_filter_lavpas_filter.a(Timer_ISR.o)
                                0x328 (size before relaxing)
 .debug_str     0x00001456       0x4a .\CortexM0\ARM_GCC_493\Debug\mavg_filter_lavpas_filter.a(Measure_When_Low.o)
                                0x1e2 (size before relaxing)
 .debug_str     0x000014a0      0x59a .\CortexM0\ARM_GCC_493\Debug\mavg_filter_lavpas_filter.a(CyLib.o)
                                0x7d4 (size before relaxing)
 .debug_str     0x00001a3a       0xd0 .\CortexM0\ARM_GCC_493\Debug\mavg_filter_lavpas_filter.a(cyPm.o)
                                0x2d9 (size before relaxing)
 .debug_str     0x00001b0a      0x500 .\CortexM0\ARM_GCC_493\Debug\mavg_filter_lavpas_filter.a(CyLFClk.o)
                                0x715 (size before relaxing)
 .debug_str     0x0000200a       0xb2 .\CortexM0\ARM_GCC_493\Debug\mavg_filter_lavpas_filter.a(CyFlash.o)
                                0x2b6 (size before relaxing)

.debug_loc      0x00000000     0x221a
 *(.debug_loc)
 .debug_loc     0x00000000       0xc5 .\CortexM0\ARM_GCC_493\Debug\main.o
 .debug_loc     0x000000c5      0x14f .\CortexM0\ARM_GCC_493\Debug\Cm0Start.o
 .debug_loc     0x00000214      0x118 .\CortexM0\ARM_GCC_493\Debug\mavg_filter_lavpas_filter.a(cyfitter_cfg.o)
 .debug_loc     0x0000032c       0x82 .\CortexM0\ARM_GCC_493\Debug\mavg_filter_lavpas_filter.a(UART_RX_ISR.o)
 .debug_loc     0x000003ae       0x7e .\CortexM0\ARM_GCC_493\Debug\mavg_filter_lavpas_filter.a(UART.o)
 .debug_loc     0x0000042c       0x96 .\CortexM0\ARM_GCC_493\Debug\mavg_filter_lavpas_filter.a(UART_SPI_UART.o)
 .debug_loc     0x000004c2      0x1b2 .\CortexM0\ARM_GCC_493\Debug\mavg_filter_lavpas_filter.a(UART_UART.o)
 .debug_loc     0x00000674       0x82 .\CortexM0\ARM_GCC_493\Debug\mavg_filter_lavpas_filter.a(UART_BLE_RX_ISR.o)
 .debug_loc     0x000006f6       0x7e .\CortexM0\ARM_GCC_493\Debug\mavg_filter_lavpas_filter.a(UART_BLE.o)
 .debug_loc     0x00000774       0x96 .\CortexM0\ARM_GCC_493\Debug\mavg_filter_lavpas_filter.a(UART_BLE_SPI_UART.o)
 .debug_loc     0x0000080a      0x1b2 .\CortexM0\ARM_GCC_493\Debug\mavg_filter_lavpas_filter.a(UART_BLE_UART.o)
 .debug_loc     0x000009bc      0x547 .\CortexM0\ARM_GCC_493\Debug\mavg_filter_lavpas_filter.a(Timer.o)
 .debug_loc     0x00000f03       0x82 .\CortexM0\ARM_GCC_493\Debug\mavg_filter_lavpas_filter.a(Timer_ISR.o)
 .debug_loc     0x00000f85      0x7be .\CortexM0\ARM_GCC_493\Debug\mavg_filter_lavpas_filter.a(CyLib.o)
 .debug_loc     0x00001743       0xe1 .\CortexM0\ARM_GCC_493\Debug\mavg_filter_lavpas_filter.a(cyPm.o)
 .debug_loc     0x00001824      0x8af .\CortexM0\ARM_GCC_493\Debug\mavg_filter_lavpas_filter.a(CyLFClk.o)
 .debug_loc     0x000020d3      0x147 .\CortexM0\ARM_GCC_493\Debug\mavg_filter_lavpas_filter.a(CyFlash.o)

.debug_macinfo
 *(.debug_macinfo)

.debug_ranges   0x00000000      0x8d8
 *(.debug_ranges)
 .debug_ranges  0x00000000       0x40 .\CortexM0\ARM_GCC_493\Debug\main.o
 .debug_ranges  0x00000040       0x38 .\CortexM0\ARM_GCC_493\Debug\Cm0Start.o
 .debug_ranges  0x00000078       0x30 .\CortexM0\ARM_GCC_493\Debug\mavg_filter_lavpas_filter.a(cyfitter_cfg.o)
 .debug_ranges  0x000000a8       0x70 .\CortexM0\ARM_GCC_493\Debug\mavg_filter_lavpas_filter.a(UART_RX_ISR.o)
 .debug_ranges  0x00000118       0x48 .\CortexM0\ARM_GCC_493\Debug\mavg_filter_lavpas_filter.a(UART.o)
 .debug_ranges  0x00000160       0x50 .\CortexM0\ARM_GCC_493\Debug\mavg_filter_lavpas_filter.a(UART_SPI_UART.o)
 .debug_ranges  0x000001b0       0x78 .\CortexM0\ARM_GCC_493\Debug\mavg_filter_lavpas_filter.a(UART_UART.o)
 .debug_ranges  0x00000228       0x70 .\CortexM0\ARM_GCC_493\Debug\mavg_filter_lavpas_filter.a(UART_BLE_RX_ISR.o)
 .debug_ranges  0x00000298       0x48 .\CortexM0\ARM_GCC_493\Debug\mavg_filter_lavpas_filter.a(UART_BLE.o)
 .debug_ranges  0x000002e0       0x50 .\CortexM0\ARM_GCC_493\Debug\mavg_filter_lavpas_filter.a(UART_BLE_SPI_UART.o)
 .debug_ranges  0x00000330       0x78 .\CortexM0\ARM_GCC_493\Debug\mavg_filter_lavpas_filter.a(UART_BLE_UART.o)
 .debug_ranges  0x000003a8      0x148 .\CortexM0\ARM_GCC_493\Debug\mavg_filter_lavpas_filter.a(Timer.o)
 .debug_ranges  0x000004f0       0x70 .\CortexM0\ARM_GCC_493\Debug\mavg_filter_lavpas_filter.a(Timer_ISR.o)
 .debug_ranges  0x00000560       0x18 .\CortexM0\ARM_GCC_493\Debug\mavg_filter_lavpas_filter.a(Measure_When_Low.o)
 .debug_ranges  0x00000578      0x1a8 .\CortexM0\ARM_GCC_493\Debug\mavg_filter_lavpas_filter.a(CyLib.o)
 .debug_ranges  0x00000720       0x48 .\CortexM0\ARM_GCC_493\Debug\mavg_filter_lavpas_filter.a(cyPm.o)
 .debug_ranges  0x00000768      0x140 .\CortexM0\ARM_GCC_493\Debug\mavg_filter_lavpas_filter.a(CyLFClk.o)
 .debug_ranges  0x000008a8       0x30 .\CortexM0\ARM_GCC_493\Debug\mavg_filter_lavpas_filter.a(CyFlash.o)

.comment        0x00000000       0x70
 .comment       0x00000000       0x70 .\CortexM0\ARM_GCC_493\Debug\main.o
                                 0x71 (size before relaxing)
 .comment       0x00000000       0x71 .\CortexM0\ARM_GCC_493\Debug\cymetadata.o
 .comment       0x00000000       0x71 .\CortexM0\ARM_GCC_493\Debug\Cm0Start.o
 .comment       0x00000000       0x71 .\CortexM0\ARM_GCC_493\Debug\mavg_filter_lavpas_filter.a(cyfitter_cfg.o)
 .comment       0x00000000       0x71 .\CortexM0\ARM_GCC_493\Debug\mavg_filter_lavpas_filter.a(UART_RX_ISR.o)
 .comment       0x00000000       0x71 .\CortexM0\ARM_GCC_493\Debug\mavg_filter_lavpas_filter.a(UART.o)
 .comment       0x00000000       0x71 .\CortexM0\ARM_GCC_493\Debug\mavg_filter_lavpas_filter.a(UART_SPI_UART.o)
 .comment       0x00000000       0x71 .\CortexM0\ARM_GCC_493\Debug\mavg_filter_lavpas_filter.a(UART_UART.o)
 .comment       0x00000000       0x71 .\CortexM0\ARM_GCC_493\Debug\mavg_filter_lavpas_filter.a(UART_BLE_RX_ISR.o)
 .comment       0x00000000       0x71 .\CortexM0\ARM_GCC_493\Debug\mavg_filter_lavpas_filter.a(UART_BLE.o)
 .comment       0x00000000       0x71 .\CortexM0\ARM_GCC_493\Debug\mavg_filter_lavpas_filter.a(UART_BLE_SPI_UART.o)
 .comment       0x00000000       0x71 .\CortexM0\ARM_GCC_493\Debug\mavg_filter_lavpas_filter.a(UART_BLE_UART.o)
 .comment       0x00000000       0x71 .\CortexM0\ARM_GCC_493\Debug\mavg_filter_lavpas_filter.a(Timer.o)
 .comment       0x00000000       0x71 .\CortexM0\ARM_GCC_493\Debug\mavg_filter_lavpas_filter.a(Timer_ISR.o)
 .comment       0x00000000       0x71 .\CortexM0\ARM_GCC_493\Debug\mavg_filter_lavpas_filter.a(Measure_When_Low.o)
 .comment       0x00000000       0x71 .\CortexM0\ARM_GCC_493\Debug\mavg_filter_lavpas_filter.a(CyLib.o)
 .comment       0x00000000       0x71 .\CortexM0\ARM_GCC_493\Debug\mavg_filter_lavpas_filter.a(cyPm.o)
 .comment       0x00000000       0x71 .\CortexM0\ARM_GCC_493\Debug\mavg_filter_lavpas_filter.a(CyLFClk.o)
 .comment       0x00000000       0x71 .\CortexM0\ARM_GCC_493\Debug\mavg_filter_lavpas_filter.a(CyFlash.o)

.debug_weaknames
 *(.debug_weaknames)

.debug_funcnames
 *(.debug_funcnames)

.debug_typenames
 *(.debug_typenames)

.debug_varnames
 *(.debug_varnames)

.note.gnu.arm.ident
 *(.note.gnu.arm.ident)

.ARM.attributes
                0x00000000       0x28
 *(.ARM.attributes)
 .ARM.attributes
                0x00000000       0x1e c:/program files (x86)/cypress/psoc creator/3.3/psoc creator/import/gnu/arm/4.9.3/bin/../lib/gcc/arm-none-eabi/4.9.3/armv6-m/crti.o
 .ARM.attributes
                0x0000001e       0x2c c:/program files (x86)/cypress/psoc creator/3.3/psoc creator/import/gnu/arm/4.9.3/bin/../lib/gcc/arm-none-eabi/4.9.3/armv6-m/crtbegin.o
 .ARM.attributes
                0x0000004a       0x1b c:/program files (x86)/cypress/psoc creator/3.3/psoc creator/import/gnu/arm/4.9.3/bin/../lib/gcc/arm-none-eabi/4.9.3/../../../../arm-none-eabi/lib/armv6-m/crt0.o
 .ARM.attributes
                0x00000065       0x31 .\CortexM0\ARM_GCC_493\Debug\main.o
 .ARM.attributes
                0x00000096       0x31 .\CortexM0\ARM_GCC_493\Debug\cymetadata.o
 .ARM.attributes
                0x000000c7       0x31 .\CortexM0\ARM_GCC_493\Debug\Cm0Start.o
 .ARM.attributes
                0x000000f8       0x31 .\CortexM0\ARM_GCC_493\Debug\mavg_filter_lavpas_filter.a(cyfitter_cfg.o)
 .ARM.attributes
                0x00000129       0x31 .\CortexM0\ARM_GCC_493\Debug\mavg_filter_lavpas_filter.a(UART_RX_ISR.o)
 .ARM.attributes
                0x0000015a       0x31 .\CortexM0\ARM_GCC_493\Debug\mavg_filter_lavpas_filter.a(UART.o)
 .ARM.attributes
                0x0000018b       0x31 .\CortexM0\ARM_GCC_493\Debug\mavg_filter_lavpas_filter.a(UART_SPI_UART.o)
 .ARM.attributes
                0x000001bc       0x31 .\CortexM0\ARM_GCC_493\Debug\mavg_filter_lavpas_filter.a(UART_UART.o)
 .ARM.attributes
                0x000001ed       0x31 .\CortexM0\ARM_GCC_493\Debug\mavg_filter_lavpas_filter.a(UART_BLE_RX_ISR.o)
 .ARM.attributes
                0x0000021e       0x31 .\CortexM0\ARM_GCC_493\Debug\mavg_filter_lavpas_filter.a(UART_BLE.o)
 .ARM.attributes
                0x0000024f       0x31 .\CortexM0\ARM_GCC_493\Debug\mavg_filter_lavpas_filter.a(UART_BLE_SPI_UART.o)
 .ARM.attributes
                0x00000280       0x31 .\CortexM0\ARM_GCC_493\Debug\mavg_filter_lavpas_filter.a(UART_BLE_UART.o)
 .ARM.attributes
                0x000002b1       0x31 .\CortexM0\ARM_GCC_493\Debug\mavg_filter_lavpas_filter.a(Timer.o)
 .ARM.attributes
                0x000002e2       0x31 .\CortexM0\ARM_GCC_493\Debug\mavg_filter_lavpas_filter.a(Timer_ISR.o)
 .ARM.attributes
                0x00000313       0x31 .\CortexM0\ARM_GCC_493\Debug\mavg_filter_lavpas_filter.a(Measure_When_Low.o)
 .ARM.attributes
                0x00000344       0x21 .\CortexM0\ARM_GCC_493\Debug\mavg_filter_lavpas_filter.a(CyBootAsmGnu.o)
 .ARM.attributes
                0x00000365       0x31 .\CortexM0\ARM_GCC_493\Debug\mavg_filter_lavpas_filter.a(CyLib.o)
 .ARM.attributes
                0x00000396       0x31 .\CortexM0\ARM_GCC_493\Debug\mavg_filter_lavpas_filter.a(cyPm.o)
 .ARM.attributes
                0x000003c7       0x31 .\CortexM0\ARM_GCC_493\Debug\mavg_filter_lavpas_filter.a(CyLFClk.o)
 .ARM.attributes
                0x000003f8       0x31 .\CortexM0\ARM_GCC_493\Debug\mavg_filter_lavpas_filter.a(CyFlash.o)
 .ARM.attributes
                0x00000429       0x1e c:/program files (x86)/cypress/psoc creator/3.3/psoc creator/import/gnu/arm/4.9.3/bin/../lib/gcc/arm-none-eabi/4.9.3/armv6-m\libgcc.a(_udivsi3.o)
 .ARM.attributes
                0x00000447       0x1e c:/program files (x86)/cypress/psoc creator/3.3/psoc creator/import/gnu/arm/4.9.3/bin/../lib/gcc/arm-none-eabi/4.9.3/armv6-m\libgcc.a(_dvmd_tls.o)
 .ARM.attributes
                0x00000465       0x1e c:/program files (x86)/cypress/psoc creator/3.3/psoc creator/import/gnu/arm/4.9.3/bin/../lib/gcc/arm-none-eabi/4.9.3/armv6-m\libgcc.a(_arm_cmpdf2.o)
 .ARM.attributes
                0x00000483       0x2c c:/program files (x86)/cypress/psoc creator/3.3/psoc creator/import/gnu/arm/4.9.3/bin/../lib/gcc/arm-none-eabi/4.9.3/armv6-m\libgcc.a(_fixunsdfsi.o)
 .ARM.attributes
                0x000004af       0x2c c:/program files (x86)/cypress/psoc creator/3.3/psoc creator/import/gnu/arm/4.9.3/bin/../lib/gcc/arm-none-eabi/4.9.3/armv6-m\libgcc.a(adddf3.o)
 .ARM.attributes
                0x000004db       0x2c c:/program files (x86)/cypress/psoc creator/3.3/psoc creator/import/gnu/arm/4.9.3/bin/../lib/gcc/arm-none-eabi/4.9.3/armv6-m\libgcc.a(eqdf2.o)
 .ARM.attributes
                0x00000507       0x2c c:/program files (x86)/cypress/psoc creator/3.3/psoc creator/import/gnu/arm/4.9.3/bin/../lib/gcc/arm-none-eabi/4.9.3/armv6-m\libgcc.a(gedf2.o)
 .ARM.attributes
                0x00000533       0x2c c:/program files (x86)/cypress/psoc creator/3.3/psoc creator/import/gnu/arm/4.9.3/bin/../lib/gcc/arm-none-eabi/4.9.3/armv6-m\libgcc.a(ledf2.o)
 .ARM.attributes
                0x0000055f       0x2c c:/program files (x86)/cypress/psoc creator/3.3/psoc creator/import/gnu/arm/4.9.3/bin/../lib/gcc/arm-none-eabi/4.9.3/armv6-m\libgcc.a(muldf3.o)
 .ARM.attributes
                0x0000058b       0x2c c:/program files (x86)/cypress/psoc creator/3.3/psoc creator/import/gnu/arm/4.9.3/bin/../lib/gcc/arm-none-eabi/4.9.3/armv6-m\libgcc.a(subdf3.o)
 .ARM.attributes
                0x000005b7       0x2c c:/program files (x86)/cypress/psoc creator/3.3/psoc creator/import/gnu/arm/4.9.3/bin/../lib/gcc/arm-none-eabi/4.9.3/armv6-m\libgcc.a(fixdfsi.o)
 .ARM.attributes
                0x000005e3       0x2c c:/program files (x86)/cypress/psoc creator/3.3/psoc creator/import/gnu/arm/4.9.3/bin/../lib/gcc/arm-none-eabi/4.9.3/armv6-m\libgcc.a(floatsidf.o)
 .ARM.attributes
                0x0000060f       0x1e c:/program files (x86)/cypress/psoc creator/3.3/psoc creator/import/gnu/arm/4.9.3/bin/../lib/gcc/arm-none-eabi/4.9.3/armv6-m\libgcc.a(_clzsi2.o)
 .ARM.attributes
                0x0000062d       0x2c c:/program files (x86)/cypress/psoc creator/3.3/psoc creator/import/gnu/arm/4.9.3/bin/../lib/gcc/arm-none-eabi/4.9.3/../../../../arm-none-eabi/lib/armv6-m\libg_nano.a(lib_a-errno.o)
 .ARM.attributes
                0x00000659       0x2c c:/program files (x86)/cypress/psoc creator/3.3/psoc creator/import/gnu/arm/4.9.3/bin/../lib/gcc/arm-none-eabi/4.9.3/../../../../arm-none-eabi/lib/armv6-m\libg_nano.a(lib_a-exit.o)
 .ARM.attributes
                0x00000685       0x2c c:/program files (x86)/cypress/psoc creator/3.3/psoc creator/import/gnu/arm/4.9.3/bin/../lib/gcc/arm-none-eabi/4.9.3/../../../../arm-none-eabi/lib/armv6-m\libg_nano.a(lib_a-impure.o)
 .ARM.attributes
                0x000006b1       0x2c c:/program files (x86)/cypress/psoc creator/3.3/psoc creator/import/gnu/arm/4.9.3/bin/../lib/gcc/arm-none-eabi/4.9.3/../../../../arm-none-eabi/lib/armv6-m\libg_nano.a(lib_a-init.o)
 .ARM.attributes
                0x000006dd       0x2c c:/program files (x86)/cypress/psoc creator/3.3/psoc creator/import/gnu/arm/4.9.3/bin/../lib/gcc/arm-none-eabi/4.9.3/../../../../arm-none-eabi/lib/armv6-m\libg_nano.a(lib_a-itoa.o)
 .ARM.attributes
                0x00000709       0x2c c:/program files (x86)/cypress/psoc creator/3.3/psoc creator/import/gnu/arm/4.9.3/bin/../lib/gcc/arm-none-eabi/4.9.3/../../../../arm-none-eabi/lib/armv6-m\libg_nano.a(lib_a-memcpy.o)
 .ARM.attributes
                0x00000735       0x2c c:/program files (x86)/cypress/psoc creator/3.3/psoc creator/import/gnu/arm/4.9.3/bin/../lib/gcc/arm-none-eabi/4.9.3/../../../../arm-none-eabi/lib/armv6-m\libg_nano.a(lib_a-memset.o)
 .ARM.attributes
                0x00000761       0x2c c:/program files (x86)/cypress/psoc creator/3.3/psoc creator/import/gnu/arm/4.9.3/bin/../lib/gcc/arm-none-eabi/4.9.3/../../../../arm-none-eabi/lib/armv6-m\libg_nano.a(lib_a-utoa.o)
 .ARM.attributes
                0x0000078d       0x2c c:/program files (x86)/cypress/psoc creator/3.3/psoc creator/import/gnu/arm/4.9.3/bin/../lib/gcc/arm-none-eabi/4.9.3/armv6-m/crtend.o
 .ARM.attributes
                0x000007b9       0x1e c:/program files (x86)/cypress/psoc creator/3.3/psoc creator/import/gnu/arm/4.9.3/bin/../lib/gcc/arm-none-eabi/4.9.3/armv6-m/crtn.o

/DISCARD/
 *(.note.GNU-stack)
OUTPUT(.\CortexM0\ARM_GCC_493\Debug\mavg_filter_lavpas_filter.elf elf32-littlearm)
